Component: ARM Compiler 5.06 update 7 (build 960) Tool: armlink [4d3601]

==============================================================================

Section Cross References

    startup_stm32f407xx.o(STACK) refers (Special) to heapauxi.o(.text) for __use_two_region_memory
    startup_stm32f407xx.o(HEAP) refers (Special) to heapauxi.o(.text) for __use_two_region_memory
    startup_stm32f407xx.o(RESET) refers (Special) to heapauxi.o(.text) for __use_two_region_memory
    startup_stm32f407xx.o(RESET) refers to startup_stm32f407xx.o(STACK) for __initial_sp
    startup_stm32f407xx.o(RESET) refers to startup_stm32f407xx.o(.text) for Reset_Handler
    startup_stm32f407xx.o(RESET) refers to stm32f4xx_it.o(i.NMI_Handler) for NMI_Handler
    startup_stm32f407xx.o(RESET) refers to stm32f4xx_it.o(i.HardFault_Handler) for HardFault_Handler
    startup_stm32f407xx.o(RESET) refers to stm32f4xx_it.o(i.MemManage_Handler) for MemManage_Handler
    startup_stm32f407xx.o(RESET) refers to stm32f4xx_it.o(i.BusFault_Handler) for BusFault_Handler
    startup_stm32f407xx.o(RESET) refers to stm32f4xx_it.o(i.UsageFault_Handler) for UsageFault_Handler
    startup_stm32f407xx.o(RESET) refers to port.o(.emb_text) for SVC_Handler
    startup_stm32f407xx.o(RESET) refers to stm32f4xx_it.o(i.DebugMon_Handler) for DebugMon_Handler
    startup_stm32f407xx.o(RESET) refers to port.o(i.SysTick_Handler) for SysTick_Handler
    startup_stm32f407xx.o(RESET) refers to stm32f4xx_it.o(i.DMA1_Stream0_IRQHandler) for DMA1_Stream0_IRQHandler
    startup_stm32f407xx.o(RESET) refers to stm32f4xx_it.o(i.DMA1_Stream1_IRQHandler) for DMA1_Stream1_IRQHandler
    startup_stm32f407xx.o(RESET) refers to stm32f4xx_it.o(i.DMA1_Stream2_IRQHandler) for DMA1_Stream2_IRQHandler
    startup_stm32f407xx.o(RESET) refers to stm32f4xx_it.o(i.DMA1_Stream3_IRQHandler) for DMA1_Stream3_IRQHandler
    startup_stm32f407xx.o(RESET) refers to stm32f4xx_it.o(i.DMA1_Stream4_IRQHandler) for DMA1_Stream4_IRQHandler
    startup_stm32f407xx.o(RESET) refers to stm32f4xx_it.o(i.DMA1_Stream5_IRQHandler) for DMA1_Stream5_IRQHandler
    startup_stm32f407xx.o(RESET) refers to stm32f4xx_it.o(i.DMA1_Stream6_IRQHandler) for DMA1_Stream6_IRQHandler
    startup_stm32f407xx.o(RESET) refers to stm32f4xx_it.o(i.CAN1_RX0_IRQHandler) for CAN1_RX0_IRQHandler
    startup_stm32f407xx.o(RESET) refers to stm32f4xx_it.o(i.CAN1_RX1_IRQHandler) for CAN1_RX1_IRQHandler
    startup_stm32f407xx.o(RESET) refers to stm32f4xx_it.o(i.TIM2_IRQHandler) for TIM2_IRQHandler
    startup_stm32f407xx.o(RESET) refers to stm32f4xx_it.o(i.TIM3_IRQHandler) for TIM3_IRQHandler
    startup_stm32f407xx.o(RESET) refers to stm32f4xx_it.o(i.TIM4_IRQHandler) for TIM4_IRQHandler
    startup_stm32f407xx.o(RESET) refers to stm32f4xx_it.o(i.USART1_IRQHandler) for USART1_IRQHandler
    startup_stm32f407xx.o(RESET) refers to stm32f4xx_it.o(i.USART2_IRQHandler) for USART2_IRQHandler
    startup_stm32f407xx.o(RESET) refers to stm32f4xx_it.o(i.USART3_IRQHandler) for USART3_IRQHandler
    startup_stm32f407xx.o(RESET) refers to stm32f4xx_it.o(i.DMA1_Stream7_IRQHandler) for DMA1_Stream7_IRQHandler
    startup_stm32f407xx.o(RESET) refers to stm32f4xx_it.o(i.UART4_IRQHandler) for UART4_IRQHandler
    startup_stm32f407xx.o(RESET) refers to stm32f4xx_it.o(i.UART5_IRQHandler) for UART5_IRQHandler
    startup_stm32f407xx.o(RESET) refers to stm32f4xx_it.o(i.DMA2_Stream1_IRQHandler) for DMA2_Stream1_IRQHandler
    startup_stm32f407xx.o(RESET) refers to stm32f4xx_it.o(i.DMA2_Stream2_IRQHandler) for DMA2_Stream2_IRQHandler
    startup_stm32f407xx.o(RESET) refers to stm32f4xx_it.o(i.CAN2_RX0_IRQHandler) for CAN2_RX0_IRQHandler
    startup_stm32f407xx.o(RESET) refers to stm32f4xx_it.o(i.CAN2_RX1_IRQHandler) for CAN2_RX1_IRQHandler
    startup_stm32f407xx.o(RESET) refers to stm32f4xx_it.o(i.DMA2_Stream6_IRQHandler) for DMA2_Stream6_IRQHandler
    startup_stm32f407xx.o(RESET) refers to stm32f4xx_it.o(i.DMA2_Stream7_IRQHandler) for DMA2_Stream7_IRQHandler
    startup_stm32f407xx.o(RESET) refers to stm32f4xx_it.o(i.USART6_IRQHandler) for USART6_IRQHandler
    startup_stm32f407xx.o(.text) refers (Special) to heapauxi.o(.text) for __use_two_region_memory
    startup_stm32f407xx.o(.text) refers to system_stm32f4xx.o(i.SystemInit) for SystemInit
    startup_stm32f407xx.o(.text) refers to __main.o(!!!main) for __main
    startup_stm32f407xx.o(.text) refers to startup_stm32f407xx.o(HEAP) for Heap_Mem
    startup_stm32f407xx.o(.text) refers to startup_stm32f407xx.o(STACK) for Stack_Mem
    m3508.o(i.CAN1_SetMotor_0_3) refers to stm32f4xx_hal_can.o(i.HAL_CAN_AddTxMessage) for HAL_CAN_AddTxMessage
    m3508.o(i.CAN1_SetMotor_0_3) refers to can.o(.bss) for hcan1
    m3508.o(i.CAN1_SetMotor_4_7) refers to stm32f4xx_hal_can.o(i.HAL_CAN_AddTxMessage) for HAL_CAN_AddTxMessage
    m3508.o(i.CAN1_SetMotor_4_7) refers to can.o(.bss) for hcan1
[...]
    vListInsert                              0x0800bed1   Thumb Code    52  list.o(i.vListInsert)
    vListInsertEnd                           0x0800bf05   Thumb Code    24  list.o(i.vListInsertEnd)
    vPortEnterCritical                       0x0800bf1d   Thumb Code    76  port.o(i.vPortEnterCritical)
    vPortExitCritical                        0x0800bf71   Thumb Code    56  port.o(i.vPortExitCritical)
    vPortFree                                0x0800bfad   Thumb Code   150  heap_4.o(i.vPortFree)
    vPortSetupTimerInterrupt                 0x0800c051   Thumb Code    36  port.o(i.vPortSetupTimerInterrupt)
    vTaskDelay                               0x0800c079   Thumb Code    82  tasks.o(i.vTaskDelay)
    vTaskInternalSetTimeOutState             0x0800c0d5   Thumb Code    14  tasks.o(i.vTaskInternalSetTimeOutState)
    vTaskMissedYield                         0x0800c0ed   Thumb Code     8  tasks.o(i.vTaskMissedYield)
    vTaskPlaceOnEventList                    0x0800c0f9   Thumb Code    52  tasks.o(i.vTaskPlaceOnEventList)
    vTaskStartScheduler                      0x0800c131   Thumb Code   146  tasks.o(i.vTaskStartScheduler)
    vTaskSuspendAll                          0x0800c1e1   Thumb Code    12  tasks.o(i.vTaskSuspendAll)
    vTaskSwitchContext                       0x0800c1f1   Thumb Code   118  tasks.o(i.vTaskSwitchContext)
    xPortStartScheduler                      0x0800c27d   Thumb Code   330  port.o(i.xPortStartScheduler)
    xQueueGenericCreate                      0x0800c3e5   Thumb Code    90  queue.o(i.xQueueGenericCreate)
    xQueueGenericCreateStatic                0x0800c43f   Thumb Code   224  queue.o(i.xQueueGenericCreateStatic)
    xQueueGenericReset                       0x0800c521   Thumb Code   146  queue.o(i.xQueueGenericReset)
    xQueueGenericSend                        0x0800c5b9   Thumb Code   420  queue.o(i.xQueueGenericSend)
    xTaskCheckForTimeOut                     0x0800c761   Thumb Code   132  tasks.o(i.xTaskCheckForTimeOut)
    xTaskCreate                              0x0800c7ed   Thumb Code   100  tasks.o(i.xTaskCreate)
    xTaskCreateStatic                        0x0800c851   Thumb Code   186  tasks.o(i.xTaskCreateStatic)
    xTaskGetSchedulerState                   0x0800c90d   Thumb Code    24  tasks.o(i.xTaskGetSchedulerState)
    xTaskIncrementTick                       0x0800c92d   Thumb Code   282  tasks.o(i.xTaskIncrementTick)
    xTaskPriorityDisinherit                  0x0800ca75   Thumb Code   188  tasks.o(i.xTaskPriorityDisinherit)
    xTaskRemoveFromEventList                 0x0800cb3d   Thumb Code   128  tasks.o(i.xTaskRemoveFromEventList)
    xTaskResumeAll                           0x0800cbd5   Thumb Code   224  tasks.o(i.xTaskResumeAll)
    xiaodou                                  0x0800ccd9   Thumb Code    74  handkey.o(i.xiaodou)
    yuntai_control                           0x0800cd25   Thumb Code  1486  yuntai.o(i.yuntai_control)
    yuntai_init                              0x0800d325   Thumb Code   100  yuntai.o(i.yuntai_init)
    yuntai_manual                            0x0800d3b9   Thumb Code     8  yuntai.o(i.yuntai_manual)
    yuntai_path                              0x0800d3c5   Thumb Code   178  yuntai.o(i.yuntai_path)
    yuntai_set_target_pitch                  0x0800d47d   Thumb Code    14  yuntai.o(i.yuntai_set_target_pitch)
    yuntai_set_target_yaw                    0x0800d495   Thumb Code    14  yuntai.o(i.yuntai_set_target_yaw)
    yuntai_shoot_select                      0x0800d4ad   Thumb Code   124  yuntai.o(i.yuntai_shoot_select)
    yuntai_start_path                        0x0800d535   Thumb Code   108  yuntai.o(i.yuntai_start_path)
    zero_reset                               0x0800d5ad   Thumb Code    32  handkey.o(i.zero_reset)
    __aeabi_dneg                             0x0800d5d9   Thumb Code     0  basic.o(x$fpl$basic)
    _dneg                                    0x0800d5d9   Thumb Code     6  basic.o(x$fpl$basic)
    __aeabi_fneg                             0x0800d5df   Thumb Code     0  basic.o(x$fpl$basic)
    _fneg                                    0x0800d5df   Thumb Code     6  basic.o(x$fpl$basic)
    _dabs                                    0x0800d5e5   Thumb Code     6  basic.o(x$fpl$basic)
    _fabs                                    0x0800d5eb   Thumb Code     6  basic.o(x$fpl$basic)
    __aeabi_d2f                              0x0800d5f1   Thumb Code     0  d2f.o(x$fpl$d2f)
    _d2f                                     0x0800d5f1   Thumb Code    98  d2f.o(x$fpl$d2f)
    __aeabi_dadd                             0x0800d655   Thumb Code     0  daddsub_clz.o(x$fpl$dadd)
    _dadd                                    0x0800d655   Thumb Code   332  daddsub_clz.o(x$fpl$dadd)
    __fpl_dcmp_Inf                           0x0800d7a5   Thumb Code    24  dcmpi.o(x$fpl$dcmpinf)
    __aeabi_ddiv                             0x0800d7bd   Thumb Code     0  ddiv.o(x$fpl$ddiv)
    _ddiv                                    0x0800d7bd   Thumb Code   552  ddiv.o(x$fpl$ddiv)
    __aeabi_d2iz                             0x0800da6d   Thumb Code     0  dfix.o(x$fpl$dfix)
    _dfix                                    0x0800da6d   Thumb Code    94  dfix.o(x$fpl$dfix)
    __aeabi_i2d                              0x0800dacb   Thumb Code     0  dflt_clz.o(x$fpl$dflt)
    _dflt                                    0x0800dacb   Thumb Code    46  dflt_clz.o(x$fpl$dflt)
    __aeabi_ui2d                             0x0800daf9   Thumb Code     0  dflt_clz.o(x$fpl$dfltu)
    _dfltu                                   0x0800daf9   Thumb Code    38  dflt_clz.o(x$fpl$dfltu)
    __aeabi_cdcmple                          0x0800db21   Thumb Code     0  dleqf.o(x$fpl$dleqf)
    _dcmple                                  0x0800db21   Thumb Code   120  dleqf.o(x$fpl$dleqf)
    __fpl_dcmple_InfNaN                      0x0800db83   Thumb Code     0  dleqf.o(x$fpl$dleqf)
    __aeabi_dmul                             0x0800db99   Thumb Code     0  dmul.o(x$fpl$dmul)
    _dmul                                    0x0800db99   Thumb Code   332  dmul.o(x$fpl$dmul)
    __fpl_dnaninf                            0x0800dced   Thumb Code   156  dnaninf.o(x$fpl$dnaninf)
    __fpl_dretinf                            0x0800dd89   Thumb Code    12  dretinf.o(x$fpl$dretinf)
    __aeabi_cdrcmple                         0x0800dd95   Thumb Code     0  drleqf.o(x$fpl$drleqf)
    _drcmple                                 0x0800dd95   Thumb Code   108  drleqf.o(x$fpl$drleqf)
    __aeabi_drsub                            0x0800de01   Thumb Code     0  daddsub_clz.o(x$fpl$drsb)
    _drsb                                    0x0800de01   Thumb Code    22  daddsub_clz.o(x$fpl$drsb)
    _dsqrt                                   0x0800de19   Thumb Code   404  dsqrt_umaal.o(x$fpl$dsqrt)
    __aeabi_dsub                             0x0800dfb1   Thumb Code     0  daddsub_clz.o(x$fpl$dsub)
    _dsub                                    0x0800dfb1   Thumb Code   464  daddsub_clz.o(x$fpl$dsub)
    __aeabi_f2d                              0x0800e185   Thumb Code     0  f2d.o(x$fpl$f2d)
    _f2d                                     0x0800e185   Thumb Code    86  f2d.o(x$fpl$f2d)
    __fpl_fnaninf                            0x0800e1db   Thumb Code   140  fnaninf.o(x$fpl$fnaninf)
    _fp_init                                 0x0800e267   Thumb Code    10  fpinit.o(x$fpl$fpinit)
    __fplib_config_fpu_vfp                   0x0800e26f   Thumb Code     0  fpinit.o(x$fpl$fpinit)
    __fplib_config_pureend_doubles           0x0800e26f   Thumb Code     0  fpinit.o(x$fpl$fpinit)
    __fpl_fretinf                            0x0800e271   Thumb Code    10  fretinf.o(x$fpl$fretinf)
    __I$use$fp                               0x0800e27a   Number         0  usenofp.o(x$fpl$usenofp)
    AHBPrescTable                            0x0800e310   Data          16  system_stm32f4xx.o(.constdata)
    APBPrescTable                            0x0800e320   Data           8  system_stm32f4xx.o(.constdata)
    Region$$Table$$Base                      0x0800e4ac   Number         0  anon$$obj.o(Region$$Table)
    Region$$Table$$Limit                     0x0800e4cc   Number         0  anon$$obj.o(Region$$Table)
    handkey_pos                              0x20000000   Data           8  handkey.o(.data)
    handkey_direction                        0x20000008   Data           8  handkey.o(.data)
    speed_level                              0x20000010   Data           4  handkey.o(.data)
    Angle_Z_last                             0x20000014   Data           4  handkey.o(.data)
    angle_Z_temp_1                           0x20000018   Data           4  handkey.o(.data)
    angle_Z_temp_2                           0x2000001c   Data           4  handkey.o(.data)
    angle_Z_temp                             0x20000020   Data           4  handkey.o(.data)
    EMR_stop                                 0x20000024   Data           4  handkey.o(.data)
    reset_flag                               0x20000028   Data           4  handkey.o(.data)
    angle_zero                               0x2000002c   Data           4  handkey.o(.data)
    angle_set                                0x20000030   Data           4  handkey.o(.data)
    radar_x                                  0x20000034   Data           4  handkey.o(.data)
    radar_y                                  0x20000038   Data           4  handkey.o(.data)
    bata                                     0x2000003c   Data           4  handkey.o(.data)
    datasum                                  0x20000041   Data           1  handkey.o(.data)
    data_yaw                                 0x20000044   Data           4  handkey.o(.data)
    data_acc_x                               0x20000048   Data           4  handkey.o(.data)
    data_acc_y                               0x2000004c   Data           4  handkey.o(.data)
    data_acc_z                               0x20000050   Data           4  handkey.o(.data)
    data_gyro_x                              0x20000054   Data           4  handkey.o(.data)
    data_gyro_y                              0x20000058   Data           4  handkey.o(.data)
    data_gyro_z                              0x2000005c   Data           4  handkey.o(.data)
    data_roll                                0x20000060   Data           4  handkey.o(.data)
    data_pitch                               0x20000064   Data           4  handkey.o(.data)
    radar_x_tmp                              0x20000068   Data           4  handkey.o(.data)
    radar_y_tmp                              0x2000006c   Data           4  handkey.o(.data)
    sum_i                                    0x20000070   Data           4  handkey.o(.data)
    action_x_reset                           0x20000074   Data           4  handkey.o(.data)
    action_y_reset                           0x20000078   Data           4  handkey.o(.data)
    times_yuntai                             0x2000007c   Data           4  handkey.o(.data)
    err_times_yuntai                         0x20000080   Data           4  handkey.o(.data)
    number_input                             0x20000084   Data           4  handkey.o(.data)
    ACT_00                                   0x20000088   Data           5  handkey.o(.data)
    radar_start_x                            0x20000090   Data           4  handkey.o(.data)
    radar_start_y                            0x20000094   Data           4  handkey.o(.data)
    radar_last_x                             0x20000098   Data           4  handkey.o(.data)
    radar_last_y                             0x2000009c   Data           4  handkey.o(.data)
    mapan_start_x                            0x200000a0   Data           4  handkey.o(.data)
    mapan_start_y                            0x200000a4   Data           4  handkey.o(.data)
    kx                                       0x200000a8   Data           4  handkey.o(.data)
    ky                                       0x200000ac   Data           4  handkey.o(.data)
    radar_sum                                0x200000b0   Data           4  handkey.o(.data)
    kx_av                                    0x200000b4   Data           4  handkey.o(.data)
    ky_av                                    0x200000b8   Data           4  handkey.o(.data)
    ii                                       0x200000bc   Data           4  handkey.o(.data)
    error_num                                0x200000c0   Data           1  handkey.o(.data)
    page                                     0x200000c4   Data           4  handkey.o(.data)
    plus_last                                0x200000c8   Data           4  handkey.o(.data)
    reduce_last                              0x200000cc   Data           4  handkey.o(.data)
    plus                                     0x200000d0   Data           4  handkey.o(.data)
    reduce                                   0x200000d4   Data           4  handkey.o(.data)
    shoot_select                             0x200000d8   Data           4  handkey.o(.data)
    num_last                                 0x200000dc   Data           4  handkey.o(.data)
    ceju_data                                0x200000e0   Data           4  handkey.o(.data)
    once_block                               0x200000e4   Data           4  handkey.o(.data)
    unblock_input_num                        0x200000e8   Data           4  handkey.o(.data)
    key_4_block                              0x200000ec   Data           4  handkey.o(.data)
    delt_y                                   0x200000f0   Data           4  handkey.o(.data)
    Time                                     0x200000f4   Data           4  handkey.o(.data)
    speed_handkey                            0x200000f8   Data           4  handkey.o(.data)
    X_jilu                                   0x200000fc   Data           4  handkey.o(.data)
    deta_x                                   0x20000100   Data           4  handkey.o(.data)
    deta_y                                   0x20000104   Data           4  handkey.o(.data)
    x_last                                   0x20000108   Data           4  handkey.o(.data)
    y_last                                   0x2000010c   Data           4  handkey.o(.data)
    length_mapan                             0x20000110   Data           4  handkey.o(.data)
    ceju_datarc                              0x20000114   Data           8  my_uart.o(.data)
    times                                    0x2000011c   Data           4  my_uart.o(.data)
    err_times                                0x20000120   Data           4  my_uart.o(.data)
    USART6_error_flag                        0x20000124   Data           1  my_uart.o(.data)
    mis_error                                0x20000128   Data           4  auto_route.o(.data)
    Angle_Aim                                0x2000012c   Data           4  auto_route.o(.data)
    Angle_offset                             0x20000130   Data           4  auto_route.o(.data)
    Line_angle                               0x20000134   Data           4  auto_route.o(.data)
    Angle_dis                                0x20000138   Data           4  auto_route.o(.data)
    vx_0                                     0x2000013c   Data           4  auto_route.o(.data)
    vy_0                                     0x20000140   Data           4  auto_route.o(.data)
    yuntai_target                            0x20000160   Data           8  yuntai.o(.data)
    Send2A1                                  0x20000168   Data           4  yuntai.o(.data)
    yaw_kp                                   0x2000016c   Data           4  yuntai.o(.data)
    yaw_kw                                   0x20000170   Data           4  yuntai.o(.data)
    kalman_data_x                            0x20000174   Data           4  yuntai.o(.data)
    ProcessNiose_Q                           0x20000178   Data           4  yuntai.o(.data)
    MeasureNoise_R                           0x2000017c   Data           4  yuntai.o(.data)
    final                                    0x20000180   Data           4  yuntai.o(.data)
    delta_x                                  0x20000188   Data           8  yuntai.o(.data)
    delta_y                                  0x20000190   Data           8  yuntai.o(.data)
    result                                   0x20000198   Data           8  yuntai.o(.data)
    delta_yaw                                0x200001a0   Data           8  yuntai.o(.data)
    xita                                     0x200001a8   Data           8  yuntai.o(.data)
    target                                   0x200001b0   Data           8  yuntai.o(.data)
    x0                                       0x200001b8   Data           8  yuntai.o(.data)
    y0                                       0x200001c0   Data           8  yuntai.o(.data)
    a                                        0x200001c8   Data           4  yuntai.o(.data)
    rsv_flag                                 0x200001cc   Data           1  yuntai.o(.data)
    integral_limit                           0x200001d0   Data           4  yuntai.o(.data)
    yuntai_mode                              0x200001d4   Data           1  yuntai.o(.data)
    yuntai_last_mode                         0x200001d5   Data           1  yuntai.o(.data)
    time_now                                 0x200001d8   Data           4  yuntai.o(.data)
    pos_now                                  0x200001dc   Data           4  yuntai.o(.data)
    w_now                                    0x200001e0   Data           4  yuntai.o(.data)
    yaw_speed_limit                          0x200001e4   Data           4  yuntai.o(.data)
    yaw_torque_limit                         0x200001e8   Data           4  yuntai.o(.data)
    number                                   0x200001ec   Data           1  yuntai.o(.data)
    min                                      0x200001f0   Data           4  yuntai.o(.data)
    speed                                    0x200001f4   Data           4  yuntai.o(.data)
    aa                                       0x200001f8   Data           4  yuntai.o(.data)
    pitch_kp                                 0x200001fc   Data           4  yuntai.o(.data)
    pitch_kw                                 0x20000200   Data           4  yuntai.o(.data)
    Rpm_set                                  0x20000210   Data           4  main.o(.data)
    c_flag                                   0x20000214   Data           4  main.o(.data)
    test                                     0x20000218   Data           4  freertos.o(.data)
    flag_test                                0x2000021c   Data           4  freertos.o(.data)
    x_set                                    0x20000220   Data           4  freertos.o(.data)
    y_set                                    0x20000224   Data           4  freertos.o(.data)
    w_set                                    0x20000228   Data           4  freertos.o(.data)
    h0_set                                   0x2000022c   Data           4  freertos.o(.data)
    h1_set                                   0x20000230   Data           4  freertos.o(.data)
    vw_0                                     0x20000234   Data           4  freertos.o(.data)
    vx_set                                   0x20000238   Data           4  freertos.o(.data)
    vy_set                                   0x2000023c   Data           4  freertos.o(.data)
    vw_set                                   0x20000240   Data           4  freertos.o(.data)
    pos_set                                  0x20000244   Data           4  freertos.o(.data)
    speed_set                                0x20000248   Data           4  freertos.o(.data)
    test_flag_pro                            0x2000024c   Data           4  freertos.o(.data)
    speed_set_w                              0x20000250   Data           4  freertos.o(.data)
    hook                                     0x20000254   Data           4  freertos.o(.data)
    RPM                                      0x20000258   Data           4  freertos.o(.data)
    spped_set_a1                             0x2000025c   Data           4  freertos.o(.data)
    a1_flag                                  0x20000260   Data           4  freertos.o(.data)
    State_flag                               0x20000264   Data           4  freertos.o(.data)
    test_pos                                 0x20000268   Data           4  freertos.o(.data)
    x                                        0x2000026c   Data           4  freertos.o(.data)
    y                                        0x20000270   Data           4  freertos.o(.data)
    z                                        0x20000274   Data           4  freertos.o(.data)
    motion_flag                              0x20000278   Data           4  freertos.o(.data)
    c_x                                      0x2000027c   Data           4  freertos.o(.data)
    c_y                                      0x20000280   Data           4  freertos.o(.data)
    c_w                                      0x20000284   Data           4  freertos.o(.data)
    shoot_manual                             0x20000288   Data           4  freertos.o(.data)
    a1_pos                                   0x2000028c   Data           8  freertos.o(.data)
    wtf                                      0x20000294   Data           4  freertos.o(.data)
    yuntai_x                                 0x20000298   Data           4  freertos.o(.data)
    yuntai_y                                 0x2000029c   Data           4  freertos.o(.data)
    jiahuan_state                            0x200002a0   Data           4  freertos.o(.data)
    tuihuan_state                            0x200002a4   Data           4  freertos.o(.data)
    yahuan_state                             0x200002a8   Data           4  freertos.o(.data)
    flag_yuntai                              0x200002ac   Data           1  freertos.o(.data)
    end_pos_1                                0x200002b0   Data           4  freertos.o(.data)
    end_pos_2                                0x200002b4   Data           4  freertos.o(.data)
    send_flag                                0x200002b8   Data           1  freertos.o(.data)
    vision_send_data                         0x200002b9   Data           1  freertos.o(.data)
    vx_last                                  0x200002bc   Data           4  freertos.o(.data)
    vy_last                                  0x200002c0   Data           4  freertos.o(.data)
    vx_pre                                   0x200002c4   Data           4  freertos.o(.data)
    vy_pre                                   0x200002c8   Data           4  freertos.o(.data)
    speed_up_rate                            0x200002cc   Data           4  freertos.o(.data)
    speed_down_rate                          0x200002d0   Data           4  freertos.o(.data)
    radar_flag                               0x200002d4   Data           4  freertos.o(.data)
    GPIO_state                               0x200002d8   Data           4  freertos.o(.data)
    fangxiang                                0x200002dc   Data           4  freertos.o(.data)
    x_break_test                             0x200002e0   Data           4  freertos.o(.data)
    angle_break_test                         0x200002e4   Data           4  freertos.o(.data)
    shoot_flag                               0x200002e8   Data           4  freertos.o(.data)
    a1_pos_set                               0x200002ec   Data           8  freertos.o(.data)
    chuan_i                                  0x200002f4   Data           4  freertos.o(.data)
    cd_change                                0x200002f8   Data           4  freertos.o(.data)
    weidong_setx                             0x200002fc   Data           4  freertos.o(.data)
    weidong_sety                             0x20000300   Data           4  freertos.o(.data)
    out_flag                                 0x20000304   Data           4  freertos.o(.data)
    init_pos                                 0x20000308   Data           4  freertos.o(.data)
    init_pos_p                               0x2000030c   Data           4  freertos.o(.data)
    path_flag                                0x20000310   Data           4  freertos.o(.data)
    huan_list                                0x20000314   Data           4  freertos.o(.data)
    child_block                              0x20000318   Data           4  freertos.o(.data)
    shoot_pre_cp                             0x2000031c   Data           4  freertos.o(.data)
    motion_reset                             0x20000320   Data           4  freertos.o(.data)
    motion_set                               0x20000324   Data           4  freertos.o(.data)
    g_handle                                 0x20000328   Data           8  freertos.o(.data)
    defaultTaskHandle                        0x20000330   Data           4  freertos.o(.data)
    wait_stateHandle                         0x20000334   Data           4  freertos.o(.data)
    motion_stateHandle                       0x20000338   Data           4  freertos.o(.data)
    zero_stateHandle                         0x2000033c   Data           4  freertos.o(.data)
    motor_controlHandle                      0x20000340   Data           4  freertos.o(.data)
    myBinarySem01Handle                      0x20000344   Data           4  freertos.o(.data)
    arfa_o                                   0x20000348   Data           4  freertos.o(.data)
    arfa_i                                   0x2000034c   Data           4  freertos.o(.data)
    motion_list                              0x20000350   Data           4  freertos.o(.data)
    a1_speed_boost                           0x20000354   Data           4  freertos.o(.data)
    speed_select                             0x20000358   Data           4  freertos.o(.data)
    a1_speed                                 0x2000035c   Data           8  freertos.o(.data)
    pos_block                                0x20000364   Data           8  freertos.o(.data)
    weidong_flag                             0x2000036c   Data           4  freertos.o(.data)
    t1                                       0x20000370   Data           4  freertos.o(.data)
    t2                                       0x20000374   Data           4  freertos.o(.data)
    t3                                       0x20000378   Data           4  freertos.o(.data)
    t4                                       0x2000037c   Data           4  freertos.o(.data)
    number_last                              0x20000380   Data           4  freertos.o(.data)
    m3508_5_speed_set                        0x20000384   Data           4  freertos.o(.data)
    lift_up_step                             0x20000388   Data           4  freertos.o(.data)
    middle_right                             0x2000038c   Data           4  freertos.o(.data)
    radar_flag_test                          0x20000390   Data           4  freertos.o(.data)
    zhuzi_id                                 0x20000394   Data           4  freertos.o(.data)
    uwTick                                   0x2000039c   Data           4  stm32f4xx_hal.o(.data)
    uwTickPrio                               0x200003a0   Data           4  stm32f4xx_hal.o(.data)
    uwTickFreq                               0x200003a4   Data           1  stm32f4xx_hal.o(.data)
    SystemCoreClock                          0x200003a8   Data           4  system_stm32f4xx.o(.data)
    pxCurrentTCB                             0x200003ac   Data           4  tasks.o(.data)
    M3508                                    0x20000414   Data        3584  m3508.o(.bss)
    M3508_2                                  0x20001214   Data        3584  m3508.o(.bss)
    watch                                    0x20002014   Data          40  m3508.o(.bss)
    CtrlData                                 0x2000203c   Data          20  handkey.o(.bss)
    rcbuff                                   0x20002050   Data          40  handkey.o(.bss)
    Gyro_RX_Data                             0x20002078   Data          30  handkey.o(.bss)
    Gyro_Data_RX                             0x20002098   Data          12  handkey.o(.bss)
    Action_Data                              0x200020a4   Data          80  handkey.o(.bss)
    data_zero                                0x200020f4   Data          80  handkey.o(.bss)
    Self_Action_Data                         0x20002144   Data          80  handkey.o(.bss)
    rec_data                                 0x20002194   Data          30  handkey.o(.bss)
    radar                                    0x200021b2   Data          30  handkey.o(.bss)
    camer                                    0x200021d0   Data          30  handkey.o(.bss)
    data_CHG                                 0x200021f0   Data          20  handkey.o(.bss)
    radar_x_avr                              0x20002204   Data         400  handkey.o(.bss)
    radar_y_avr                              0x20002394   Data         400  handkey.o(.bss)
    Gyro                                     0x20002524   Data          28  handkey.o(.bss)
    vision_recv                              0x20002598   Data          12  handkey.o(.bss)
    key_xiaodou                              0x200025a4   Data        4992  handkey.o(.bss)
    key_INPUT                                0x20003924   Data          28  handkey.o(.bss)
    key_input_last                           0x20003940   Data          28  handkey.o(.bss)
    uart_tx                                  0x2000395c   Data          50  handkey.o(.bss)
    key_select                               0x20003990   Data          20  handkey.o(.bss)
    unblock_input                            0x200039a4   Data          24  handkey.o(.bss)
    motor_s                                  0x200039c0   Data          72  a1_motor.o(.bss)
    motor_recv                               0x20003a08   Data         320  a1_motor.o(.bss)
    RS485_RX_BUF                             0x20003b48   Data          78  a1_motor.o(.bss)
    Usart1Type1                              0x20003b96   Data          82  my_uart.o(.bss)
    keep_x                                   0x20003be8   Data         136  auto_route.o(.bss)
    keep_y                                   0x20003c70   Data         136  auto_route.o(.bss)
    keep_w                                   0x20003cf8   Data         136  auto_route.o(.bss)
    Lujing_Status                            0x20003d80   Data         220  auto_route.o(.bss)
    World_Coordinate_system_NowPos           0x20003e5c   Data          12  auto_route.o(.bss)
    World_Coordinate_system_TargetVel        0x20003e68   Data          12  auto_route.o(.bss)
    Robot_Coordinate_system_TargetVel        0x20003e74   Data          12  auto_route.o(.bss)
    Robot_Coordinate_system_Vel              0x20003e80   Data          12  auto_route.o(.bss)
    action_data_now                          0x20003e8c   Data          12  auto_route.o(.bss)
    Zero_Point                               0x20003e98   Data          12  auto_route.o(.bss)
    keep_point                               0x20003ea4   Data          12  auto_route.o(.bss)
    Cir_AdjustPID                            0x20003eb0   Data         136  auto_route.o(.bss)
    Cir_StopPID                              0x20003f38   Data         136  auto_route.o(.bss)
    Cir_AnglePID                             0x20003fc0   Data         136  auto_route.o(.bss)
    Keep_X_PID                               0x20004048   Data          92  auto_route.o(.bss)
    Keep_Y_PID                               0x200040a4   Data          92  auto_route.o(.bss)
    Keep_W_PID                               0x20004100   Data          92  auto_route.o(.bss)
    Keep_X_PID1                              0x2000415c   Data          92  auto_route.o(.bss)
    Keep_Y_PID1                              0x200041b8   Data          92  auto_route.o(.bss)
    Keep_W_PID1                              0x20004214   Data          92  auto_route.o(.bss)
    Line_AdjustPID                           0x20004270   Data          92  auto_route.o(.bss)
    Line_StopPID                             0x200042cc   Data          92  auto_route.o(.bss)
    Line_AnglePID                            0x20004328   Data          92  auto_route.o(.bss)
    watch_w                                  0x200043b8   Data        2000  yuntai.o(.bss)
    Zhuzi_id_x_y                             0x20004b88   Data          88  yuntai.o(.bss)
    vision_data                              0x20004be0   Data          12  yuntai.o(.bss)
    yuntai_yaw_speed_pid                     0x20004bec   Data          48  yuntai.o(.bss)
    yuntai_yaw_position_pid                  0x20004c1c   Data          48  yuntai.o(.bss)
    yuntai_yaw_offest_pid                    0x20004c4c   Data          48  yuntai.o(.bss)
    kal                                      0x20004c7c   Data          44  yuntai.o(.bss)
    s_path                                   0x20004ca8   Data          56  yuntai.o(.bss)
    a1_data                                  0x20004ce0   Data          60  main.o(.bss)
    GPIO_ID_STATE                            0x20004d1c   Data          16  freertos.o(.bss)
    pos_7                                    0x20004d2c   Data          20  freertos.o(.bss)
    pos_5                                    0x20004d40   Data          20  freertos.o(.bss)
    data2send                                0x20004d54   Data          20  freertos.o(.bss)
    Screen                                   0x20004d68   Data          32  freertos.o(.bss)
    Screen_Send                              0x20004d88   Data          28  freertos.o(.bss)
    hcan1                                    0x20004ff8   Data          40  can.o(.bss)
    hcan2                                    0x20005020   Data          40  can.o(.bss)
    htim2                                    0x20005048   Data          72  tim.o(.bss)
    htim4                                    0x20005090   Data          72  tim.o(.bss)
    huart4                                   0x200050d8   Data          68  usart.o(.bss)
    huart5                                   0x2000511c   Data          68  usart.o(.bss)
    huart1                                   0x20005160   Data          68  usart.o(.bss)
    huart2                                   0x200051a4   Data          68  usart.o(.bss)
    huart3                                   0x200051e8   Data          68  usart.o(.bss)
    huart6                                   0x2000522c   Data          68  usart.o(.bss)
    hdma_uart4_rx                            0x20005270   Data          96  usart.o(.bss)
    hdma_uart4_tx                            0x200052d0   Data          96  usart.o(.bss)
    hdma_uart5_rx                            0x20005330   Data          96  usart.o(.bss)
    hdma_uart5_tx                            0x20005390   Data          96  usart.o(.bss)
    hdma_usart1_rx                           0x200053f0   Data          96  usart.o(.bss)
    hdma_usart1_tx                           0x20005450   Data          96  usart.o(.bss)
    hdma_usart2_rx                           0x200054b0   Data          96  usart.o(.bss)
    hdma_usart2_tx                           0x20005510   Data          96  usart.o(.bss)
    hdma_usart3_rx                           0x20005570   Data          96  usart.o(.bss)
    hdma_usart3_tx                           0x200055d0   Data          96  usart.o(.bss)
    hdma_usart6_rx                           0x20005630   Data          96  usart.o(.bss)
    hdma_usart6_tx                           0x20005690   Data          96  usart.o(.bss)
    htim3                                    0x200056f0   Data          72  stm32f4xx_hal_timebase_tim.o(.bss)
    __libspace_start                         0x20009428   Data          96  libspace.o(.bss)
    __temporary_stack_top$libspace           0x20009488   Data           0  libspace.o(.bss)



==============================================================================

Memory Map of the image

  Image Entry point : 0x08000189

  Load Region LR_IROM1 (Base: 0x08000000, Size: 0x0000e8e0, Max: 0x00100000, ABSOLUTE, COMPRESSED[0x0000e540])

    Execution Region ER_IROM1 (Exec base: 0x08000000, Load base: 0x08000000, Size: 0x0000e4cc, Max: 0x00100000, ABSOLUTE)

    Exec Addr    Load Addr    Size         Type   Attr      Idx    E Section Name        Object

    0x08000000   0x08000000   0x00000188   Data   RO            3    RESET               startup_stm32f407xx.o
    0x08000188   0x08000188   0x00000008   Code   RO         5821  * !!!main             c_w.l(__main.o)
    0x08000190   0x08000190   0x00000034   Code   RO         6226    !!!scatter          c_w.l(__scatter.o)
    0x080001c4   0x080001c4   0x0000005a   Code   RO         6224    !!dczerorl2         c_w.l(__dczerorl2.o)
    0x0800021e   0x0800021e   0x00000002   PAD
    0x08000220   0x08000220   0x0000001c   Code   RO         6228    !!handler_zi        c_w.l(__scatter_zi.o)
    0x0800023c   0x0800023c   0x00000002   Code   RO         6095    .ARM.Collect$$libinit$$00000000  c_w.l(libinit.o)
    0x0800023e   0x0800023e   0x00000004   Code   RO         6104    .ARM.Collect$$libinit$$00000001  c_w.l(libinit2.o)
    0x08000242   0x08000242   0x00000000   Code   RO         6107    .ARM.Collect$$libinit$$00000004  c_w.l(libinit2.o)
    0x08000242   0x08000242   0x00000000   Code   RO         6110    .ARM.Collect$$libinit$$0000000A  c_w.l(libinit2.o)
    0x08000242   0x08000242   0x00000000   Code   RO         6112    .ARM.Collect$$libinit$$0000000C  c_w.l(libinit2.o)
    0x08000242   0x08000242   0x00000000   Code   RO         6114    .ARM.Collect$$libinit$$0000000E  c_w.l(libinit2.o)
    0x08000242   0x08000242   0x00000000   Code   RO         6117    .ARM.Collect$$libinit$$00000011  c_w.l(libinit2.o)
    0x08000242   0x08000242   0x00000000   Code   RO         6119    .ARM.Collect$$libinit$$00000013  c_w.l(libinit2.o)
    0x08000242   0x08000242   0x00000000   Code   RO         6121    .ARM.Collect$$libinit$$00000015  c_w.l(libinit2.o)
    0x08000242   0x08000242   0x00000000   Code   RO         6123    .ARM.Collect$$libinit$$00000017  c_w.l(libinit2.o)
    0x08000242   0x08000242   0x00000000   Code   RO         6125    .ARM.Collect$$libinit$$00000019  c_w.l(libinit2.o)
    0x08000242   0x08000242   0x00000000   Code   RO         6127    .ARM.Collect$$libinit$$0000001B  c_w.l(libinit2.o)
    0x08000242   0x08000242   0x00000000   Code   RO         6129    .ARM.Collect$$libinit$$0000001D  c_w.l(libinit2.o)
    0x08000242   0x08000242   0x00000000   Code   RO         6131    .ARM.Collect$$libinit$$0000001F  c_w.l(libinit2.o)
    0x08000242   0x08000242   0x00000000   Code   RO         6133    .ARM.Collect$$libinit$$00000021  c_w.l(libinit2.o)
    0x08000242   0x08000242   0x00000000   Code   RO         6135    .ARM.Collect$$libinit$$00000023  c_w.l(libinit2.o)
    0x08000242   0x08000242   0x00000000   Code   RO         6137    .ARM.Collect$$libinit$$00000025  c_w.l(libinit2.o)
    0x08000242   0x08000242   0x00000000   Code   RO         6141    .ARM.Collect$$libinit$$0000002C  c_w.l(libinit2.o)
    0x08000242   0x08000242   0x00000000   Code   RO         6143    .ARM.Collect$$libinit$$0000002E  c_w.l(libinit2.o)
    0x08000242   0x08000242   0x00000000   Code   RO         6145    .ARM.Collect$$libinit$$00000030  c_w.l(libinit2.o)
    0x08000242   0x08000242   0x00000000   Code   RO         6147    .ARM.Collect$$libinit$$00000032  c_w.l(libinit2.o)
    0x08000242   0x08000242   0x00000002   Code   RO         6148    .ARM.Collect$$libinit$$00000033  c_w.l(libinit2.o)
    0x08000244   0x08000244   0x00000002   Code   RO         6179    .ARM.Collect$$libshutdown$$00000000  c_w.l(libshutdown.o)
    0x08000246   0x08000246   0x00000000   Code   RO         6205    .ARM.Collect$$libshutdown$$00000002  c_w.l(libshutdown2.o)
    0x08000246   0x08000246   0x00000000   Code   RO         6207    .ARM.Collect$$libshutdown$$00000004  c_w.l(libshutdown2.o)
    0x08000246   0x08000246   0x00000000   Code   RO         6209    .ARM.Collect$$libshutdown$$00000006  c_w.l(libshutdown2.o)
    0x08000246   0x08000246   0x00000000   Code   RO         6212    .ARM.Collect$$libshutdown$$00000009  c_w.l(libshutdown2.o)
    0x08000246   0x08000246   0x00000000   Code   RO         6215    .ARM.Collect$$libshutdown$$0000000C  c_w.l(libshutdown2.o)
    0x08000246   0x08000246   0x00000000   Code   RO         6217    .ARM.Collect$$libshutdown$$0000000E  c_w.l(libshutdown2.o)
    0x08000246   0x08000246   0x00000000   Code   RO         6220    .ARM.Collect$$libshutdown$$00000011  c_w.l(libshutdown2.o)
    0x08000246   0x08000246   0x00000002   Code   RO         6221    .ARM.Collect$$libshutdown$$00000012  c_w.l(libshutdown2.o)
    0x08000248   0x08000248   0x00000000   Code   RO         5955    .ARM.Collect$$rtentry$$00000000  c_w.l(__rtentry.o)
    0x08000248   0x08000248   0x00000000   Code   RO         6054    .ARM.Collect$$rtentry$$00000002  c_w.l(__rtentry2.o)
    0x08000248   0x08000248   0x00000006   Code   RO         6066    .ARM.Collect$$rtentry$$00000004  c_w.l(__rtentry4.o)
    0x0800024e   0x0800024e   0x00000000   Code   RO         6056    .ARM.Collect$$rtentry$$00000009  c_w.l(__rtentry2.o)
    0x0800024e   0x0800024e   0x00000004   Code   RO         6057    .ARM.Collect$$rtentry$$0000000A  c_w.l(__rtentry2.o)
    0x08000252   0x08000252   0x00000000   Code   RO         6059    .ARM.Collect$$rtentry$$0000000C  c_w.l(__rtentry2.o)
    0x08000252   0x08000252   0x00000008   Code   RO         6060    .ARM.Collect$$rtentry$$0000000D  c_w.l(__rtentry2.o)
    0x0800025a   0x0800025a   0x00000002   Code   RO         6096    .ARM.Collect$$rtexit$$00000000  c_w.l(rtexit.o)
    0x0800025c   0x0800025c   0x00000000   Code   RO         6152    .ARM.Collect$$rtexit$$00000002  c_w.l(rtexit2.o)
    0x0800025c   0x0800025c   0x00000004   Code   RO         6153    .ARM.Collect$$rtexit$$00000003  c_w.l(rtexit2.o)
    0x08000260   0x08000260   0x00000006   Code   RO         6154    .ARM.Collect$$rtexit$$00000004  c_w.l(rtexit2.o)
    0x08000266   0x08000266   0x00000002   PAD
    0x08000268   0x08000268   0x000000be   Code   RO         5728    .emb_text           port.o
    0x08000326   0x08000326   0x00000002   PAD
    0x08000328   0x08000328   0x00000040   Code   RO            4    .text               startup_stm32f407xx.o
    0x08000368   0x08000368   0x000000ee   Code   RO         5807    .text               c_w.l(lludivv7m.o)
    0x08000456   0x08000456   0x0000008a   Code   RO         5809    .text               c_w.l(rt_memcpy_v6.o)
    0x080004e0   0x080004e0   0x00000064   Code   RO         5811    .text               c_w.l(rt_memcpy_w.o)
    0x08000544   0x08000544   0x00000044   Code   RO         5815    .text               c_w.l(rt_memclr.o)
    0x08000588   0x08000588   0x0000004e   Code   RO         5817    .text               c_w.l(rt_memclr_w.o)
    0x080005d6   0x080005d6   0x00000006   Code   RO         5819    .text               c_w.l(heapauxi.o)
    0x080005dc   0x080005dc   0x00000016   Code   RO         5960    .text               c_w.l(_rserrno.o)
    0x080005f2   0x080005f2   0x00000002   PAD
    0x080005f4   0x080005f4   0x00000008   Code   RO         6073    .text               c_w.l(rt_errno_addr_intlibspace.o)
    0x080005fc   0x080005fc   0x00000008   Code   RO         6079    .text               c_w.l(libspace.o)
    0x08000604   0x08000604   0x0000004a   Code   RO         6082    .text               c_w.l(sys_stackheap_outer.o)
    0x0800064e   0x0800064e   0x00000012   Code   RO         6084    .text               c_w.l(exit.o)
    0x08000660   0x08000660   0x0000000c   Code   RO         6149    .text               c_w.l(sys_exit.o)
    0x0800066c   0x0800066c   0x00000002   Code   RO         6168    .text               c_w.l(use_no_semi.o)
    0x0800066e   0x0800066e   0x00000000   Code   RO         6170    .text               c_w.l(indicate_semi.o)
    0x0800066e   0x0800066e   0x00000002   PAD
    0x08000670   0x08000670   0x00000084   Code   RO          578    i.A1_Motor_Send_Data_yuntai  a1_motor.o
    0x080006f4   0x080006f4   0x0000001a   Code   RO           13    i.ABS               m3508.o
    0x0800070e   0x0800070e   0x0000001a   Code   RO          751    i.ABS               auto_route.o
    0x08000728   0x08000728   0x00000004   Code   RO         1427    i.BusFault_Handler  stm32f4xx_it.o
    0x0800072c   0x0800072c   0x00000010   Code   RO         1428    i.CAN1_RX0_IRQHandler  stm32f4xx_it.o
    0x0800073c   0x0800073c   0x00000010   Code   RO         1429    i.CAN1_RX1_IRQHandler  stm32f4xx_it.o
    0x0800074c   0x0800074c   0x00000088   Code   RO           14    i.CAN1_SetMotor_0_3  m3508.o
    0x080007d4   0x080007d4   0x00000084   Code   RO           15    i.CAN1_SetMotor_4_7  m3508.o
    0x08000858   0x08000858   0x00000010   Code   RO         1430    i.CAN2_RX0_IRQHandler  stm32f4xx_it.o
    0x08000868   0x08000868   0x00000010   Code   RO         1431    i.CAN2_RX1_IRQHandler  stm32f4xx_it.o
    0x08000878   0x08000878   0x00000060   Code   RO          752    i.CalculateLineAngle  auto_route.o
    0x080008d8   0x080008d8   0x00000070   Code   RO          753    i.CalculatePoint2Pointdistance  auto_route.o
    0x08000948   0x08000948   0x00000044   Code   RO         1222    i.Can1_Configure    can.o
    0x0800098c   0x0800098c   0x00000044   Code   RO         1223    i.Can2_Configure    can.o
    0x080009d0   0x080009d0   0x00000108   Code   RO           18    i.Can_3508_Receive  m3508.o
    0x08000ad8   0x08000ad8   0x00000010   Code   RO         1432    i.DMA1_Stream0_IRQHandler  stm32f4xx_it.o
    0x08000ae8   0x08000ae8   0x00000010   Code   RO         1433    i.DMA1_Stream1_IRQHandler  stm32f4xx_it.o
    0x08000af8   0x08000af8   0x00000010   Code   RO         1434    i.DMA1_Stream2_IRQHandler  stm32f4xx_it.o
    0x08000b08   0x08000b08   0x00000010   Code   RO         1435    i.DMA1_Stream3_IRQHandler  stm32f4xx_it.o
    0x08000b18   0x08000b18   0x00000010   Code   RO         1436    i.DMA1_Stream4_IRQHandler  stm32f4xx_it.o
    0x08000b28   0x08000b28   0x00000010   Code   RO         1437    i.DMA1_Stream5_IRQHandler  stm32f4xx_it.o
    0x08000b38   0x08000b38   0x00000010   Code   RO         1438    i.DMA1_Stream6_IRQHandler  stm32f4xx_it.o
    0x08000b48   0x08000b48   0x00000010   Code   RO         1439    i.DMA1_Stream7_IRQHandler  stm32f4xx_it.o
    0x08000b58   0x08000b58   0x00000010   Code   RO         1440    i.DMA2_Stream1_IRQHandler  stm32f4xx_it.o
    0x08000b68   0x08000b68   0x00000010   Code   RO         1441    i.DMA2_Stream2_IRQHandler  stm32f4xx_it.o
    0x08000b78   0x08000b78   0x00000010   Code   RO         1442    i.DMA2_Stream6_IRQHandler  stm32f4xx_it.o
    0x08000b88   0x08000b88   0x00000010   Code   RO         1443    i.DMA2_Stream7_IRQHandler  stm32f4xx_it.o
    0x08000b98   0x08000b98   0x00000034   Code   RO         2436    i.DMA_CalcBaseAndBitshift  stm32f4xx_hal_dma.o
    0x08000bcc   0x08000bcc   0x000000aa   Code   RO         2437    i.DMA_CheckFifoParam  stm32f4xx_hal_dma.o
    0x08000c76   0x08000c76   0x0000002c   Code   RO         2438    i.DMA_SetConfig     stm32f4xx_hal_dma.o
    0x08000ca2   0x08000ca2   0x00000002   Code   RO         1444    i.DebugMon_Handler  stm32f4xx_it.o
    0x08000ca4   0x08000ca4   0x00000006   Code   RO         1066    i.Error_Handler     main.o
    0x08000caa   0x08000caa   0x00000002   PAD
    0x08000cac   0x08000cac   0x00000040   Code   RO          314    i.Gyro_Receive_Start  handkey.o
    0x08000cec   0x08000cec   0x0000002a   Code   RO         1699    i.HAL_CAN_ActivateNotification  stm32f4xx_hal_can.o
    0x08000d16   0x08000d16   0x00000156   Code   RO         1700    i.HAL_CAN_AddTxMessage  stm32f4xx_hal_can.o
    0x08000e6c   0x08000e6c   0x00000124   Code   RO         1701    i.HAL_CAN_ConfigFilter  stm32f4xx_hal_can.o
    0x08000f90   0x08000f90   0x00000002   Code   RO         1704    i.HAL_CAN_ErrorCallback  stm32f4xx_hal_can.o
    0x08000f92   0x08000f92   0x0000017a   Code   RO         1707    i.HAL_CAN_GetRxMessage  stm32f4xx_hal_can.o
    0x0800110c   0x0800110c   0x0000024e   Code   RO         1711    i.HAL_CAN_IRQHandler  stm32f4xx_hal_can.o
    0x0800135a   0x0800135a   0x00000174   Code   RO         1712    i.HAL_CAN_Init      stm32f4xx_hal_can.o
    0x080014ce   0x080014ce   0x00000002   PAD
    0x080014d0   0x080014d0   0x00000180   Code   RO         1225    i.HAL_CAN_MspInit   can.o
    0x08001650   0x08001650   0x00000002   Code   RO         1719    i.HAL_CAN_RxFifo0FullCallback  stm32f4xx_hal_can.o
    0x08001652   0x08001652   0x00000002   PAD
    0x08001654   0x08001654   0x000000a8   Code   RO           19    i.HAL_CAN_RxFifo0MsgPendingCallback  m3508.o
    0x080016fc   0x080016fc   0x00000002   Code   RO         1721    i.HAL_CAN_RxFifo1FullCallback  stm32f4xx_hal_can.o
    0x080016fe   0x080016fe   0x00000002   Code   RO         1722    i.HAL_CAN_RxFifo1MsgPendingCallback  stm32f4xx_hal_can.o
    0x08001700   0x08001700   0x00000002   Code   RO         1723    i.HAL_CAN_SleepCallback  stm32f4xx_hal_can.o
    0x08001702   0x08001702   0x0000005e   Code   RO         1724    i.HAL_CAN_Start     stm32f4xx_hal_can.o
    0x08001760   0x08001760   0x00000002   Code   RO         1726    i.HAL_CAN_TxMailbox0AbortCallback  stm32f4xx_hal_can.o
    0x08001762   0x08001762   0x00000002   Code   RO         1727    i.HAL_CAN_TxMailbox0CompleteCallback  stm32f4xx_hal_can.o
    0x08001764   0x08001764   0x00000002   Code   RO         1728    i.HAL_CAN_TxMailbox1AbortCallback  stm32f4xx_hal_can.o
    0x08001766   0x08001766   0x00000002   Code   RO         1729    i.HAL_CAN_TxMailbox1CompleteCallback  stm32f4xx_hal_can.o
    0x08001768   0x08001768   0x00000002   Code   RO         1730    i.HAL_CAN_TxMailbox2AbortCallback  stm32f4xx_hal_can.o
    0x0800176a   0x0800176a   0x00000002   Code   RO         1731    i.HAL_CAN_TxMailbox2CompleteCallback  stm32f4xx_hal_can.o
    0x0800176c   0x0800176c   0x00000002   Code   RO         1733    i.HAL_CAN_WakeUpFromRxMsgCallback  stm32f4xx_hal_can.o
    0x0800176e   0x0800176e   0x000000ac   Code   RO         2439    i.HAL_DMA_Abort     stm32f4xx_hal_dma.o
    0x0800181a   0x0800181a   0x00000028   Code   RO         2440    i.HAL_DMA_Abort_IT  stm32f4xx_hal_dma.o
    0x08001842   0x08001842   0x00000006   Code   RO         2442    i.HAL_DMA_GetError  stm32f4xx_hal_dma.o
    0x08001848   0x08001848   0x00000240   Code   RO         2444    i.HAL_DMA_IRQHandler  stm32f4xx_hal_dma.o
    0x08001a88   0x08001a88   0x000000ec   Code   RO         2445    i.HAL_DMA_Init      stm32f4xx_hal_dma.o
    0x08001b74   0x08001b74   0x00000092   Code   RO         2449    i.HAL_DMA_Start_IT  stm32f4xx_hal_dma.o
    0x08001c06   0x08001c06   0x00000002   PAD
    0x08001c08   0x08001c08   0x00000028   Code   RO         2863    i.HAL_Delay         stm32f4xx_hal.o
    0x08001c30   0x08001c30   0x000001f4   Code   RO         2332    i.HAL_GPIO_Init     stm32f4xx_hal_gpio.o
    0x08001e24   0x08001e24   0x00000010   Code   RO         2334    i.HAL_GPIO_ReadPin  stm32f4xx_hal_gpio.o
    0x08001e34   0x08001e34   0x0000000c   Code   RO         2336    i.HAL_GPIO_WritePin  stm32f4xx_hal_gpio.o
    0x08001e40   0x08001e40   0x0000000c   Code   RO         2869    i.HAL_GetTick       stm32f4xx_hal.o
    0x08001e4c   0x08001e4c   0x00000018   Code   RO         2875    i.HAL_IncTick       stm32f4xx_hal.o
    0x08001e64   0x08001e64   0x0000003c   Code   RO         2876    i.HAL_Init          stm32f4xx_hal.o
    0x08001ea0   0x08001ea0   0x000000b4   Code   RO         1659    i.HAL_InitTick      stm32f4xx_hal_timebase_tim.o
    0x08001f54   0x08001f54   0x00000054   Code   RO         1635    i.HAL_MspInit       stm32f4xx_hal_msp.o
    0x08001fa8   0x08001fa8   0x00000020   Code   RO         2721    i.HAL_NVIC_EnableIRQ  stm32f4xx_hal_cortex.o
    0x08001fc8   0x08001fc8   0x0000007c   Code   RO         2727    i.HAL_NVIC_SetPriority  stm32f4xx_hal_cortex.o
    0x08002044   0x08002044   0x00000028   Code   RO         2728    i.HAL_NVIC_SetPriorityGrouping  stm32f4xx_hal_cortex.o
    0x0800206c   0x0800206c   0x00000184   Code   RO         1933    i.HAL_RCC_ClockConfig  stm32f4xx_hal_rcc.o
    0x080021f0   0x080021f0   0x00000044   Code   RO         1937    i.HAL_RCC_GetClockConfig  stm32f4xx_hal_rcc.o
    0x08002234   0x08002234   0x0000000c   Code   RO         1938    i.HAL_RCC_GetHCLKFreq  stm32f4xx_hal_rcc.o
    0x08002240   0x08002240   0x00000020   Code   RO         1940    i.HAL_RCC_GetPCLK1Freq  stm32f4xx_hal_rcc.o
    0x08002260   0x08002260   0x00000020   Code   RO         1941    i.HAL_RCC_GetPCLK2Freq  stm32f4xx_hal_rcc.o
    0x08002280   0x08002280   0x000000b0   Code   RO         1942    i.HAL_RCC_GetSysClockFreq  stm32f4xx_hal_rcc.o
    0x08002330   0x08002330   0x0000049c   Code   RO         1945    i.HAL_RCC_OscConfig  stm32f4xx_hal_rcc.o
    0x080027cc   0x080027cc   0x00000002   Code   RO         3831    i.HAL_TIMEx_BreakCallback  stm32f4xx_hal_tim_ex.o
    0x080027ce   0x080027ce   0x00000002   Code   RO         3832    i.HAL_TIMEx_CommutCallback  stm32f4xx_hal_tim_ex.o
    0x080027d0   0x080027d0   0x000000b4   Code   RO         3850    i.HAL_TIMEx_MasterConfigSynchronization  stm32f4xx_hal_tim_ex.o
    0x08002884   0x08002884   0x00000066   Code   RO         3116    i.HAL_TIM_Base_Init  stm32f4xx_hal_tim.o
    0x080028ea   0x080028ea   0x00000002   PAD
    0x080028ec   0x080028ec   0x00000080   Code   RO         1308    i.HAL_TIM_Base_MspInit  tim.o
    0x0800296c   0x0800296c   0x000000a8   Code   RO         3121    i.HAL_TIM_Base_Start_IT  stm32f4xx_hal_tim.o
    0x08002a14   0x08002a14   0x0000010c   Code   RO         3125    i.HAL_TIM_ConfigClockSource  stm32f4xx_hal_tim.o
    0x08002b20   0x08002b20   0x00000002   Code   RO         3150    i.HAL_TIM_IC_CaptureCallback  stm32f4xx_hal_tim.o
    0x08002b22   0x08002b22   0x00000196   Code   RO         3164    i.HAL_TIM_IRQHandler  stm32f4xx_hal_tim.o
    0x08002cb8   0x08002cb8   0x00000002   Code   RO         3167    i.HAL_TIM_OC_DelayElapsedCallback  stm32f4xx_hal_tim.o
    0x08002cba   0x08002cba   0x00000002   Code   RO         3194    i.HAL_TIM_PWM_PulseFinishedCallback  stm32f4xx_hal_tim.o
    0x08002cbc   0x08002cbc   0x000001ec   Code   RO         1067    i.HAL_TIM_PeriodElapsedCallback  main.o
    0x08002ea8   0x08002ea8   0x00000002   Code   RO         3207    i.HAL_TIM_TriggerCallback  stm32f4xx_hal_tim.o
    0x08002eaa   0x08002eaa   0x00000082   Code   RO         4107    i.HAL_UARTEx_ReceiveToIdle_DMA  stm32f4xx_hal_uart.o
    0x08002f2c   0x08002f2c   0x00000048   Code   RO          684    i.HAL_UARTEx_RxEventCallback  my_uart.o
    0x08002f74   0x08002f74   0x000000c4   Code   RO         4112    i.HAL_UART_AbortReceive  stm32f4xx_hal_uart.o
    0x08003038   0x08003038   0x0000008a   Code   RO         4121    i.HAL_UART_DMAStop  stm32f4xx_hal_uart.o
    0x080030c2   0x080030c2   0x00000002   PAD
    0x080030c4   0x080030c4   0x00000044   Code   RO          315    i.HAL_UART_ErrorCallback  handkey.o
    0x08003108   0x08003108   0x000002e0   Code   RO         4126    i.HAL_UART_IRQHandler  stm32f4xx_hal_uart.o
    0x080033e8   0x080033e8   0x00000072   Code   RO         4127    i.HAL_UART_Init     stm32f4xx_hal_uart.o
    0x0800345a   0x0800345a   0x00000002   PAD
    0x0800345c   0x0800345c   0x0000068c   Code   RO         1356    i.HAL_UART_MspInit  usart.o
    0x08003ae8   0x08003ae8   0x00000042   Code   RO         4131    i.HAL_UART_Receive_DMA  stm32f4xx_hal_uart.o
    0x08003b2a   0x08003b2a   0x00000002   Code   RO         4133    i.HAL_UART_RxCpltCallback  stm32f4xx_hal_uart.o
    0x08003b2c   0x08003b2c   0x00000002   Code   RO         4134    i.HAL_UART_RxHalfCpltCallback  stm32f4xx_hal_uart.o
    0x08003b2e   0x08003b2e   0x000000d2   Code   RO         4135    i.HAL_UART_Transmit  stm32f4xx_hal_uart.o
    0x08003c00   0x08003c00   0x000000ac   Code   RO         4136    i.HAL_UART_Transmit_DMA  stm32f4xx_hal_uart.o
    0x08003cac   0x08003cac   0x00000002   Code   RO         4138    i.HAL_UART_TxCpltCallback  stm32f4xx_hal_uart.o
    0x08003cae   0x08003cae   0x00000002   Code   RO         4139    i.HAL_UART_TxHalfCpltCallback  stm32f4xx_hal_uart.o
    0x08003cb0   0x08003cb0   0x00000040   Code   RO          316    i.Handkey_Receive_Start  handkey.o
    0x08003cf0   0x08003cf0   0x00000004   Code   RO         1445    i.HardFault_Handler  stm32f4xx_it.o
    0x08003cf4   0x08003cf4   0x00000086   Code   RO          920    i.KalmanFilter      yuntai.o
    0x08003d7a   0x08003d7a   0x00000002   PAD
    0x08003d7c   0x08003d7c   0x000002ec   Code   RO          754    i.Keep_Position     auto_route.o
    0x08004068   0x08004068   0x00000090   Code   RO           20    i.M3510_Angle_Calculate  m3508.o
    0x080040f8   0x080040f8   0x00000290   Code   RO           21    i.M3510_PID_MotorInit  m3508.o
    0x08004388   0x08004388   0x00000044   Code   RO         1226    i.MX_CAN1_Init      can.o
    0x080043cc   0x080043cc   0x00000044   Code   RO         1227    i.MX_CAN2_Init      can.o
    0x08004410   0x08004410   0x00000108   Code   RO         1283    i.MX_DMA_Init       dma.o
    0x08004518   0x08004518   0x000000ac   Code   RO         1147    i.MX_FREERTOS_Init  freertos.o
    0x080045c4   0x080045c4   0x00000270   Code   RO         1123    i.MX_GPIO_Init      gpio.o
    0x08004834   0x08004834   0x0000006c   Code   RO         1309    i.MX_TIM2_Init      tim.o
    0x080048a0   0x080048a0   0x0000006c   Code   RO         1310    i.MX_TIM4_Init      tim.o
    0x0800490c   0x0800490c   0x00000038   Code   RO         1357    i.MX_UART4_Init     usart.o
    0x08004944   0x08004944   0x00000038   Code   RO         1358    i.MX_UART5_Init     usart.o
    0x0800497c   0x0800497c   0x00000038   Code   RO         1359    i.MX_USART1_UART_Init  usart.o
    0x080049b4   0x080049b4   0x00000038   Code   RO         1360    i.MX_USART2_UART_Init  usart.o
    0x080049ec   0x080049ec   0x00000038   Code   RO         1361    i.MX_USART3_UART_Init  usart.o
    0x08004a24   0x08004a24   0x00000038   Code   RO         1362    i.MX_USART6_UART_Init  usart.o
    0x08004a5c   0x08004a5c   0x00000028   Code   RO          317    i.MaPan_Receive_Start  handkey.o
    0x08004a84   0x08004a84   0x000004ec   Code   RO          318    i.Mapan_Data_Process  handkey.o
    0x08004f70   0x08004f70   0x00000004   Code   RO         1446    i.MemManage_Handler  stm32f4xx_it.o
    0x08004f74   0x08004f74   0x00000e38   Code   RO         1148    i.Motion_State      freertos.o
    0x08005dac   0x08005dac   0x000005f8   Code   RO         1149    i.Motor_Control     freertos.o
    0x080063a4   0x080063a4   0x00000004   Code   RO         1447    i.NMI_Handler       stm32f4xx_it.o
    0x080063a8   0x080063a8   0x00000190   Code   RO           22    i.PID_Calculate     m3508.o
    0x08006538   0x08006538   0x00000174   Code   RO           23    i.PID_Calculate_yuntai  m3508.o
    0x080066ac   0x080066ac   0x00000020   Code   RO          755    i.PID_Clear         auto_route.o
    0x080066cc   0x080066cc   0x00000016   Code   RO          756    i.PID_Init          auto_route.o
    0x080066e2   0x080066e2   0x00000002   PAD
    0x080066e4   0x080066e4   0x000000c4   Code   RO          757    i.PID_Path_Init     auto_route.o
    0x080067a8   0x080067a8   0x00000148   Code   RO          758    i.Pid_Calculate     auto_route.o
    0x080068f0   0x080068f0   0x00000040   Code   RO          320    i.Radar_Receive_Start  handkey.o
    0x08006930   0x08006930   0x000007c0   Code   RO          321    i.RemoteDataProcess  handkey.o
    0x080070f0   0x080070f0   0x000005a0   Code   RO          759    i.Robot_Control_Circle  auto_route.o
    0x08007690   0x08007690   0x00000498   Code   RO          760    i.Robot_Control_Line  auto_route.o
    0x08007b28   0x08007b28   0x0000000a   Code   RO         1150    i.StartDefaultTask  freertos.o
    0x08007b32   0x08007b32   0x00000002   PAD
    0x08007b34   0x08007b34   0x00000034   Code   RO         5729    i.SysTick_Handler   port.o
    0x08007b68   0x08007b68   0x000000b4   Code   RO         1068    i.SystemClock_Config  main.o
    0x08007c1c   0x08007c1c   0x00000014   Code   RO         4466    i.SystemInit        system_stm32f4xx.o
    0x08007c30   0x08007c30   0x00000010   Code   RO         1448    i.TIM2_IRQHandler   stm32f4xx_it.o
    0x08007c40   0x08007c40   0x00000010   Code   RO         1449    i.TIM3_IRQHandler   stm32f4xx_it.o
    0x08007c50   0x08007c50   0x00000010   Code   RO         1450    i.TIM4_IRQHandler   stm32f4xx_it.o
    0x08007c60   0x08007c60   0x000000d8   Code   RO         3209    i.TIM_Base_SetConfig  stm32f4xx_hal_tim.o
    0x08007d38   0x08007d38   0x00000016   Code   RO         3220    i.TIM_ETR_SetConfig  stm32f4xx_hal_tim.o
    0x08007d4e   0x08007d4e   0x00000012   Code   RO         3221    i.TIM_ITRx_SetConfig  stm32f4xx_hal_tim.o
    0x08007d60   0x08007d60   0x00000026   Code   RO         3227    i.TIM_TI1_ConfigInputStage  stm32f4xx_hal_tim.o
    0x08007d86   0x08007d86   0x00000028   Code   RO         3229    i.TIM_TI2_ConfigInputStage  stm32f4xx_hal_tim.o
    0x08007dae   0x08007dae   0x00000002   PAD
    0x08007db0   0x08007db0   0x000000bc   Code   RO          322    i.UART1_IDLE_Callback  handkey.o
    0x08007e6c   0x08007e6c   0x000000bc   Code   RO          323    i.UART2_IDLE_Callback  handkey.o
    0x08007f28   0x08007f28   0x00000010   Code   RO         1451    i.UART4_IRQHandler  stm32f4xx_it.o
    0x08007f38   0x08007f38   0x000000b0   Code   RO          324    i.UART5_IDLE_Callback  handkey.o
    0x08007fe8   0x08007fe8   0x00000014   Code   RO         1452    i.UART5_IRQHandler  stm32f4xx_it.o
    0x08007ffc   0x08007ffc   0x00000014   Code   RO         4140    i.UART_DMAAbortOnError  stm32f4xx_hal_uart.o
    0x08008010   0x08008010   0x00000050   Code   RO         4141    i.UART_DMAError     stm32f4xx_hal_uart.o
    0x08008060   0x08008060   0x000000b0   Code   RO         4142    i.UART_DMAReceiveCplt  stm32f4xx_hal_uart.o
    0x08008110   0x08008110   0x00000020   Code   RO         4144    i.UART_DMARxHalfCplt  stm32f4xx_hal_uart.o
    0x08008130   0x08008130   0x00000058   Code   RO         4146    i.UART_DMATransmitCplt  stm32f4xx_hal_uart.o
    0x08008188   0x08008188   0x0000000e   Code   RO         4148    i.UART_DMATxHalfCplt  stm32f4xx_hal_uart.o
    0x08008196   0x08008196   0x0000006c   Code   RO         4150    i.UART_EndRxTransfer  stm32f4xx_hal_uart.o
    0x08008202   0x08008202   0x00000020   Code   RO         4151    i.UART_EndTransmit_IT  stm32f4xx_hal_uart.o
    0x08008222   0x08008222   0x00000026   Code   RO         4152    i.UART_EndTxTransfer  stm32f4xx_hal_uart.o
    0x08008248   0x08008248   0x000000f8   Code   RO         4153    i.UART_Receive_IT   stm32f4xx_hal_uart.o
    0x08008340   0x08008340   0x0000022c   Code   RO         4154    i.UART_SetConfig    stm32f4xx_hal_uart.o
    0x0800856c   0x0800856c   0x000000d0   Code   RO         4155    i.UART_Start_Receive_DMA  stm32f4xx_hal_uart.o
    0x0800863c   0x0800863c   0x00000060   Code   RO         4157    i.UART_Transmit_IT  stm32f4xx_hal_uart.o
    0x0800869c   0x0800869c   0x00000092   Code   RO         4158    i.UART_WaitOnFlagUntilTimeout  stm32f4xx_hal_uart.o
    0x0800872e   0x0800872e   0x00000002   PAD
    0x08008730   0x08008730   0x00000014   Code   RO         1453    i.USART1_IRQHandler  stm32f4xx_it.o
    0x08008744   0x08008744   0x00000014   Code   RO         1454    i.USART2_IRQHandler  stm32f4xx_it.o
    0x08008758   0x08008758   0x000000bc   Code   RO          326    i.USART3_IDLE_Callback  handkey.o
    0x08008814   0x08008814   0x00000014   Code   RO         1455    i.USART3_IRQHandler  stm32f4xx_it.o
    0x08008828   0x08008828   0x00000010   Code   RO         1456    i.USART6_IRQHandler  stm32f4xx_it.o
    0x08008838   0x08008838   0x00000004   Code   RO         1457    i.UsageFault_Handler  stm32f4xx_it.o
    0x0800883c   0x0800883c   0x000003d4   Code   RO          685    i.Usart1_DataProcess  my_uart.o
    0x08008c10   0x08008c10   0x0000002c   Code   RO          923    i.Usart3_Start      yuntai.o
    0x08008c3c   0x08008c3c   0x0000002c   Code   RO          688    i.Usart6_Start      my_uart.o
    0x08008c68   0x08008c68   0x000000a8   Code   RO          891    i.Usart_Send_To_Show32  ano_tc.o
    0x08008d10   0x08008d10   0x00000052   Code   RO          478    i.VESC_CAN_Send     motion_control.o
    0x08008d62   0x08008d62   0x00000032   Code   RO          480    i.VESC_Set_RPM      motion_control.o
    0x08008d94   0x08008d94   0x00000338   Code   RO         1151    i.Wait_State        freertos.o
    0x080090cc   0x080090cc   0x00000338   Code   RO         1152    i.Zero_State        freertos.o
    0x08009404   0x08009404   0x00000030   Code   RO         6075    i.__ARM_fpclassify  m_wm.l(fpclassify.o)
    0x08009434   0x08009434   0x00000026   Code   RO         6010    i.__ARM_fpclassifyf  m_wm.l(fpclassifyf.o)
    0x0800945a   0x0800945a   0x00000002   PAD
    0x0800945c   0x0800945c   0x00000010   Code   RO         2734    i.__NVIC_GetPriorityGrouping  stm32f4xx_hal_cortex.o
    0x0800946c   0x0800946c   0x00000028   Code   RO         2735    i.__NVIC_SetPriority  stm32f4xx_hal_cortex.o
    0x08009494   0x08009494   0x00000118   Code   RO         5853    i.__hardfp_acosf    m_wm.l(acosf.o)
    0x080095ac   0x080095ac   0x000002ac   Code   RO         5877    i.__hardfp_atan2f   m_wm.l(atan2f.o)
    0x08009858   0x08009858   0x000000c8   Code   RO         5889    i.__hardfp_cos      m_wm.l(cos.o)
    0x08009920   0x08009920   0x00000150   Code   RO         5901    i.__hardfp_cosf     m_wm.l(cosf.o)
    0x08009a70   0x08009a70   0x00000014   Code   RO         5913    i.__hardfp_fabs     m_wm.l(fabs.o)
    0x08009a84   0x08009a84   0x00000004   PAD
    0x08009a88   0x08009a88   0x000000c8   Code   RO         5919    i.__hardfp_sin      m_wm.l(sin.o)
    0x08009b50   0x08009b50   0x00000190   Code   RO         5931    i.__hardfp_sinf     m_wm.l(sinf.o)
    0x08009ce0   0x08009ce0   0x0000007a   Code   RO         5943    i.__hardfp_sqrt     m_wm.l(sqrt.o)
    0x08009d5a   0x08009d5a   0x00000006   PAD
    0x08009d60   0x08009d60   0x00000438   Code   RO         6027    i.__ieee754_rem_pio2  m_wm.l(rred.o)
    0x0800a198   0x0800a198   0x00000170   Code   RO         5993    i.__kernel_cos      m_wm.l(cos_i.o)
    0x0800a308   0x0800a308   0x000000f8   Code   RO         6077    i.__kernel_poly     m_wm.l(poly.o)
    0x0800a400   0x0800a400   0x00000130   Code   RO         6035    i.__kernel_sin      m_wm.l(sin_i.o)
    0x0800a530   0x0800a530   0x00000014   Code   RO         5997    i.__mathlib_dbl_infnan  m_wm.l(dunder.o)
    0x0800a544   0x0800a544   0x00000004   PAD
    0x0800a548   0x0800a548   0x00000020   Code   RO         5999    i.__mathlib_dbl_invalid  m_wm.l(dunder.o)
    0x0800a568   0x0800a568   0x00000020   Code   RO         6002    i.__mathlib_dbl_underflow  m_wm.l(dunder.o)
    0x0800a588   0x0800a588   0x00000006   Code   RO         6013    i.__mathlib_flt_infnan  m_wm.l(funder.o)
    0x0800a58e   0x0800a58e   0x00000006   Code   RO         6014    i.__mathlib_flt_infnan2  m_wm.l(funder.o)
    0x0800a594   0x0800a594   0x00000010   Code   RO         6015    i.__mathlib_flt_invalid  m_wm.l(funder.o)
    0x0800a5a4   0x0800a5a4   0x00000010   Code   RO         6018    i.__mathlib_flt_underflow  m_wm.l(funder.o)
    0x0800a5b4   0x0800a5b4   0x00000154   Code   RO         6032    i.__mathlib_rredf2  m_wm.l(rredf.o)
    0x0800a708   0x0800a708   0x00000040   Code   RO          579    i.a1_get_position   a1_motor.o
    0x0800a748   0x0800a748   0x0000007c   Code   RO          581    i.a1_init           a1_motor.o
    0x0800a7c4   0x0800a7c4   0x00000040   Code   RO          582    i.a1_set_kp_kw      a1_motor.o
    0x0800a804   0x0800a804   0x00000054   Code   RO          583    i.a1_set_kw_w       a1_motor.o
    0x0800a858   0x0800a858   0x00000014   Code   RO          584    i.a1_set_mode       a1_motor.o
    0x0800a86c   0x0800a86c   0x00000018   Code   RO          585    i.a1_set_pos        a1_motor.o
    0x0800a884   0x0800a884   0x00000018   Code   RO          587    i.a1_set_w          a1_motor.o
    0x0800a89c   0x0800a89c   0x00000034   Code   RO          483    i.catch_down        motion_control.o
    0x0800a8d0   0x0800a8d0   0x00000034   Code   RO          484    i.catch_up          motion_control.o
    0x0800a904   0x0800a904   0x00000030   Code   RO          328    i.ceju_dataprocess  handkey.o
    0x0800a934   0x0800a934   0x000003b8   Code   RO          761    i.circle            auto_route.o
    0x0800acec   0x0800acec   0x00000154   Code   RO          762    i.coordinate_transformation  auto_route.o
    0x0800ae40   0x0800ae40   0x00000060   Code   RO          589    i.crc32_core        a1_motor.o
    0x0800aea0   0x0800aea0   0x00000018   Code   RO         5915    i.fabs              m_wm.l(fabs.o)
    0x0800aeb8   0x0800aeb8   0x0000006c   Code   RO          763    i.fitting_function  auto_route.o
    0x0800af24   0x0800af24   0x00000078   Code   RO          764    i.fitting_function2  auto_route.o
    0x0800af9c   0x0800af9c   0x00000022   Code   RO          690    i.get_float_from_4u8  my_uart.o
    0x0800afbe   0x0800afbe   0x00000002   PAD
    0x0800afc0   0x0800afc0   0x00000038   Code   RO          925    i.kalmanCreate      yuntai.o
    0x0800aff8   0x0800aff8   0x000000e8   Code   RO          765    i.keep_pid_init     auto_route.o
    0x0800b0e0   0x0800b0e0   0x0000002c   Code   RO          485    i.lift_move         motion_control.o
    0x0800b10c   0x0800b10c   0x00000040   Code   RO          486    i.lift_step         motion_control.o
    0x0800b14c   0x0800b14c   0x0000013c   Code   RO          766    i.line              auto_route.o
    0x0800b288   0x0800b288   0x000000b4   Code   RO           32    i.m3508_motion_control  m3508.o
    0x0800b33c   0x0800b33c   0x00000124   Code   RO         1069    i.main              main.o
    0x0800b460   0x0800b460   0x0000000e   Code   RO         5306    i.makeFreeRtosPriority  cmsis_os.o
    0x0800b46e   0x0800b46e   0x00000002   PAD
    0x0800b470   0x0800b470   0x0000000c   Code   RO          927    i.mode_change       yuntai.o
    0x0800b47c   0x0800b47c   0x000000c4   Code   RO          590    i.modify_data       a1_motor.o
    0x0800b540   0x0800b540   0x00000084   Code   RO          487    i.motion_resolve    motion_control.o
    0x0800b5c4   0x0800b5c4   0x00000018   Code   RO         5308    i.osDelay           cmsis_os.o
    0x0800b5dc   0x0800b5dc   0x0000000a   Code   RO         5311    i.osKernelStart     cmsis_os.o
    0x0800b5e6   0x0800b5e6   0x0000004a   Code   RO         5337    i.osSemaphoreCreate  cmsis_os.o
    0x0800b630   0x0800b630   0x0000005e   Code   RO         5345    i.osThreadCreate    cmsis_os.o
    0x0800b68e   0x0800b68e   0x00000060   Code   RO           33    i.position_set      m3508.o
    0x0800b6ee   0x0800b6ee   0x00000002   PAD
    0x0800b6f0   0x0800b6f0   0x00000098   Code   RO         4977    i.prvAddCurrentTaskToDelayedList  tasks.o
    0x0800b788   0x0800b788   0x000000b4   Code   RO         4978    i.prvAddNewTaskToReadyList  tasks.o
    0x0800b83c   0x0800b83c   0x00000048   Code   RO         4979    i.prvCheckTasksWaitingTermination  tasks.o
    0x0800b884   0x0800b884   0x0000007e   Code   RO         4644    i.prvCopyDataToQueue  queue.o
    0x0800b902   0x0800b902   0x00000050   Code   RO         4980    i.prvDeleteTCB      tasks.o
    0x0800b952   0x0800b952   0x00000002   PAD
    0x0800b954   0x0800b954   0x0000007c   Code   RO         5661    i.prvHeapInit       heap_4.o
    0x0800b9d0   0x0800b9d0   0x00000028   Code   RO         4981    i.prvIdleTask       tasks.o
    0x0800b9f8   0x0800b9f8   0x00000026   Code   RO         4647    i.prvInitialiseNewQueue  queue.o
    0x0800ba1e   0x0800ba1e   0x000000b4   Code   RO         4982    i.prvInitialiseNewTask  tasks.o
    0x0800bad2   0x0800bad2   0x00000002   PAD
    0x0800bad4   0x0800bad4   0x00000068   Code   RO         4983    i.prvInitialiseTaskLists  tasks.o
    0x0800bb3c   0x0800bb3c   0x00000068   Code   RO         5662    i.prvInsertBlockIntoFreeList  heap_4.o
    0x0800bba4   0x0800bba4   0x0000001e   Code   RO         4649    i.prvIsQueueFull    queue.o
    0x0800bbc2   0x0800bbc2   0x00000002   PAD
    0x0800bbc4   0x0800bbc4   0x00000034   Code   RO         4984    i.prvResetNextTaskUnblockTime  tasks.o
    0x0800bbf8   0x0800bbf8   0x00000040   Code   RO         5730    i.prvTaskExitError  port.o
    0x0800bc38   0x0800bc38   0x0000007e   Code   RO         4650    i.prvUnlockQueue    queue.o
    0x0800bcb6   0x0800bcb6   0x00000002   PAD
    0x0800bcb8   0x0800bcb8   0x0000014c   Code   RO         5663    i.pvPortMalloc      heap_4.o
    0x0800be04   0x0800be04   0x0000002c   Code   RO         5731    i.pxPortInitialiseStack  port.o
    0x0800be30   0x0800be30   0x0000003e   Code   RO         6043    i.sqrtf             m_wm.l(sqrtf.o)
    0x0800be6e   0x0800be6e   0x00000028   Code   RO         4603    i.uxListRemove      list.o
    0x0800be96   0x0800be96   0x00000002   PAD
    0x0800be98   0x0800be98   0x00000018   Code   RO         1153    i.vApplicationGetIdleTaskMemory  freertos.o
    0x0800beb0   0x0800beb0   0x0000001a   Code   RO         4604    i.vListInitialise   list.o
    0x0800beca   0x0800beca   0x00000006   Code   RO         4605    i.vListInitialiseItem  list.o
    0x0800bed0   0x0800bed0   0x00000034   Code   RO         4606    i.vListInsert       list.o
    0x0800bf04   0x0800bf04   0x00000018   Code   RO         4607    i.vListInsertEnd    list.o
    0x0800bf1c   0x0800bf1c   0x00000054   Code   RO         5733    i.vPortEnterCritical  port.o
    0x0800bf70   0x0800bf70   0x0000003c   Code   RO         5734    i.vPortExitCritical  port.o
    0x0800bfac   0x0800bfac   0x000000a4   Code   RO         5664    i.vPortFree         heap_4.o
    0x0800c050   0x0800c050   0x00000028   Code   RO         5735    i.vPortSetupTimerInterrupt  port.o
    0x0800c078   0x0800c078   0x0000005c   Code   RO         4993    i.vTaskDelay        tasks.o
    0x0800c0d4   0x0800c0d4   0x00000018   Code   RO         4996    i.vTaskInternalSetTimeOutState  tasks.o
    0x0800c0ec   0x0800c0ec   0x0000000c   Code   RO         4997    i.vTaskMissedYield  tasks.o
    0x0800c0f8   0x0800c0f8   0x00000038   Code   RO         4999    i.vTaskPlaceOnEventList  tasks.o
    0x0800c130   0x0800c130   0x000000b0   Code   RO         5006    i.vTaskStartScheduler  tasks.o
    0x0800c1e0   0x0800c1e0   0x00000010   Code   RO         5008    i.vTaskSuspendAll   tasks.o
    0x0800c1f0   0x0800c1f0   0x0000008c   Code   RO         5009    i.vTaskSwitchContext  tasks.o
    0x0800c27c   0x0800c27c   0x00000168   Code   RO         5737    i.xPortStartScheduler  port.o
    0x0800c3e4   0x0800c3e4   0x0000005a   Code   RO         4659    i.xQueueGenericCreate  queue.o
    0x0800c43e   0x0800c43e   0x000000e0   Code   RO         4660    i.xQueueGenericCreateStatic  queue.o
    0x0800c51e   0x0800c51e   0x00000002   PAD
    0x0800c520   0x0800c520   0x00000098   Code   RO         4661    i.xQueueGenericReset  queue.o
    0x0800c5b8   0x0800c5b8   0x000001a8   Code   RO         4662    i.xQueueGenericSend  queue.o
    0x0800c760   0x0800c760   0x0000008c   Code   RO         5011    i.xTaskCheckForTimeOut  tasks.o
    0x0800c7ec   0x0800c7ec   0x00000064   Code   RO         5012    i.xTaskCreate       tasks.o
    0x0800c850   0x0800c850   0x000000ba   Code   RO         5013    i.xTaskCreateStatic  tasks.o
    0x0800c90a   0x0800c90a   0x00000002   PAD
    0x0800c90c   0x0800c90c   0x00000020   Code   RO         5017    i.xTaskGetSchedulerState  tasks.o
    0x0800c92c   0x0800c92c   0x00000148   Code   RO         5020    i.xTaskIncrementTick  tasks.o
    0x0800ca74   0x0800ca74   0x000000c8   Code   RO         5023    i.xTaskPriorityDisinherit  tasks.o
    0x0800cb3c   0x0800cb3c   0x00000098   Code   RO         5025    i.xTaskRemoveFromEventList  tasks.o
    0x0800cbd4   0x0800cbd4   0x00000104   Code   RO         5026    i.xTaskResumeAll    tasks.o
    0x0800ccd8   0x0800ccd8   0x0000004a   Code   RO          331    i.xiaodou           handkey.o
    0x0800cd22   0x0800cd22   0x00000002   PAD
    0x0800cd24   0x0800cd24   0x00000600   Code   RO          931    i.yuntai_control    yuntai.o
    0x0800d324   0x0800d324   0x00000094   Code   RO          932    i.yuntai_init       yuntai.o
    0x0800d3b8   0x0800d3b8   0x0000000c   Code   RO          933    i.yuntai_manual     yuntai.o
    0x0800d3c4   0x0800d3c4   0x000000b8   Code   RO          934    i.yuntai_path       yuntai.o
    0x0800d47c   0x0800d47c   0x00000018   Code   RO          935    i.yuntai_set_target_pitch  yuntai.o
    0x0800d494   0x0800d494   0x00000018   Code   RO          936    i.yuntai_set_target_yaw  yuntai.o
    0x0800d4ac   0x0800d4ac   0x00000088   Code   RO          937    i.yuntai_shoot_select  yuntai.o
    0x0800d534   0x0800d534   0x00000078   Code   RO          938    i.yuntai_start_path  yuntai.o
    0x0800d5ac   0x0800d5ac   0x0000002c   Code   RO          332    i.zero_reset        handkey.o
    0x0800d5d8   0x0800d5d8   0x00000018   Code   RO         5962    x$fpl$basic         fz_wm.l(basic.o)
    0x0800d5f0   0x0800d5f0   0x00000062   Code   RO         5823    x$fpl$d2f           fz_wm.l(d2f.o)
    0x0800d652   0x0800d652   0x00000002   PAD
    0x0800d654   0x0800d654   0x00000150   Code   RO         5825    x$fpl$dadd          fz_wm.l(daddsub_clz.o)
    0x0800d7a4   0x0800d7a4   0x00000018   Code   RO         5964    x$fpl$dcmpinf       fz_wm.l(dcmpi.o)
    0x0800d7bc   0x0800d7bc   0x000002b0   Code   RO         5832    x$fpl$ddiv          fz_wm.l(ddiv.o)
    0x0800da6c   0x0800da6c   0x0000005e   Code   RO         5835    x$fpl$dfix          fz_wm.l(dfix.o)
    0x0800daca   0x0800daca   0x0000002e   Code   RO         5840    x$fpl$dflt          fz_wm.l(dflt_clz.o)
    0x0800daf8   0x0800daf8   0x00000026   Code   RO         5839    x$fpl$dfltu         fz_wm.l(dflt_clz.o)
    0x0800db1e   0x0800db1e   0x00000002   PAD
    0x0800db20   0x0800db20   0x00000078   Code   RO         5845    x$fpl$dleqf         fz_wm.l(dleqf.o)
    0x0800db98   0x0800db98   0x00000154   Code   RO         5847    x$fpl$dmul          fz_wm.l(dmul.o)
    0x0800dcec   0x0800dcec   0x0000009c   Code   RO         5968    x$fpl$dnaninf       fz_wm.l(dnaninf.o)
    0x0800dd88   0x0800dd88   0x0000000c   Code   RO         5970    x$fpl$dretinf       fz_wm.l(dretinf.o)
    0x0800dd94   0x0800dd94   0x0000006c   Code   RO         5849    x$fpl$drleqf        fz_wm.l(drleqf.o)
    0x0800de00   0x0800de00   0x00000016   Code   RO         5826    x$fpl$drsb          fz_wm.l(daddsub_clz.o)
    0x0800de16   0x0800de16   0x00000002   PAD
    0x0800de18   0x0800de18   0x00000198   Code   RO         5972    x$fpl$dsqrt         fz_wm.l(dsqrt_umaal.o)
    0x0800dfb0   0x0800dfb0   0x000001d4   Code   RO         5827    x$fpl$dsub          fz_wm.l(daddsub_clz.o)
    0x0800e184   0x0800e184   0x00000056   Code   RO         5851    x$fpl$f2d           fz_wm.l(f2d.o)
    0x0800e1da   0x0800e1da   0x0000008c   Code   RO         5974    x$fpl$fnaninf       fz_wm.l(fnaninf.o)
    0x0800e266   0x0800e266   0x0000000a   Code   RO         6164    x$fpl$fpinit        fz_wm.l(fpinit.o)
    0x0800e270   0x0800e270   0x0000000a   Code   RO         5976    x$fpl$fretinf       fz_wm.l(fretinf.o)
    0x0800e27a   0x0800e27a   0x00000000   Code   RO         5978    x$fpl$usenofp       fz_wm.l(usenofp.o)
    0x0800e27a   0x0800e27a   0x00000002   PAD
    0x0800e27c   0x0800e27c   0x0000008c   Data   RO         1155    .constdata          freertos.o
    0x0800e308   0x0800e308   0x00000008   Data   RO         2451    .constdata          stm32f4xx_hal_dma.o
    0x0800e310   0x0800e310   0x00000018   Data   RO         4467    .constdata          system_stm32f4xx.o
    0x0800e328   0x0800e328   0x00000030   Data   RO         5994    .constdata          m_wm.l(cos_i.o)
    0x0800e358   0x0800e358   0x000000c8   Data   RO         6029    .constdata          m_wm.l(rred.o)
    0x0800e420   0x0800e420   0x00000020   Data   RO         6033    .constdata          m_wm.l(rredf.o)
    0x0800e440   0x0800e440   0x00000028   Data   RO         6036    .constdata          m_wm.l(sin_i.o)
    0x0800e468   0x0800e468   0x00000042   Data   RO         1156    .conststring        freertos.o
    0x0800e4aa   0x0800e4aa   0x00000002   PAD
    0x0800e4ac   0x0800e4ac   0x00000020   Data   RO         6222    Region$$Table       anon$$obj.o


    Execution Region RW_IRAM1 (Exec base: 0x20000000, Load base: 0x0800e4cc, Size: 0x00009a88, Max: 0x0001c000, ABSOLUTE, COMPRESSED[0x00000074])

    Exec Addr    Load Addr    Size         Type   Attr      Idx    E Section Name        Object

    0x20000000   COMPRESSED   0x00000114   Data   RW          334    .data               handkey.o
    0x20000114   COMPRESSED   0x00000011   Data   RW          692    .data               my_uart.o
    0x20000125   COMPRESSED   0x00000003   PAD
    0x20000128   COMPRESSED   0x00000034   Data   RW          769    .data               auto_route.o
    0x2000015c   COMPRESSED   0x00000004   PAD
    0x20000160   COMPRESSED   0x000000b0   Data   RW          942    .data               yuntai.o
    0x20000210   COMPRESSED   0x00000008   Data   RW         1071    .data               main.o
    0x20000218   COMPRESSED   0x00000180   Data   RW         1157    .data               freertos.o
    0x20000398   COMPRESSED   0x00000004   Data   RW         1229    .data               can.o
    0x2000039c   COMPRESSED   0x00000009   Data   RW         2883    .data               stm32f4xx_hal.o
    0x200003a5   COMPRESSED   0x00000003   PAD
    0x200003a8   COMPRESSED   0x00000004   Data   RW         4468    .data               system_stm32f4xx.o
    0x200003ac   COMPRESSED   0x0000003c   Data   RW         5029    .data               tasks.o
    0x200003e8   COMPRESSED   0x00000020   Data   RW         5670    .data               heap_4.o
    0x20000408   COMPRESSED   0x0000000c   Data   RW         5738    .data               port.o
    0x20000414        -       0x00001c28   Zero   RW           34    .bss                m3508.o
    0x2000203c        -       0x00001980   Zero   RW          333    .bss                handkey.o
    0x200039bc   COMPRESSED   0x00000004   PAD
    0x200039c0        -       0x000001d6   Zero   RW          591    .bss                a1_motor.o
    0x20003b96        -       0x00000052   Zero   RW          691    .bss                my_uart.o
    0x20003be8        -       0x0000079c   Zero   RW          768    .bss                auto_route.o
    0x20004384        -       0x00000031   Zero   RW          892    .bss                ano_tc.o
    0x200043b5   COMPRESSED   0x00000003   PAD
    0x200043b8        -       0x00000928   Zero   RW          941    .bss                yuntai.o
    0x20004ce0        -       0x0000003c   Zero   RW         1070    .bss                main.o
    0x20004d1c        -       0x000002dc   Zero   RW         1154    .bss                freertos.o
    0x20004ff8        -       0x00000050   Zero   RW         1228    .bss                can.o
    0x20005048        -       0x00000090   Zero   RW         1311    .bss                tim.o
    0x200050d8        -       0x00000618   Zero   RW         1363    .bss                usart.o
    0x200056f0        -       0x00000048   Zero   RW         1662    .bss                stm32f4xx_hal_timebase_tim.o
    0x20005738        -       0x000000f0   Zero   RW         5028    .bss                tasks.o
    0x20005828        -       0x00003c00   Zero   RW         5669    .bss                heap_4.o
    0x20009428        -       0x00000060   Zero   RW         6080    .bss                c_w.l(libspace.o)
    0x20009488        -       0x00000200   Zero   RW            2    HEAP                startup_stm32f407xx.o
    0x20009688        -       0x00000400   Zero   RW            1    STACK               startup_stm32f407xx.o


    Execution Region RW_IRAM2 (Exec base: 0x2001c000, Load base: 0x0800e540, Size: 0x00000000, Max: 0x00004000, ABSOLUTE)

    **** No section assigned to this execution region ****


==============================================================================

Image component sizes


      Code (inc. data)   RO Data    RW Data    ZI Data      Debug   Object Name

       828         98          0          0        470       7054   a1_motor.o
       168         10          0          0         49       1303   ano_tc.o
      6244        532          0         52       1948      36450   auto_route.o
       656         52          0          4         80       3632   can.o
       216          0          0          0          0      18183   cmsis_os.o
       264          6          0          0          0        894   dma.o
         0          0          0          0          0      19980   event_groups.o
      7022        938        206        384        732      12875   freertos.o
       624         30          0          0          0       1343   gpio.o
      4450        430          0        276       6528      18969   handkey.o
       724         74          0         32      15360       7419   heap_4.o
       148          0          0          0          0       3566   list.o
      2574         96          0          0       7208     726203   m3508.o
       970        106          0          8         60       4289   main.o
       476         42          0          0          0      11580   motion_control.o
      1130         42          0         17         82       3742   my_uart.o
       894         78          0         12          0      11136   port.o
      1210         10          0          0          0      12299   queue.o
        64         26        392          0       1536        840   startup_stm32f407xx.o
       136         24          0          9          0       8730   stm32f4xx_hal.o
      2134          6          0          0          0      14327   stm32f4xx_hal_can.o
       252         22          0          0          0      33678   stm32f4xx_hal_cortex.o
      1442         16          8          0          0       7633   stm32f4xx_hal_dma.o
       528         46          0          0          0       2783   stm32f4xx_hal_gpio.o
        84          6          0          0          0        862   stm32f4xx_hal_msp.o
      1888         94          0          0          0       6281   stm32f4xx_hal_rcc.o
      1286         76          0          0          0       9687   stm32f4xx_hal_tim.o
       184         30          0          0          0       2497   stm32f4xx_hal_tim_ex.o
       180         20          0          0         72       1467   stm32f4xx_hal_timebase_tim.o
      3612         38          0          0          0      21052   stm32f4xx_hal_uart.o
       438        142          0          0          0      15429   stm32f4xx_it.o
         0          0          0          0          0        392   stream_buffer.o
        20          6         24          4          0       1127   system_stm32f4xx.o
      2774        340          0         60        240      25928   tasks.o
       344         22          0          0        144       2403   tim.o
      2012        182          0          0       1560       6227   usart.o
      2430        292          0        176       2344      10945   yuntai.o

    ----------------------------------------------------------------------
     48454       3932        664       1044      38420    1073205   Object Totals
         0          0         32          0          0          0   (incl. Generated)
        48          0          2         10          7          0   (incl. Padding)

    ----------------------------------------------------------------------

      Code (inc. data)   RO Data    RW Data    ZI Data      Debug   Library Member Name

        90          0          0          0          0          0   __dczerorl2.o
         8          0          0          0          0         68   __main.o
         0          0          0          0          0          0   __rtentry.o
        12          0          0          0          0          0   __rtentry2.o
         6          0          0          0          0          0   __rtentry4.o
        52          8          0          0          0          0   __scatter.o
        28          0          0          0          0          0   __scatter_zi.o
        22          0          0          0          0        100   _rserrno.o
        18          0          0          0          0         80   exit.o
         6          0          0          0          0        152   heapauxi.o
         0          0          0          0          0          0   indicate_semi.o
         2          0          0          0          0          0   libinit.o
         6          0          0          0          0          0   libinit2.o
         2          0          0          0          0          0   libshutdown.o
         2          0          0          0          0          0   libshutdown2.o
         8          4          0          0         96         68   libspace.o
       238          0          0          0          0        100   lludivv7m.o
         8          4          0          0          0         68   rt_errno_addr_intlibspace.o
        68          0          0          0          0         68   rt_memclr.o
        78          0          0          0          0         80   rt_memclr_w.o
       138          0          0          0          0         68   rt_memcpy_v6.o
       100          0          0          0          0         80   rt_memcpy_w.o
         2          0          0          0          0          0   rtexit.o
        10          0          0          0          0          0   rtexit2.o
        12          4          0          0          0         68   sys_exit.o
        74          0          0          0          0         80   sys_stackheap_outer.o
         2          0          0          0          0         68   use_no_semi.o
        24          0          0          0          0        164   basic.o
        98          4          0          0          0        140   d2f.o
       826         16          0          0          0        492   daddsub_clz.o
        24          0          0          0          0        116   dcmpi.o
       688        140          0          0          0        256   ddiv.o
        94          4          0          0          0        140   dfix.o
        84          0          0          0          0        232   dflt_clz.o
       120          4          0          0          0        140   dleqf.o
       340         12          0          0          0        152   dmul.o
       156          4          0          0          0        140   dnaninf.o
        12          0          0          0          0        116   dretinf.o
       108          0          0          0          0        128   drleqf.o
       408         56          0          0          0        168   dsqrt_umaal.o
        86          4          0          0          0        132   f2d.o
       140          4          0          0          0        132   fnaninf.o
        10          0          0          0          0        116   fpinit.o
        10          0          0          0          0        116   fretinf.o
         0          0          0          0          0          0   usenofp.o
       280         46          0          0          0        176   acosf.o
       684         90          0          0          0        208   atan2f.o
       200         20          0          0          0        164   cos.o
       368         46         48          0          0        200   cos_i.o
       336         56          0          0          0        136   cosf.o
        84         16          0          0          0        372   dunder.o
        44          0          0          0          0        248   fabs.o
        48          0          0          0          0        124   fpclassify.o
        38          0          0          0          0        116   fpclassifyf.o
        44         12          0          0          0        464   funder.o
       248          0          0          0          0        152   poly.o
      1080        142        200          0          0        188   rred.o
       340         24         32          0          0        160   rredf.o
       200         20          0          0          0        164   sin.o
       304         24         40          0          0        208   sin_i.o
       400         56          0          0          0        212   sinf.o
       122          0          0          0          0        148   sqrt.o
        62          0          0          0          0        136   sqrtf.o

    ----------------------------------------------------------------------
      9134        820        320          0         96       7604   Library Totals
        32          0          0          0          0          0   (incl. Padding)

    ----------------------------------------------------------------------

      Code (inc. data)   RO Data    RW Data    ZI Data      Debug   Library Name

       992         20          0          0         96       1148   c_w.l
      3228        248          0          0          0       2880   fz_wm.l
      4882        552        320          0          0       3576   m_wm.l

    ----------------------------------------------------------------------
      9134        820        320          0         96       7604   Library Totals

    ----------------------------------------------------------------------

==============================================================================


      Code (inc. data)   RO Data    RW Data    ZI Data      Debug   

     57588       4752        984       1044      38516    1049789   Grand Totals
     57588       4752        984        116      38516    1049789   ELF Image Totals (compressed)
     57588       4752        984        116          0          0   ROM Totals

==============================================================================

    Total RO  Size (Code + RO Data)                58572 (  57.20kB)
    Total RW  Size (RW Data + ZI Data)             39560 (  38.63kB)
    Total ROM Size (Code + RO Data + RW Data)      58688 (  57.31kB)

==============================================================================

