Component: ARM Compiler 5.06 update 7 (build 960) Tool: armlink [4d3601]

==============================================================================

Section Cross References

    startup_stm32f407xx.o(STACK) refers (Special) to heapauxi.o(.text) for __use_two_region_memory
    startup_stm32f407xx.o(HEAP) refers (Special) to heapauxi.o(.text) for __use_two_region_memory
    startup_stm32f407xx.o(RESET) refers (Special) to heapauxi.o(.text) for __use_two_region_memory
    startup_stm32f407xx.o(RESET) refers to startup_stm32f407xx.o(STACK) for __initial_sp
    startup_stm32f407xx.o(RESET) refers to startup_stm32f407xx.o(.text) for Reset_Handler
    startup_stm32f407xx.o(RESET) refers to stm32f4xx_it.o(i.NMI_Handler) for NMI_Handler
    startup_stm32f407xx.o(RESET) refers to stm32f4xx_it.o(i.HardFault_Handler) for HardFault_Handler
    startup_stm32f407xx.o(RESET) refers to stm32f4xx_it.o(i.MemManage_Handler) for MemManage_Handler
    startup_stm32f407xx.o(RESET) refers to stm32f4xx_it.o(i.BusFault_Handler) for BusFault_Handler
    startup_stm32f407xx.o(RESET) refers to stm32f4xx_it.o(i.UsageFault_Handler) for UsageFault_Handler
    startup_stm32f407xx.o(RESET) refers to port.o(.emb_text) for SVC_Handler
    startup_stm32f407xx.o(RESET) refers to stm32f4xx_it.o(i.DebugMon_Handler) for DebugMon_Handler
    startup_stm32f407xx.o(RESET) refers to port.o(i.SysTick_Handler) for SysTick_Handler
    startup_stm32f407xx.o(RESET) refers to stm32f4xx_it.o(i.DMA1_Stream0_IRQHandler) for DMA1_Stream0_IRQHandler
    startup_stm32f407xx.o(RESET) refers to stm32f4xx_it.o(i.DMA1_Stream5_IRQHandler) for DMA1_Stream5_IRQHandler
    startup_stm32f407xx.o(RESET) refers to stm32f4xx_it.o(i.DMA1_Stream6_IRQHandler) for DMA1_Stream6_IRQHandler
    startup_stm32f407xx.o(RESET) refers to stm32f4xx_it.o(i.CAN1_RX0_IRQHandler) for CAN1_RX0_IRQHandler
    startup_stm32f407xx.o(RESET) refers to stm32f4xx_it.o(i.CAN1_RX1_IRQHandler) for CAN1_RX1_IRQHandler
    startup_stm32f407xx.o(RESET) refers to stm32f4xx_it.o(i.EXTI9_5_IRQHandler) for EXTI9_5_IRQHandler
    startup_stm32f407xx.o(RESET) refers to stm32f4xx_it.o(i.TIM2_IRQHandler) for TIM2_IRQHandler
    startup_stm32f407xx.o(RESET) refers to stm32f4xx_it.o(i.USART1_IRQHandler) for USART1_IRQHandler
    startup_stm32f407xx.o(RESET) refers to stm32f4xx_it.o(i.USART2_IRQHandler) for USART2_IRQHandler
    startup_stm32f407xx.o(RESET) refers to stm32f4xx_it.o(i.UART5_IRQHandler) for UART5_IRQHandler
    startup_stm32f407xx.o(RESET) refers to stm32f4xx_it.o(i.TIM7_IRQHandler) for TIM7_IRQHandler
    startup_stm32f407xx.o(RESET) refers to stm32f4xx_it.o(i.DMA2_Stream1_IRQHandler) for DMA2_Stream1_IRQHandler
    startup_stm32f407xx.o(RESET) refers to stm32f4xx_it.o(i.DMA2_Stream2_IRQHandler) for DMA2_Stream2_IRQHandler
    startup_stm32f407xx.o(RESET) refers to stm32f4xx_it.o(i.CAN2_RX0_IRQHandler) for CAN2_RX0_IRQHandler
    startup_stm32f407xx.o(RESET) refers to stm32f4xx_it.o(i.CAN2_RX1_IRQHandler) for CAN2_RX1_IRQHandler
    startup_stm32f407xx.o(RESET) refers to stm32f4xx_it.o(i.DMA2_Stream6_IRQHandler) for DMA2_Stream6_IRQHandler
    startup_stm32f407xx.o(RESET) refers to stm32f4xx_it.o(i.DMA2_Stream7_IRQHandler) for DMA2_Stream7_IRQHandler
    startup_stm32f407xx.o(.text) refers (Special) to heapauxi.o(.text) for __use_two_region_memory
    startup_stm32f407xx.o(.text) refers to system_stm32f4xx.o(i.SystemInit) for SystemInit
    startup_stm32f407xx.o(.text) refers to __main.o(!!!main) for __main
    startup_stm32f407xx.o(.text) refers to startup_stm32f407xx.o(HEAP) for Heap_Mem
    startup_stm32f407xx.o(.text) refers to startup_stm32f407xx.o(STACK) for Stack_Mem
    pid_controller.o(i.CAN2_SetMotor_0_3) refers to stm32f4xx_hal_can.o(i.HAL_CAN_AddTxMessage) for HAL_CAN_AddTxMessage
    pid_controller.o(i.CAN2_SetMotor_0_3) refers to can.o(.bss) for hcan2
    pid_controller.o(i.CAN2_SetMotor_4_7) refers to stm32f4xx_hal_can.o(i.HAL_CAN_AddTxMessage) for HAL_CAN_AddTxMessage
    pid_controller.o(i.CAN2_SetMotor_4_7) refers to can.o(.bss) for hcan2
    pid_controller.o(i.Can_3508_Receive) refers to pid_controller.o(i.M3510_Angle_Calculate) for M3510_Angle_Calculate
    pid_controller.o(i.HAL_CAN_RxFifo0MsgPendingCallback) refers to stm32f4xx_hal_can.o(i.HAL_CAN_GetRxMessage) for HAL_CAN_GetRxMessage
    pid_controller.o(i.HAL_CAN_RxFifo0MsgPendingCallback) refers to pid_controller.o(i.Can_3508_Receive) for Can_3508_Receive
    pid_controller.o(i.HAL_CAN_RxFifo0MsgPendingCallback) refers to stm32f4xx_hal_can.o(i.HAL_CAN_ActivateNotification) for HAL_CAN_ActivateNotification
    pid_controller.o(i.HAL_CAN_RxFifo0MsgPendingCallback) refers to jy_me02.o(i.JY_Encoder_Can_Receive) for JY_Encoder_Can_Receive
    pid_controller.o(i.HAL_CAN_RxFifo0MsgPendingCallback) refers to m3508.o(i.M350x_RecData) for M350x_RecData
    pid_controller.o(i.HAL_CAN_RxFifo0MsgPendingCallback) refers to dm_j4310.o(i.uint_to_float) for uint_to_float
[...]
    HAL_DMA_Abort_IT                         0x08001c6f   Thumb Code    40  stm32f4xx_hal_dma.o(i.HAL_DMA_Abort_IT)
    HAL_DMA_IRQHandler                       0x08001c99   Thumb Code   570  stm32f4xx_hal_dma.o(i.HAL_DMA_IRQHandler)
    HAL_DMA_Init                             0x08001ed9   Thumb Code   232  stm32f4xx_hal_dma.o(i.HAL_DMA_Init)
    HAL_DMA_Start_IT                         0x08001fc5   Thumb Code   146  stm32f4xx_hal_dma.o(i.HAL_DMA_Start_IT)
    HAL_Delay                                0x08002059   Thumb Code    36  stm32f4xx_hal.o(i.HAL_Delay)
    HAL_FLASH_Lock                           0x08002081   Thumb Code    16  stm32f4xx_hal_flash.o(i.HAL_FLASH_Lock)
    HAL_FLASH_Program                        0x08002095   Thumb Code   142  stm32f4xx_hal_flash.o(i.HAL_FLASH_Program)
    HAL_FLASH_Unlock                         0x0800212d   Thumb Code    38  stm32f4xx_hal_flash.o(i.HAL_FLASH_Unlock)
    HAL_GPIO_EXTI_Callback                   0x08002161   Thumb Code     2  stm32f4xx_hal_gpio.o(i.HAL_GPIO_EXTI_Callback)
    HAL_GPIO_EXTI_IRQHandler                 0x08002165   Thumb Code    24  stm32f4xx_hal_gpio.o(i.HAL_GPIO_EXTI_IRQHandler)
    HAL_GPIO_Init                            0x08002181   Thumb Code   452  stm32f4xx_hal_gpio.o(i.HAL_GPIO_Init)
    HAL_GPIO_ReadPin                         0x08002371   Thumb Code    16  stm32f4xx_hal_gpio.o(i.HAL_GPIO_ReadPin)
    HAL_GPIO_WritePin                        0x08002381   Thumb Code    12  stm32f4xx_hal_gpio.o(i.HAL_GPIO_WritePin)
    HAL_GetTick                              0x0800238d   Thumb Code     6  stm32f4xx_hal.o(i.HAL_GetTick)
    HAL_IncTick                              0x08002399   Thumb Code    16  stm32f4xx_hal.o(i.HAL_IncTick)
    HAL_Init                                 0x080023b1   Thumb Code    54  stm32f4xx_hal.o(i.HAL_Init)
    HAL_InitTick                             0x080023ed   Thumb Code   122  stm32f4xx_hal_timebase_tim.o(i.HAL_InitTick)
    HAL_MspInit                              0x08002479   Thumb Code    78  stm32f4xx_hal_msp.o(i.HAL_MspInit)
    HAL_NVIC_EnableIRQ                       0x080024cd   Thumb Code    32  stm32f4xx_hal_cortex.o(i.HAL_NVIC_EnableIRQ)
    HAL_NVIC_SetPriority                     0x080024ed   Thumb Code   124  stm32f4xx_hal_cortex.o(i.HAL_NVIC_SetPriority)
    HAL_NVIC_SetPriorityGrouping             0x08002569   Thumb Code    32  stm32f4xx_hal_cortex.o(i.HAL_NVIC_SetPriorityGrouping)
    HAL_RCC_ClockConfig                      0x08002591   Thumb Code   368  stm32f4xx_hal_rcc.o(i.HAL_RCC_ClockConfig)
    HAL_RCC_GetClockConfig                   0x08002715   Thumb Code    58  stm32f4xx_hal_rcc.o(i.HAL_RCC_GetClockConfig)
    HAL_RCC_GetHCLKFreq                      0x08002759   Thumb Code     6  stm32f4xx_hal_rcc.o(i.HAL_RCC_GetHCLKFreq)
    HAL_RCC_GetPCLK1Freq                     0x08002765   Thumb Code    22  stm32f4xx_hal_rcc.o(i.HAL_RCC_GetPCLK1Freq)
    HAL_RCC_GetPCLK2Freq                     0x08002785   Thumb Code    22  stm32f4xx_hal_rcc.o(i.HAL_RCC_GetPCLK2Freq)
    HAL_RCC_GetSysClockFreq                  0x080027a5   Thumb Code   162  stm32f4xx_hal_rcc.o(i.HAL_RCC_GetSysClockFreq)
    HAL_RCC_OscConfig                        0x08002855   Thumb Code  1172  stm32f4xx_hal_rcc.o(i.HAL_RCC_OscConfig)
    HAL_TIMEx_BreakCallback                  0x08002cf1   Thumb Code     2  stm32f4xx_hal_tim_ex.o(i.HAL_TIMEx_BreakCallback)
    HAL_TIMEx_CommutCallback                 0x08002cf3   Thumb Code     2  stm32f4xx_hal_tim_ex.o(i.HAL_TIMEx_CommutCallback)
    HAL_TIMEx_MasterConfigSynchronization    0x08002cf5   Thumb Code   150  stm32f4xx_hal_tim_ex.o(i.HAL_TIMEx_MasterConfigSynchronization)
    HAL_TIM_Base_Init                        0x08002da9   Thumb Code   102  stm32f4xx_hal_tim.o(i.HAL_TIM_Base_Init)
    HAL_TIM_Base_MspInit                     0x08002e11   Thumb Code   144  tim.o(i.HAL_TIM_Base_MspInit)
    HAL_TIM_Base_Start_IT                    0x08002ead   Thumb Code   138  stm32f4xx_hal_tim.o(i.HAL_TIM_Base_Start_IT)
    HAL_TIM_ConfigClockSource                0x08002f55   Thumb Code   268  stm32f4xx_hal_tim.o(i.HAL_TIM_ConfigClockSource)
    HAL_TIM_IC_CaptureCallback               0x08003061   Thumb Code     2  stm32f4xx_hal_tim.o(i.HAL_TIM_IC_CaptureCallback)
    HAL_TIM_IRQHandler                       0x08003063   Thumb Code   406  stm32f4xx_hal_tim.o(i.HAL_TIM_IRQHandler)
    HAL_TIM_MspPostInit                      0x080031f9   Thumb Code    84  tim.o(i.HAL_TIM_MspPostInit)
    HAL_TIM_OC_DelayElapsedCallback          0x08003259   Thumb Code     2  stm32f4xx_hal_tim.o(i.HAL_TIM_OC_DelayElapsedCallback)
    HAL_TIM_PWM_ConfigChannel                0x0800325b   Thumb Code   260  stm32f4xx_hal_tim.o(i.HAL_TIM_PWM_ConfigChannel)
    HAL_TIM_PWM_Init                         0x0800335f   Thumb Code   102  stm32f4xx_hal_tim.o(i.HAL_TIM_PWM_Init)
    HAL_TIM_PWM_MspInit                      0x080033c5   Thumb Code     2  stm32f4xx_hal_tim.o(i.HAL_TIM_PWM_MspInit)
    HAL_TIM_PWM_PulseFinishedCallback        0x080033c7   Thumb Code     2  stm32f4xx_hal_tim.o(i.HAL_TIM_PWM_PulseFinishedCallback)
    HAL_TIM_PWM_Start                        0x080033c9   Thumb Code   238  stm32f4xx_hal_tim.o(i.HAL_TIM_PWM_Start)
    HAL_TIM_PeriodElapsedCallback            0x080034d5   Thumb Code   196  main.o(i.HAL_TIM_PeriodElapsedCallback)
    HAL_TIM_TriggerCallback                  0x080035c9   Thumb Code     2  stm32f4xx_hal_tim.o(i.HAL_TIM_TriggerCallback)
    HAL_UARTEx_RxEventCallback               0x080035cb   Thumb Code     2  stm32f4xx_hal_uart.o(i.HAL_UARTEx_RxEventCallback)
    HAL_UART_DMAStop                         0x080035cd   Thumb Code   138  stm32f4xx_hal_uart.o(i.HAL_UART_DMAStop)
    HAL_UART_ErrorCallback                   0x08003657   Thumb Code     2  stm32f4xx_hal_uart.o(i.HAL_UART_ErrorCallback)
    HAL_UART_IRQHandler                      0x08003659   Thumb Code   732  stm32f4xx_hal_uart.o(i.HAL_UART_IRQHandler)
    HAL_UART_Init                            0x08003939   Thumb Code   114  stm32f4xx_hal_uart.o(i.HAL_UART_Init)
    HAL_UART_MspInit                         0x080039ad   Thumb Code   982  usart.o(i.HAL_UART_MspInit)
    HAL_UART_Receive_DMA                     0x08003dcd   Thumb Code    66  stm32f4xx_hal_uart.o(i.HAL_UART_Receive_DMA)
    HAL_UART_RxCpltCallback                  0x08003e0f   Thumb Code     2  stm32f4xx_hal_uart.o(i.HAL_UART_RxCpltCallback)
    HAL_UART_RxHalfCpltCallback              0x08003e11   Thumb Code     2  stm32f4xx_hal_uart.o(i.HAL_UART_RxHalfCpltCallback)
    HAL_UART_TxCpltCallback                  0x08003e13   Thumb Code     2  stm32f4xx_hal_uart.o(i.HAL_UART_TxCpltCallback)
    HardFault_Handler                        0x08003e15   Thumb Code     4  stm32f4xx_it.o(i.HardFault_Handler)
    JY_Encoder_Can_Receive                   0x08003e19   Thumb Code   224  jy_me02.o(i.JY_Encoder_Can_Receive)
    Jigou_quhuan                             0x08003f09   Thumb Code    14  freertos.o(i.Jigou_quhuan)
    Jigou_yuntai                             0x08003f17   Thumb Code    10  freertos.o(i.Jigou_yuntai)
    Keep_Robot_Position                      0x08003f21   Thumb Code   602  lj_plus.o(i.Keep_Robot_Position)
    M3508_Speed                              0x080041a1   Thumb Code    86  pid_controller.o(i.M3508_Speed)
    M3508_Speed_Position                     0x08004205   Thumb Code   138  pid_controller.o(i.M3508_Speed_Position)
    M350x_RecData                            0x0800429d   Thumb Code   520  m3508.o(i.M350x_RecData)
    M350x_TxMes_0_3                          0x080044a5   Thumb Code   134  m3508.o(i.M350x_TxMes_0_3)
    M3510_Angle_Calculate                    0x0800452b   Thumb Code   116  pid_controller.o(i.M3510_Angle_Calculate)
    M3510_PID_MotorInit                      0x080045a1   Thumb Code   372  pid_controller.o(i.M3510_PID_MotorInit)
    MX_CAN1_Init                             0x08004725   Thumb Code    54  can.o(i.MX_CAN1_Init)
    MX_CAN2_Init                             0x08004765   Thumb Code    54  can.o(i.MX_CAN2_Init)
    MX_DMA_Init                              0x080047a5   Thumb Code   178  dma.o(i.MX_DMA_Init)
    MX_FREERTOS_Init                         0x0800485d   Thumb Code   150  freertos.o(i.MX_FREERTOS_Init)
    MX_GPIO_Init                             0x08004911   Thumb Code   386  gpio.o(i.MX_GPIO_Init)
    MX_TIM2_Init                             0x08004aa9   Thumb Code   102  tim.o(i.MX_TIM2_Init)
    MX_TIM3_Init                             0x08004b15   Thumb Code   172  tim.o(i.MX_TIM3_Init)
    MX_TIM6_Init                             0x08004bc9   Thumb Code    68  tim.o(i.MX_TIM6_Init)
    MX_UART5_Init                            0x08004c15   Thumb Code    46  usart.o(i.MX_UART5_Init)
    MX_USART1_UART_Init                      0x08004c4d   Thumb Code    46  usart.o(i.MX_USART1_UART_Init)
    MX_USART2_UART_Init                      0x08004c85   Thumb Code    46  usart.o(i.MX_USART2_UART_Init)
    MX_USART6_UART_Init                      0x08004cbd   Thumb Code    46  usart.o(i.MX_USART6_UART_Init)
    M_Calculate_CascadePID_Test              0x08004cf5   Thumb Code   138  m3508.o(i.M_Calculate_CascadePID_Test)
    M_Calculate_PositionalPID_Test           0x08004d85   Thumb Code    82  m3508.o(i.M_Calculate_PositionalPID_Test)
    M_Encoder_Cascade_PID                    0x08004ddd   Thumb Code   140  m3508.o(i.M_Encoder_Cascade_PID)
    MaPan_Receive_Start                      0x08004e6d   Thumb Code    30  usart.o(i.MaPan_Receive_Start)
    Mapan_Data_Process                       0x08004e95   Thumb Code   334  usart.o(i.Mapan_Data_Process)
    MemManage_Handler                        0x08005019   Thumb Code     4  stm32f4xx_it.o(i.MemManage_Handler)
    NMI_Handler                              0x0800501d   Thumb Code     4  stm32f4xx_it.o(i.NMI_Handler)
    OP                                       0x08005021   Thumb Code   286  lj_plus.o(i.OP)
    PID_Calculate                            0x08005171   Thumb Code   388  pid_controller.o(i.PID_Calculate)
    PID_Calculate_Incremental                0x080052f9   Thumb Code   190  pid.o(i.PID_Calculate_Incremental)
    PID_Calculate_Positional                 0x080053bd   Thumb Code   166  pid.o(i.PID_Calculate_Positional)
    PID_Init                                 0x08005489   Thumb Code    22  lj_plus.o(i.PID_Init)
    PID_Path_Init                            0x080054a1   Thumb Code   160  lj_plus.o(i.PID_Path_Init)
    RC_CtrlData_init                         0x08005691   Thumb Code    16  usart.o(i.RC_CtrlData_init)
    ReadFlash                                0x080056a5   Thumb Code    14  usart.o(i.ReadFlash)
    Robot_Control_Line                       0x080056bd   Thumb Code  1188  lj_plus.o(i.Robot_Control_Line)
    Robot_Wheel_Control                      0x08005b6d   Thumb Code  1268  speed_decomposition.o(i.Robot_Wheel_Control)
    Robot_Wheel_Control_3508                 0x08006069   Thumb Code   326  speed_decomposition.o(i.Robot_Wheel_Control_3508)
    Robot_Wheel_speed_Control_3508           0x080061cd   Thumb Code    78  speed_decomposition.o(i.Robot_Wheel_speed_Control_3508)
    Robot_Wheel_speed_Control_VESC           0x08006229   Thumb Code   126  speed_decomposition.o(i.Robot_Wheel_speed_Control_VESC)
    SHOUBINGCHULI                            0x080062b9   Thumb Code   382  usart.o(i.SHOUBINGCHULI)
    SHOUBING_Receive_Start                   0x08006449   Thumb Code    30  usart.o(i.SHOUBING_Receive_Start)
    Scope_Max_Min                            0x08006471   Thumb Code    38  m3508.o(i.Scope_Max_Min)
    Shoubing                                 0x08006497   Thumb Code    10  freertos.o(i.Shoubing)
    StartDefaultTask                         0x080064a1   Thumb Code   102  freertos.o(i.StartDefaultTask)
    SysTick_Handler                          0x08006519   Thumb Code    46  port.o(i.SysTick_Handler)
    SystemClock_Config                       0x0800654d   Thumb Code   170  main.o(i.SystemClock_Config)
    SystemInit                               0x08006601   Thumb Code    14  system_stm32f4xx.o(i.SystemInit)
    TIM2_IRQHandler                          0x08006615   Thumb Code    10  stm32f4xx_it.o(i.TIM2_IRQHandler)
    TIM7_IRQHandler                          0x08006625   Thumb Code    10  stm32f4xx_it.o(i.TIM7_IRQHandler)
    TIM_Base_SetConfig                       0x08006635   Thumb Code   170  stm32f4xx_hal_tim.o(i.TIM_Base_SetConfig)
    TIM_CCxChannelCmd                        0x0800670d   Thumb Code    34  stm32f4xx_hal_tim.o(i.TIM_CCxChannelCmd)
    TIM_ETR_SetConfig                        0x0800672f   Thumb Code    22  stm32f4xx_hal_tim.o(i.TIM_ETR_SetConfig)
    TIM_OC2_SetConfig                        0x080067c9   Thumb Code   114  stm32f4xx_hal_tim.o(i.TIM_OC2_SetConfig)
    UART1_IDLE_Callback                      0x08006961   Thumb Code   172  usart.o(i.UART1_IDLE_Callback)
    UART2_IDLE_Callback                      0x08006a1d   Thumb Code   204  usart.o(i.UART2_IDLE_Callback)
    UART5_IRQHandler                         0x08006afd   Thumb Code    10  stm32f4xx_it.o(i.UART5_IRQHandler)
    UART_Start_Receive_DMA                   0x08007019   Thumb Code   192  stm32f4xx_hal_uart.o(i.UART_Start_Receive_DMA)
    USART1_IRQHandler                        0x08007145   Thumb Code    16  stm32f4xx_it.o(i.USART1_IRQHandler)
    USART2_IRQHandler                        0x08007159   Thumb Code    16  stm32f4xx_it.o(i.USART2_IRQHandler)
    UsageFault_Handler                       0x0800716d   Thumb Code     4  stm32f4xx_it.o(i.UsageFault_Handler)
    VESC_CAN_Send                            0x08007171   Thumb Code    82  vesc.o(i.VESC_CAN_Send)
    VESC_Set_RPM                             0x080071c3   Thumb Code    50  vesc.o(i.VESC_Set_RPM)
    WriteFlash                               0x080071f5   Thumb Code    94  usart.o(i.WriteFlash)
    Xianyu                                   0x08007261   Thumb Code    10  freertos.o(i.Xianyu)
    Yuntai_Rotor_Control                     0x0800726d   Thumb Code   464  yuntai.o(i.Yuntai_Rotor_Control)
    __ARM_fpclassify                         0x08007465   Thumb Code    48  fpclassify.o(i.__ARM_fpclassify)
    __ARM_fpclassifyf                        0x08007495   Thumb Code    38  fpclassifyf.o(i.__ARM_fpclassifyf)
    __hardfp_asin                            0x080074f9   Thumb Code   770  asin.o(i.__hardfp_asin)
    __hardfp_atan2f                          0x08007859   Thumb Code   594  atan2f.o(i.__hardfp_atan2f)
    __hardfp_cos                             0x08007b09   Thumb Code   180  cos.o(i.__hardfp_cos)
    __hardfp_fabs                            0x08007bd1   Thumb Code    20  fabs.o(i.__hardfp_fabs)
    __hardfp_sin                             0x08007be9   Thumb Code   180  sin.o(i.__hardfp_sin)
    __hardfp_sqrt                            0x08007cb1   Thumb Code   122  sqrt.o(i.__hardfp_sqrt)
    __ieee754_rem_pio2                       0x08007d31   Thumb Code   938  rred.o(i.__ieee754_rem_pio2)
    __kernel_cos                             0x08008169   Thumb Code   322  cos_i.o(i.__kernel_cos)
    __kernel_poly                            0x080082d9   Thumb Code   248  poly.o(i.__kernel_poly)
    __kernel_sin                             0x080083d1   Thumb Code   280  sin_i.o(i.__kernel_sin)
    __mathlib_dbl_infnan                     0x08008501   Thumb Code    20  dunder.o(i.__mathlib_dbl_infnan)
    __mathlib_dbl_invalid                    0x08008519   Thumb Code    24  dunder.o(i.__mathlib_dbl_invalid)
    __mathlib_dbl_underflow                  0x08008539   Thumb Code    24  dunder.o(i.__mathlib_dbl_underflow)
    __mathlib_flt_infnan2                    0x08008559   Thumb Code     6  funder.o(i.__mathlib_flt_infnan2)
    __mathlib_flt_underflow                  0x08008561   Thumb Code    10  funder.o(i.__mathlib_flt_underflow)
    air_pump                                 0x08008571   Thumb Code   122  quhuan.o(i.air_pump)
    coordinate_transformation                0x080085f1   Thumb Code   334  lj_plus.o(i.coordinate_transformation)
    ctrl_motor_MIT                           0x08008745   Thumb Code   246  dm_j4310.o(i.ctrl_motor_MIT)
    ctrl_motor_PV                            0x08008855   Thumb Code    96  dm_j4310.o(i.ctrl_motor_PV)
    ctrl_motor_V                             0x080088b5   Thumb Code    70  dm_j4310.o(i.ctrl_motor_V)
    duoji                                    0x080088fd   Thumb Code    50  quhuan.o(i.duoji)
    f_Changing_Integral_Rate                 0x08008935   Thumb Code   170  pid_controller.o(i.f_Changing_Integral_Rate)
    f_Derivative_Filter                      0x080089e5   Thumb Code    30  pid_controller.o(i.f_Derivative_Filter)
    f_Derivative_On_Measurement              0x08008a03   Thumb Code    26  pid_controller.o(i.f_Derivative_On_Measurement)
    f_Integral_Limit                         0x08008a1d   Thumb Code   154  pid_controller.o(i.f_Integral_Limit)
    f_Output_Filter                          0x08008abd   Thumb Code    30  pid_controller.o(i.f_Output_Filter)
    f_Output_Limit                           0x08008adb   Thumb Code    46  pid_controller.o(i.f_Output_Limit)
    f_Proportion_Limit                       0x08008b09   Thumb Code    46  pid_controller.o(i.f_Proportion_Limit)
    f_Trapezoid_Intergral                    0x08008b37   Thumb Code    34  pid_controller.o(i.f_Trapezoid_Intergral)
    fabs                                     0x08008b59   Thumb Code    24  fabs.o(i.fabs)
    fitting_function                         0x08008b71   Thumb Code    74  lj_plus.o(i.fitting_function)
    fitting_function2                        0x08008bd1   Thumb Code    86  lj_plus.o(i.fitting_function2)
    float_to_uint                            0x08008c3d   Thumb Code    50  dm_j4310.o(i.float_to_uint)
    gain_absolute_angle                      0x08008c71   Thumb Code   132  speed_decomposition.o(i.gain_absolute_angle)
    gain_gap_angle                           0x08008cf9   Thumb Code   282  speed_decomposition.o(i.gain_gap_angle)
    get_angle                                0x08008e31   Thumb Code   336  speed_decomposition.o(i.get_angle)
    limit_a_b                                0x08008fb7   Thumb Code    60  yuntai.o(i.limit_a_b)
    line                                     0x08008ff5   Thumb Code   218  lj_plus.o(i.line)
    main                                     0x080090e5   Thumb Code   210  main.o(i.main)
    motor_control                            0x080091ed   Thumb Code    84  yuntai.o(i.motor_control)
    osDelay                                  0x0800925d   Thumb Code    24  cmsis_os.o(i.osDelay)
    osKernelStart                            0x08009275   Thumb Code    10  cmsis_os.o(i.osKernelStart)
    osThreadCreate                           0x0800927f   Thumb Code    94  cmsis_os.o(i.osThreadCreate)
    pid_Init                                 0x080092dd   Thumb Code    26  m3508.o(i.pid_Init)
    pid_Init_All                             0x080092f9   Thumb Code    96  m3508.o(i.pid_Init_All)
    pvPortMalloc                             0x080097e9   Thumb Code   306  heap_4.o(i.pvPortMalloc)
    pxPortInitialiseStack                    0x08009935   Thumb Code    38  port.o(i.pxPortInitialiseStack)
    quhuan_left_up_put_down                  0x08009961   Thumb Code   658  quhuan.o(i.quhuan_left_up_put_down)
    quhuan_right_up_put_down                 0x08009c21   Thumb Code   656  quhuan.o(i.quhuan_right_up_put_down)
    set_zero_pos                             0x08009edd   Thumb Code    76  dm_j4310.o(i.set_zero_pos)
    sqrt                                     0x08009f29   Thumb Code   110  sqrt.o(i.sqrt)
    start_motor                              0x08009f97   Thumb Code    76  dm_j4310.o(i.start_motor)
    trans_to_left                            0x08009fe5   Thumb Code   194  quhuan.o(i.trans_to_left)
    trans_to_right                           0x0800a0c5   Thumb Code   192  quhuan.o(i.trans_to_right)
    uint_to_float                            0x0800a1a1   Thumb Code    52  dm_j4310.o(i.uint_to_float)
    uxListRemove                             0x0800a1d5   Thumb Code    40  list.o(i.uxListRemove)
    vApplicationGetIdleTaskMemory            0x0800a1fd   Thumb Code    14  freertos.o(i.vApplicationGetIdleTaskMemory)
    vListInitialise                          0x0800a215   Thumb Code    26  list.o(i.vListInitialise)
    vListInitialiseItem                      0x0800a22f   Thumb Code     6  list.o(i.vListInitialiseItem)
    vListInsert                              0x0800a235   Thumb Code    52  list.o(i.vListInsert)
    vListInsertEnd                           0x0800a269   Thumb Code    24  list.o(i.vListInsertEnd)
    vPortEnterCritical                       0x0800a281   Thumb Code    76  port.o(i.vPortEnterCritical)
    vPortExitCritical                        0x0800a2d5   Thumb Code    56  port.o(i.vPortExitCritical)
    vPortFree                                0x0800a311   Thumb Code   150  heap_4.o(i.vPortFree)
    vPortSetupTimerInterrupt                 0x0800a3b5   Thumb Code    36  port.o(i.vPortSetupTimerInterrupt)
    vTaskDelay                               0x0800a3dd   Thumb Code    82  tasks.o(i.vTaskDelay)
    vTaskStartScheduler                      0x0800a439   Thumb Code   146  tasks.o(i.vTaskStartScheduler)
    vTaskSuspendAll                          0x0800a4e9   Thumb Code    12  tasks.o(i.vTaskSuspendAll)
    vTaskSwitchContext                       0x0800a4f9   Thumb Code   118  tasks.o(i.vTaskSwitchContext)
    xPortStartScheduler                      0x0800a585   Thumb Code   330  port.o(i.xPortStartScheduler)
    xTaskCreate                              0x0800a6ed   Thumb Code   100  tasks.o(i.xTaskCreate)
    xTaskCreateStatic                        0x0800a751   Thumb Code   186  tasks.o(i.xTaskCreateStatic)
    xTaskIncrementTick                       0x0800a80d   Thumb Code   282  tasks.o(i.xTaskIncrementTick)
    xTaskResumeAll                           0x0800a955   Thumb Code   224  tasks.o(i.xTaskResumeAll)
    yuntai_control_all                       0x0800aa59   Thumb Code   100  quhuan.o(i.yuntai_control_all)
    __aeabi_dneg                             0x0800aac1   Thumb Code     0  basic.o(x$fpl$basic)
    _dneg                                    0x0800aac1   Thumb Code     6  basic.o(x$fpl$basic)
    __aeabi_fneg                             0x0800aac7   Thumb Code     0  basic.o(x$fpl$basic)
    _fneg                                    0x0800aac7   Thumb Code     6  basic.o(x$fpl$basic)
    _dabs                                    0x0800aacd   Thumb Code     6  basic.o(x$fpl$basic)
    _fabs                                    0x0800aad3   Thumb Code     6  basic.o(x$fpl$basic)
    __aeabi_d2f                              0x0800aad9   Thumb Code     0  d2f.o(x$fpl$d2f)
    _d2f                                     0x0800aad9   Thumb Code    98  d2f.o(x$fpl$d2f)
    __aeabi_dadd                             0x0800ab3d   Thumb Code     0  daddsub_clz.o(x$fpl$dadd)
    _dadd                                    0x0800ab3d   Thumb Code   332  daddsub_clz.o(x$fpl$dadd)
    __fpl_dcmp_Inf                           0x0800ac8d   Thumb Code    24  dcmpi.o(x$fpl$dcmpinf)
    __aeabi_ddiv                             0x0800aca5   Thumb Code     0  ddiv.o(x$fpl$ddiv)
    _ddiv                                    0x0800aca5   Thumb Code   552  ddiv.o(x$fpl$ddiv)
    __aeabi_d2iz                             0x0800af55   Thumb Code     0  dfix.o(x$fpl$dfix)
    _dfix                                    0x0800af55   Thumb Code    94  dfix.o(x$fpl$dfix)
    __aeabi_d2uiz                            0x0800afb5   Thumb Code     0  dfixu.o(x$fpl$dfixu)
    _dfixu                                   0x0800afb5   Thumb Code    90  dfixu.o(x$fpl$dfixu)
    __aeabi_i2d                              0x0800b00f   Thumb Code     0  dflt_clz.o(x$fpl$dflt)
    _dflt                                    0x0800b00f   Thumb Code    46  dflt_clz.o(x$fpl$dflt)
    __aeabi_ui2d                             0x0800b03d   Thumb Code     0  dflt_clz.o(x$fpl$dfltu)
    _dfltu                                   0x0800b03d   Thumb Code    38  dflt_clz.o(x$fpl$dfltu)
    __aeabi_cdcmple                          0x0800b065   Thumb Code     0  dleqf.o(x$fpl$dleqf)
    _dcmple                                  0x0800b065   Thumb Code   120  dleqf.o(x$fpl$dleqf)
    __fpl_dcmple_InfNaN                      0x0800b0c7   Thumb Code     0  dleqf.o(x$fpl$dleqf)
    __aeabi_dmul                             0x0800b0dd   Thumb Code     0  dmul.o(x$fpl$dmul)
    _dmul                                    0x0800b0dd   Thumb Code   332  dmul.o(x$fpl$dmul)
    __fpl_dnaninf                            0x0800b231   Thumb Code   156  dnaninf.o(x$fpl$dnaninf)
    __fpl_dretinf                            0x0800b2cd   Thumb Code    12  dretinf.o(x$fpl$dretinf)
    __aeabi_drsub                            0x0800b2d9   Thumb Code     0  daddsub_clz.o(x$fpl$drsb)
    _drsb                                    0x0800b2d9   Thumb Code    22  daddsub_clz.o(x$fpl$drsb)
    _dsqrt                                   0x0800b2f1   Thumb Code   404  dsqrt_umaal.o(x$fpl$dsqrt)
    __aeabi_dsub                             0x0800b489   Thumb Code     0  daddsub_clz.o(x$fpl$dsub)
    _dsub                                    0x0800b489   Thumb Code   464  daddsub_clz.o(x$fpl$dsub)
    __aeabi_f2d                              0x0800b65d   Thumb Code     0  f2d.o(x$fpl$f2d)
    _f2d                                     0x0800b65d   Thumb Code    86  f2d.o(x$fpl$f2d)
    __fpl_fnaninf                            0x0800b6b3   Thumb Code   140  fnaninf.o(x$fpl$fnaninf)
    _fp_init                                 0x0800b73f   Thumb Code    10  fpinit.o(x$fpl$fpinit)
    __fplib_config_fpu_vfp                   0x0800b747   Thumb Code     0  fpinit.o(x$fpl$fpinit)
    __fplib_config_pureend_doubles           0x0800b747   Thumb Code     0  fpinit.o(x$fpl$fpinit)
    __fpl_fretinf                            0x0800b749   Thumb Code    10  fretinf.o(x$fpl$fretinf)
    __I$use$fp                               0x0800b752   Number         0  usenofp.o(x$fpl$usenofp)
    AHBPrescTable                            0x0800b804   Data          16  system_stm32f4xx.o(.constdata)
    APBPrescTable                            0x0800b814   Data           8  system_stm32f4xx.o(.constdata)
    Region$$Table$$Base                      0x0800b9d8   Number         0  anon$$obj.o(Region$$Table)
    Region$$Table$$Limit                     0x0800b9f8   Number         0  anon$$obj.o(Region$$Table)
    k                                        0x20000000   Data           4  speed_decomposition.o(.data)
    multiple_angle                           0x20000004   Data           4  speed_decomposition.o(.data)
    Angle_Aim                                0x2000000c   Data           4  lj_plus.o(.data)
    Angle_offset                             0x20000010   Data           4  lj_plus.o(.data)
    Line_angle                               0x20000014   Data           4  lj_plus.o(.data)
    Angle_dis                                0x20000018   Data           4  lj_plus.o(.data)
    check                                    0x2000001c   Data           4  lj_plus.o(.data)
    original_speed                           0x20000038   Data           4  main.o(.data)
    Number                                   0x2000003c   Data           1  main.o(.data)
    Time                                     0x20000040   Data           4  main.o(.data)
    cnt                                      0x20000044   Data           4  main.o(.data)
    COUNT                                    0x20000048   Data           4  freertos.o(.data)
    Flag                                     0x2000004c   Data           4  freertos.o(.data)
    Pin1_READ                                0x20000050   Data           4  freertos.o(.data)
    Pin2_READ                                0x20000054   Data           4  freertos.o(.data)
    Pin3_READ                                0x20000058   Data           4  freertos.o(.data)
    TIME                                     0x2000005c   Data           4  freertos.o(.data)
    Line_flag                                0x20000060   Data           4  freertos.o(.data)
    qidong_flag                              0x20000064   Data           4  freertos.o(.data)
    Angle                                    0x20000068   Data           4  freertos.o(.data)
    keep_x                                   0x2000006c   Data           4  freertos.o(.data)
    keep_y                                   0x20000070   Data           4  freertos.o(.data)
    lj_flag                                  0x20000074   Data           1  freertos.o(.data)
    lujing_test                              0x20000078   Data          40  freertos.o(.data)
    CeShi                                    0x200000a0   Data          16  freertos.o(.data)
    distance                                 0x200000b0   Data           4  freertos.o(.data)
    defaultTaskHandle                        0x200000b4   Data           4  freertos.o(.data)
    jigou_yuntaiHandle                       0x200000b8   Data           4  freertos.o(.data)
    dipanHandle                              0x200000bc   Data           4  freertos.o(.data)
    jigou_quhuanHandle                       0x200000c0   Data           4  freertos.o(.data)
    shoubingHandle                           0x200000c4   Data           4  freertos.o(.data)
    xianyuHandle                             0x200000c8   Data           4  freertos.o(.data)
    Angle_Z_last                             0x200000d0   Data           4  usart.o(.data)
    angle_Z_temp_1                           0x200000d4   Data           4  usart.o(.data)
    angle_Z_temp_2                           0x200000d8   Data           4  usart.o(.data)
    angle_Z_temp                             0x200000dc   Data           4  usart.o(.data)
    len                                      0x200000e0   Data           4  usart.o(.data)
    CH                                       0x200000e4   Data          36  usart.o(.data)
    delt_y                                   0x20000108   Data           4  usart.o(.data)
    speed                                    0x2000010c   Data           4  usart.o(.data)
    X_jilu                                   0x20000110   Data           4  usart.o(.data)
    uwTick                                   0x20000114   Data           4  stm32f4xx_hal.o(.data)
    uwTickPrio                               0x20000118   Data           4  stm32f4xx_hal.o(.data)
    uwTickFreq                               0x2000011c   Data           1  stm32f4xx_hal.o(.data)
    SystemCoreClock                          0x20000120   Data           4  system_stm32f4xx.o(.data)
    pxCurrentTCB                             0x20000124   Data           4  tasks.o(.data)
    w_sum0                                   0x20000190   Data           4  jy_me02.o(.data)
    quhuan_flag                              0x20000194   Data           5  quhuan.o(.data)
    yuntai_middle_level                      0x2000019c   Data           4  quhuan.o(.data)
    Left_Down_Pos                            0x200001a0   Data           4  quhuan.o(.data)
    last_mode                                0x200001a4   Data           4  quhuan.o(.data)
    last_mode1                               0x200001a8   Data           4  quhuan.o(.data)
    yuntai                                   0x200001bc   Data          44  yuntai.o(.data)
    M3508                                    0x200001f0   Data        3264  speed_decomposition.o(.bss)
    wheel_rotation_v                         0x20000eb0   Data         160  speed_decomposition.o(.bss)
    wheel_final_v                            0x20000f50   Data         160  speed_decomposition.o(.bss)
    World_Coordinate_system_NowPos           0x20000ff0   Data          12  lj_plus.o(.bss)
    World_Coordinate_system_TargetVel        0x20000ffc   Data          12  lj_plus.o(.bss)
    Robot_Coordinate_system_TargetVel        0x20001008   Data          12  lj_plus.o(.bss)
    Robot_Coordinate_system_Vel              0x20001014   Data          12  lj_plus.o(.bss)
    Zero_Point                               0x20001020   Data          12  lj_plus.o(.bss)
    Lujing_Status                            0x2000102c   Data         212  lj_plus.o(.bss)
    Line_AdjustPID                           0x20001100   Data          92  lj_plus.o(.bss)
    Line_StopPID                             0x2000115c   Data          92  lj_plus.o(.bss)
    Line_AnglePID                            0x200011b8   Data          92  lj_plus.o(.bss)
    Cir_AdjustPID                            0x20001214   Data          92  lj_plus.o(.bss)
    Cir_StopPID                              0x20001270   Data          92  lj_plus.o(.bss)
    Cir_AnglePID                             0x200012cc   Data          92  lj_plus.o(.bss)
    Keep_X_PID                               0x20001328   Data          92  lj_plus.o(.bss)
    Keep_Y_PID                               0x20001384   Data          92  lj_plus.o(.bss)
    Keep_W_PID                               0x200013e0   Data          92  lj_plus.o(.bss)
    hcan1                                    0x20001690   Data          40  can.o(.bss)
    hcan2                                    0x200016b8   Data          40  can.o(.bss)
    htim2                                    0x200016e0   Data          72  tim.o(.bss)
    htim3                                    0x20001728   Data          72  tim.o(.bss)
    htim6                                    0x20001770   Data          72  tim.o(.bss)
    RC_CtrlData1                             0x200017b8   Data          20  usart.o(.bss)
    RC_CtrlData2                             0x200017cc   Data          20  usart.o(.bss)
    Action_Data                              0x200017e0   Data          24  usart.o(.bss)
    Self_Action_Data                         0x200017f8   Data          24  usart.o(.bss)
    rec_data                                 0x20001810   Data          30  usart.o(.bss)
    huart5                                   0x20001830   Data          68  usart.o(.bss)
    huart1                                   0x20001874   Data          68  usart.o(.bss)
    huart2                                   0x200018b8   Data          68  usart.o(.bss)
    huart6                                   0x200018fc   Data          68  usart.o(.bss)
    hdma_uart5_rx                            0x20001940   Data          96  usart.o(.bss)
    hdma_usart1_rx                           0x200019a0   Data          96  usart.o(.bss)
    hdma_usart1_tx                           0x20001a00   Data          96  usart.o(.bss)
    hdma_usart2_rx                           0x20001a60   Data          96  usart.o(.bss)
    hdma_usart2_tx                           0x20001ac0   Data          96  usart.o(.bss)
    hdma_usart6_rx                           0x20001b20   Data          96  usart.o(.bss)
    hdma_usart6_tx                           0x20001b80   Data          96  usart.o(.bss)
    SHOUBING                                 0x20001be0   Data          56  usart.o(.bss)
    shark                                    0x20001c18   Data          32  usart.o(.bss)
    val_flash                                0x20001c38   Data          60  usart.o(.bss)
    val                                      0x20001c74   Data          60  usart.o(.bss)
    test                                     0x20001cb0   Data          32  usart.o(.bss)
    self_rec_data                            0x20001cd0   Data          46  usart.o(.bss)
    htim7                                    0x20001d00   Data          72  stm32f4xx_hal_timebase_tim.o(.bss)
    pFlash                                   0x20001d48   Data          32  stm32f4xx_hal_flash.o(.bss)
    DM_SpeedPID                              0x20005a58   Data          52  dm_j4310.o(.bss)
    DM_SP_Pos_PID                            0x20005a8c   Data          52  dm_j4310.o(.bss)
    DM_SP_Speed_PID                          0x20005ac0   Data          52  dm_j4310.o(.bss)
    cmd                                      0x20005af4   Data          64  dm_j4310.o(.bss)
    mtr                                      0x20005b34   Data          64  dm_j4310.o(.bss)
    JY_Encoder                               0x20005b74   Data          24  jy_me02.o(.bss)
    M350x                                    0x20005b8c   Data        1088  m3508.o(.bss)
    __libspace_start                         0x20005fcc   Data          96  libspace.o(.bss)
    __temporary_stack_top$libspace           0x2000602c   Data           0  libspace.o(.bss)



==============================================================================

Memory Map of the image

  Image Entry point : 0x08000189

  Load Region LR_IROM1 (Base: 0x08000000, Size: 0x0000bbe8, Max: 0x00100000, ABSOLUTE, COMPRESSED[0x0000ba48])

    Execution Region ER_IROM1 (Exec base: 0x08000000, Load base: 0x08000000, Size: 0x0000b9f8, Max: 0x00100000, ABSOLUTE)

    Exec Addr    Load Addr    Size         Type   Attr      Idx    E Section Name        Object

    0x08000000   0x08000000   0x00000188   Data   RO            3    RESET               startup_stm32f407xx.o
    0x08000188   0x08000188   0x00000008   Code   RO         5836  * !!!main             c_w.l(__main.o)
    0x08000190   0x08000190   0x00000034   Code   RO         6218    !!!scatter          c_w.l(__scatter.o)
    0x080001c4   0x080001c4   0x0000005a   Code   RO         6216    !!dczerorl2         c_w.l(__dczerorl2.o)
    0x0800021e   0x0800021e   0x00000002   PAD
    0x08000220   0x08000220   0x0000001c   Code   RO         6220    !!handler_zi        c_w.l(__scatter_zi.o)
    0x0800023c   0x0800023c   0x00000002   Code   RO         6087    .ARM.Collect$$libinit$$00000000  c_w.l(libinit.o)
    0x0800023e   0x0800023e   0x00000004   Code   RO         6096    .ARM.Collect$$libinit$$00000001  c_w.l(libinit2.o)
    0x08000242   0x08000242   0x00000000   Code   RO         6099    .ARM.Collect$$libinit$$00000004  c_w.l(libinit2.o)
    0x08000242   0x08000242   0x00000000   Code   RO         6102    .ARM.Collect$$libinit$$0000000A  c_w.l(libinit2.o)
    0x08000242   0x08000242   0x00000000   Code   RO         6104    .ARM.Collect$$libinit$$0000000C  c_w.l(libinit2.o)
    0x08000242   0x08000242   0x00000000   Code   RO         6106    .ARM.Collect$$libinit$$0000000E  c_w.l(libinit2.o)
    0x08000242   0x08000242   0x00000000   Code   RO         6109    .ARM.Collect$$libinit$$00000011  c_w.l(libinit2.o)
    0x08000242   0x08000242   0x00000000   Code   RO         6111    .ARM.Collect$$libinit$$00000013  c_w.l(libinit2.o)
    0x08000242   0x08000242   0x00000000   Code   RO         6113    .ARM.Collect$$libinit$$00000015  c_w.l(libinit2.o)
    0x08000242   0x08000242   0x00000000   Code   RO         6115    .ARM.Collect$$libinit$$00000017  c_w.l(libinit2.o)
    0x08000242   0x08000242   0x00000000   Code   RO         6117    .ARM.Collect$$libinit$$00000019  c_w.l(libinit2.o)
    0x08000242   0x08000242   0x00000000   Code   RO         6119    .ARM.Collect$$libinit$$0000001B  c_w.l(libinit2.o)
    0x08000242   0x08000242   0x00000000   Code   RO         6121    .ARM.Collect$$libinit$$0000001D  c_w.l(libinit2.o)
    0x08000242   0x08000242   0x00000000   Code   RO         6123    .ARM.Collect$$libinit$$0000001F  c_w.l(libinit2.o)
    0x08000242   0x08000242   0x00000000   Code   RO         6125    .ARM.Collect$$libinit$$00000021  c_w.l(libinit2.o)
    0x08000242   0x08000242   0x00000000   Code   RO         6127    .ARM.Collect$$libinit$$00000023  c_w.l(libinit2.o)
    0x08000242   0x08000242   0x00000000   Code   RO         6129    .ARM.Collect$$libinit$$00000025  c_w.l(libinit2.o)
    0x08000242   0x08000242   0x00000000   Code   RO         6133    .ARM.Collect$$libinit$$0000002C  c_w.l(libinit2.o)
    0x08000242   0x08000242   0x00000000   Code   RO         6135    .ARM.Collect$$libinit$$0000002E  c_w.l(libinit2.o)
    0x08000242   0x08000242   0x00000000   Code   RO         6137    .ARM.Collect$$libinit$$00000030  c_w.l(libinit2.o)
    0x08000242   0x08000242   0x00000000   Code   RO         6139    .ARM.Collect$$libinit$$00000032  c_w.l(libinit2.o)
    0x08000242   0x08000242   0x00000002   Code   RO         6140    .ARM.Collect$$libinit$$00000033  c_w.l(libinit2.o)
    0x08000244   0x08000244   0x00000002   Code   RO         6171    .ARM.Collect$$libshutdown$$00000000  c_w.l(libshutdown.o)
    0x08000246   0x08000246   0x00000000   Code   RO         6197    .ARM.Collect$$libshutdown$$00000002  c_w.l(libshutdown2.o)
    0x08000246   0x08000246   0x00000000   Code   RO         6199    .ARM.Collect$$libshutdown$$00000004  c_w.l(libshutdown2.o)
    0x08000246   0x08000246   0x00000000   Code   RO         6201    .ARM.Collect$$libshutdown$$00000006  c_w.l(libshutdown2.o)
    0x08000246   0x08000246   0x00000000   Code   RO         6204    .ARM.Collect$$libshutdown$$00000009  c_w.l(libshutdown2.o)
    0x08000246   0x08000246   0x00000000   Code   RO         6207    .ARM.Collect$$libshutdown$$0000000C  c_w.l(libshutdown2.o)
    0x08000246   0x08000246   0x00000000   Code   RO         6209    .ARM.Collect$$libshutdown$$0000000E  c_w.l(libshutdown2.o)
    0x08000246   0x08000246   0x00000000   Code   RO         6212    .ARM.Collect$$libshutdown$$00000011  c_w.l(libshutdown2.o)
    0x08000246   0x08000246   0x00000002   Code   RO         6213    .ARM.Collect$$libshutdown$$00000012  c_w.l(libshutdown2.o)
    0x08000248   0x08000248   0x00000000   Code   RO         5958    .ARM.Collect$$rtentry$$00000000  c_w.l(__rtentry.o)
    0x08000248   0x08000248   0x00000000   Code   RO         6050    .ARM.Collect$$rtentry$$00000002  c_w.l(__rtentry2.o)
    0x08000248   0x08000248   0x00000006   Code   RO         6062    .ARM.Collect$$rtentry$$00000004  c_w.l(__rtentry4.o)
    0x0800024e   0x0800024e   0x00000000   Code   RO         6052    .ARM.Collect$$rtentry$$00000009  c_w.l(__rtentry2.o)
    0x0800024e   0x0800024e   0x00000004   Code   RO         6053    .ARM.Collect$$rtentry$$0000000A  c_w.l(__rtentry2.o)
    0x08000252   0x08000252   0x00000000   Code   RO         6055    .ARM.Collect$$rtentry$$0000000C  c_w.l(__rtentry2.o)
    0x08000252   0x08000252   0x00000008   Code   RO         6056    .ARM.Collect$$rtentry$$0000000D  c_w.l(__rtentry2.o)
    0x0800025a   0x0800025a   0x00000002   Code   RO         6088    .ARM.Collect$$rtexit$$00000000  c_w.l(rtexit.o)
    0x0800025c   0x0800025c   0x00000000   Code   RO         6144    .ARM.Collect$$rtexit$$00000002  c_w.l(rtexit2.o)
    0x0800025c   0x0800025c   0x00000004   Code   RO         6145    .ARM.Collect$$rtexit$$00000003  c_w.l(rtexit2.o)
    0x08000260   0x08000260   0x00000006   Code   RO         6146    .ARM.Collect$$rtexit$$00000004  c_w.l(rtexit2.o)
    0x08000266   0x08000266   0x00000002   PAD
    0x08000268   0x08000268   0x000000be   Code   RO         5304    .emb_text           port.o
    0x08000326   0x08000326   0x00000002   PAD
    0x08000328   0x08000328   0x00000040   Code   RO            4    .text               startup_stm32f407xx.o
    0x08000368   0x08000368   0x000000ee   Code   RO         5824    .text               c_w.l(lludivv7m.o)
    0x08000456   0x08000456   0x0000008a   Code   RO         5826    .text               c_w.l(rt_memcpy_v6.o)
    0x080004e0   0x080004e0   0x00000064   Code   RO         5828    .text               c_w.l(rt_memcpy_w.o)
    0x08000544   0x08000544   0x0000004e   Code   RO         5832    .text               c_w.l(rt_memclr_w.o)
    0x08000592   0x08000592   0x00000006   Code   RO         5834    .text               c_w.l(heapauxi.o)
    0x08000598   0x08000598   0x00000016   Code   RO         5963    .text               c_w.l(_rserrno.o)
    0x080005ae   0x080005ae   0x00000002   PAD
    0x080005b0   0x080005b0   0x00000008   Code   RO         6069    .text               c_w.l(rt_errno_addr_intlibspace.o)
    0x080005b8   0x080005b8   0x00000008   Code   RO         6071    .text               c_w.l(libspace.o)
    0x080005c0   0x080005c0   0x0000004a   Code   RO         6074    .text               c_w.l(sys_stackheap_outer.o)
    0x0800060a   0x0800060a   0x00000012   Code   RO         6076    .text               c_w.l(exit.o)
    0x0800061c   0x0800061c   0x0000000c   Code   RO         6141    .text               c_w.l(sys_exit.o)
    0x08000628   0x08000628   0x00000002   Code   RO         6160    .text               c_w.l(use_no_semi.o)
    0x0800062a   0x0800062a   0x00000000   Code   RO         6162    .text               c_w.l(indicate_semi.o)
    0x0800062a   0x0800062a   0x0000001a   Code   RO          404    i.ABS               lj_plus.o
    0x08000644   0x08000644   0x0000001a   Code   RO          880    i.ABS               usart.o
    0x0800065e   0x0800065e   0x00000002   PAD
    0x08000660   0x08000660   0x0000009c   Code   RO         5771    i.Anglesum_Max_Min_Init  yuntai.o
    0x080006fc   0x080006fc   0x00000004   Code   RO         1048    i.BusFault_Handler  stm32f4xx_it.o
    0x08000700   0x08000700   0x00000010   Code   RO         1049    i.CAN1_RX0_IRQHandler  stm32f4xx_it.o
    0x08000710   0x08000710   0x00000010   Code   RO         1050    i.CAN1_RX1_IRQHandler  stm32f4xx_it.o
    0x08000720   0x08000720   0x00000010   Code   RO         1051    i.CAN2_RX0_IRQHandler  stm32f4xx_it.o
    0x08000730   0x08000730   0x00000010   Code   RO         1052    i.CAN2_RX1_IRQHandler  stm32f4xx_it.o
    0x08000740   0x08000740   0x00000074   Code   RO           13    i.CAN2_SetMotor_0_3  pid_controller.o
    0x080007b4   0x080007b4   0x00000060   Code   RO          405    i.CalculateLineAngle  lj_plus.o
    0x08000814   0x08000814   0x00000044   Code   RO          735    i.Can1_Configure    can.o
    0x08000858   0x08000858   0x00000044   Code   RO          736    i.Can2_Configure    can.o
    0x0800089c   0x0800089c   0x0000010a   Code   RO           15    i.Can_3508_Receive  pid_controller.o
    0x080009a6   0x080009a6   0x00000002   PAD
    0x080009a8   0x080009a8   0x00000010   Code   RO         1053    i.DMA1_Stream0_IRQHandler  stm32f4xx_it.o
    0x080009b8   0x080009b8   0x00000010   Code   RO         1054    i.DMA1_Stream5_IRQHandler  stm32f4xx_it.o
    0x080009c8   0x080009c8   0x00000010   Code   RO         1055    i.DMA1_Stream6_IRQHandler  stm32f4xx_it.o
    0x080009d8   0x080009d8   0x00000010   Code   RO         1056    i.DMA2_Stream1_IRQHandler  stm32f4xx_it.o
    0x080009e8   0x080009e8   0x00000010   Code   RO         1057    i.DMA2_Stream2_IRQHandler  stm32f4xx_it.o
    0x080009f8   0x080009f8   0x00000010   Code   RO         1058    i.DMA2_Stream6_IRQHandler  stm32f4xx_it.o
    0x08000a08   0x08000a08   0x00000010   Code   RO         1059    i.DMA2_Stream7_IRQHandler  stm32f4xx_it.o
    0x08000a18   0x08000a18   0x00000034   Code   RO         2009    i.DMA_CalcBaseAndBitshift  stm32f4xx_hal_dma.o
    0x08000a4c   0x08000a4c   0x000000aa   Code   RO         2010    i.DMA_CheckFifoParam  stm32f4xx_hal_dma.o
    0x08000af6   0x08000af6   0x0000002c   Code   RO         2011    i.DMA_SetConfig     stm32f4xx_hal_dma.o
    0x08000b22   0x08000b22   0x00000076   Code   RO         5384    i.DM_MotorCtrl      dm_j4310.o
    0x08000b98   0x08000b98   0x0000004c   Code   RO         5385    i.DM_MotorStart     dm_j4310.o
    0x08000be4   0x08000be4   0x00000002   Code   RO         1060    i.DebugMon_Handler  stm32f4xx_it.o
    0x08000be6   0x08000be6   0x00000002   PAD
    0x08000be8   0x08000be8   0x00000164   Code   RO          654    i.Dipan             freertos.o
    0x08000d4c   0x08000d4c   0x0000001a   Code   RO         1061    i.EXTI9_5_IRQHandler  stm32f4xx_it.o
    0x08000d66   0x08000d66   0x00000006   Code   RO          568    i.Error_Handler     main.o
    0x08000d6c   0x08000d6c   0x0000005c   Code   RO         1779    i.FLASH_Erase_Sector  stm32f4xx_hal_flash_ex.o
    0x08000dc8   0x08000dc8   0x00000024   Code   RO         1661    i.FLASH_Program_Byte  stm32f4xx_hal_flash.o
    0x08000dec   0x08000dec   0x0000003c   Code   RO         1662    i.FLASH_Program_DoubleWord  stm32f4xx_hal_flash.o
    0x08000e28   0x08000e28   0x00000028   Code   RO         1663    i.FLASH_Program_HalfWord  stm32f4xx_hal_flash.o
    0x08000e50   0x08000e50   0x00000028   Code   RO         1664    i.FLASH_Program_Word  stm32f4xx_hal_flash.o
    0x08000e78   0x08000e78   0x00000098   Code   RO         1665    i.FLASH_SetErrorCode  stm32f4xx_hal_flash.o
    0x08000f10   0x08000f10   0x00000064   Code   RO         1666    i.FLASH_WaitForLastOperation  stm32f4xx_hal_flash.o
    0x08000f74   0x08000f74   0x0000002a   Code   RO         1272    i.HAL_CAN_ActivateNotification  stm32f4xx_hal_can.o
    0x08000f9e   0x08000f9e   0x00000156   Code   RO         1273    i.HAL_CAN_AddTxMessage  stm32f4xx_hal_can.o
    0x080010f4   0x080010f4   0x00000124   Code   RO         1274    i.HAL_CAN_ConfigFilter  stm32f4xx_hal_can.o
    0x08001218   0x08001218   0x00000002   Code   RO         1277    i.HAL_CAN_ErrorCallback  stm32f4xx_hal_can.o
    0x0800121a   0x0800121a   0x0000017a   Code   RO         1280    i.HAL_CAN_GetRxMessage  stm32f4xx_hal_can.o
    0x08001394   0x08001394   0x0000024e   Code   RO         1284    i.HAL_CAN_IRQHandler  stm32f4xx_hal_can.o
    0x080015e2   0x080015e2   0x00000174   Code   RO         1285    i.HAL_CAN_Init      stm32f4xx_hal_can.o
    0x08001756   0x08001756   0x00000002   PAD
    0x08001758   0x08001758   0x00000180   Code   RO          738    i.HAL_CAN_MspInit   can.o
    0x080018d8   0x080018d8   0x00000002   Code   RO         1292    i.HAL_CAN_RxFifo0FullCallback  stm32f4xx_hal_can.o
    0x080018da   0x080018da   0x00000002   PAD
    0x080018dc   0x080018dc   0x00000274   Code   RO           16    i.HAL_CAN_RxFifo0MsgPendingCallback  pid_controller.o
    0x08001b50   0x08001b50   0x00000002   Code   RO         1294    i.HAL_CAN_RxFifo1FullCallback  stm32f4xx_hal_can.o
    0x08001b52   0x08001b52   0x00000002   Code   RO         1295    i.HAL_CAN_RxFifo1MsgPendingCallback  stm32f4xx_hal_can.o
    0x08001b54   0x08001b54   0x00000002   Code   RO         1296    i.HAL_CAN_SleepCallback  stm32f4xx_hal_can.o
    0x08001b56   0x08001b56   0x0000005e   Code   RO         1297    i.HAL_CAN_Start     stm32f4xx_hal_can.o
    0x08001bb4   0x08001bb4   0x00000002   Code   RO         1299    i.HAL_CAN_TxMailbox0AbortCallback  stm32f4xx_hal_can.o
    0x08001bb6   0x08001bb6   0x00000002   Code   RO         1300    i.HAL_CAN_TxMailbox0CompleteCallback  stm32f4xx_hal_can.o
    0x08001bb8   0x08001bb8   0x00000002   Code   RO         1301    i.HAL_CAN_TxMailbox1AbortCallback  stm32f4xx_hal_can.o
    0x08001bba   0x08001bba   0x00000002   Code   RO         1302    i.HAL_CAN_TxMailbox1CompleteCallback  stm32f4xx_hal_can.o
    0x08001bbc   0x08001bbc   0x00000002   Code   RO         1303    i.HAL_CAN_TxMailbox2AbortCallback  stm32f4xx_hal_can.o
    0x08001bbe   0x08001bbe   0x00000002   Code   RO         1304    i.HAL_CAN_TxMailbox2CompleteCallback  stm32f4xx_hal_can.o
    0x08001bc0   0x08001bc0   0x00000002   Code   RO         1306    i.HAL_CAN_WakeUpFromRxMsgCallback  stm32f4xx_hal_can.o
    0x08001bc2   0x08001bc2   0x000000ac   Code   RO         2012    i.HAL_DMA_Abort     stm32f4xx_hal_dma.o
    0x08001c6e   0x08001c6e   0x00000028   Code   RO         2013    i.HAL_DMA_Abort_IT  stm32f4xx_hal_dma.o
    0x08001c96   0x08001c96   0x00000002   PAD
    0x08001c98   0x08001c98   0x00000240   Code   RO         2017    i.HAL_DMA_IRQHandler  stm32f4xx_hal_dma.o
    0x08001ed8   0x08001ed8   0x000000ec   Code   RO         2018    i.HAL_DMA_Init      stm32f4xx_hal_dma.o
    0x08001fc4   0x08001fc4   0x00000092   Code   RO         2022    i.HAL_DMA_Start_IT  stm32f4xx_hal_dma.o
    0x08002056   0x08002056   0x00000002   PAD
    0x08002058   0x08002058   0x00000028   Code   RO         2436    i.HAL_Delay         stm32f4xx_hal.o
    0x08002080   0x08002080   0x00000014   Code   RO         1670    i.HAL_FLASH_Lock    stm32f4xx_hal_flash.o
    0x08002094   0x08002094   0x00000098   Code   RO         1675    i.HAL_FLASH_Program  stm32f4xx_hal_flash.o
    0x0800212c   0x0800212c   0x00000034   Code   RO         1677    i.HAL_FLASH_Unlock  stm32f4xx_hal_flash.o
    0x08002160   0x08002160   0x00000002   Code   RO         1903    i.HAL_GPIO_EXTI_Callback  stm32f4xx_hal_gpio.o
    0x08002162   0x08002162   0x00000002   PAD
    0x08002164   0x08002164   0x0000001c   Code   RO         1904    i.HAL_GPIO_EXTI_IRQHandler  stm32f4xx_hal_gpio.o
    0x08002180   0x08002180   0x000001f0   Code   RO         1905    i.HAL_GPIO_Init     stm32f4xx_hal_gpio.o
    0x08002370   0x08002370   0x00000010   Code   RO         1907    i.HAL_GPIO_ReadPin  stm32f4xx_hal_gpio.o
    0x08002380   0x08002380   0x0000000c   Code   RO         1909    i.HAL_GPIO_WritePin  stm32f4xx_hal_gpio.o
    0x0800238c   0x0800238c   0x0000000c   Code   RO         2442    i.HAL_GetTick       stm32f4xx_hal.o
    0x08002398   0x08002398   0x00000018   Code   RO         2448    i.HAL_IncTick       stm32f4xx_hal.o
    0x080023b0   0x080023b0   0x0000003c   Code   RO         2449    i.HAL_Init          stm32f4xx_hal.o
    0x080023ec   0x080023ec   0x0000008c   Code   RO         1232    i.HAL_InitTick      stm32f4xx_hal_timebase_tim.o
    0x08002478   0x08002478   0x00000054   Code   RO         1208    i.HAL_MspInit       stm32f4xx_hal_msp.o
    0x080024cc   0x080024cc   0x00000020   Code   RO         2294    i.HAL_NVIC_EnableIRQ  stm32f4xx_hal_cortex.o
    0x080024ec   0x080024ec   0x0000007c   Code   RO         2300    i.HAL_NVIC_SetPriority  stm32f4xx_hal_cortex.o
    0x08002568   0x08002568   0x00000028   Code   RO         2301    i.HAL_NVIC_SetPriorityGrouping  stm32f4xx_hal_cortex.o
    0x08002590   0x08002590   0x00000184   Code   RO         1506    i.HAL_RCC_ClockConfig  stm32f4xx_hal_rcc.o
    0x08002714   0x08002714   0x00000044   Code   RO         1510    i.HAL_RCC_GetClockConfig  stm32f4xx_hal_rcc.o
    0x08002758   0x08002758   0x0000000c   Code   RO         1511    i.HAL_RCC_GetHCLKFreq  stm32f4xx_hal_rcc.o
    0x08002764   0x08002764   0x00000020   Code   RO         1513    i.HAL_RCC_GetPCLK1Freq  stm32f4xx_hal_rcc.o
    0x08002784   0x08002784   0x00000020   Code   RO         1514    i.HAL_RCC_GetPCLK2Freq  stm32f4xx_hal_rcc.o
    0x080027a4   0x080027a4   0x000000b0   Code   RO         1515    i.HAL_RCC_GetSysClockFreq  stm32f4xx_hal_rcc.o
    0x08002854   0x08002854   0x0000049c   Code   RO         1518    i.HAL_RCC_OscConfig  stm32f4xx_hal_rcc.o
    0x08002cf0   0x08002cf0   0x00000002   Code   RO         3404    i.HAL_TIMEx_BreakCallback  stm32f4xx_hal_tim_ex.o
    0x08002cf2   0x08002cf2   0x00000002   Code   RO         3405    i.HAL_TIMEx_CommutCallback  stm32f4xx_hal_tim_ex.o
    0x08002cf4   0x08002cf4   0x000000b4   Code   RO         3423    i.HAL_TIMEx_MasterConfigSynchronization  stm32f4xx_hal_tim_ex.o
    0x08002da8   0x08002da8   0x00000066   Code   RO         2689    i.HAL_TIM_Base_Init  stm32f4xx_hal_tim.o
    0x08002e0e   0x08002e0e   0x00000002   PAD
    0x08002e10   0x08002e10   0x0000009c   Code   RO          821    i.HAL_TIM_Base_MspInit  tim.o
    0x08002eac   0x08002eac   0x000000a8   Code   RO         2694    i.HAL_TIM_Base_Start_IT  stm32f4xx_hal_tim.o
    0x08002f54   0x08002f54   0x0000010c   Code   RO         2698    i.HAL_TIM_ConfigClockSource  stm32f4xx_hal_tim.o
    0x08003060   0x08003060   0x00000002   Code   RO         2723    i.HAL_TIM_IC_CaptureCallback  stm32f4xx_hal_tim.o
    0x08003062   0x08003062   0x00000196   Code   RO         2737    i.HAL_TIM_IRQHandler  stm32f4xx_hal_tim.o
    0x080031f8   0x080031f8   0x00000060   Code   RO          822    i.HAL_TIM_MspPostInit  tim.o
    0x08003258   0x08003258   0x00000002   Code   RO         2740    i.HAL_TIM_OC_DelayElapsedCallback  stm32f4xx_hal_tim.o
    0x0800325a   0x0800325a   0x00000104   Code   RO         2761    i.HAL_TIM_PWM_ConfigChannel  stm32f4xx_hal_tim.o
    0x0800335e   0x0800335e   0x00000066   Code   RO         2764    i.HAL_TIM_PWM_Init  stm32f4xx_hal_tim.o
    0x080033c4   0x080033c4   0x00000002   Code   RO         2766    i.HAL_TIM_PWM_MspInit  stm32f4xx_hal_tim.o
    0x080033c6   0x080033c6   0x00000002   Code   RO         2767    i.HAL_TIM_PWM_PulseFinishedCallback  stm32f4xx_hal_tim.o
    0x080033c8   0x080033c8   0x0000010c   Code   RO         2769    i.HAL_TIM_PWM_Start  stm32f4xx_hal_tim.o
    0x080034d4   0x080034d4   0x000000f4   Code   RO          569    i.HAL_TIM_PeriodElapsedCallback  main.o
    0x080035c8   0x080035c8   0x00000002   Code   RO         2780    i.HAL_TIM_TriggerCallback  stm32f4xx_hal_tim.o
    0x080035ca   0x080035ca   0x00000002   Code   RO         3682    i.HAL_UARTEx_RxEventCallback  stm32f4xx_hal_uart.o
    0x080035cc   0x080035cc   0x0000008a   Code   RO         3694    i.HAL_UART_DMAStop  stm32f4xx_hal_uart.o
    0x08003656   0x08003656   0x00000002   Code   RO         3696    i.HAL_UART_ErrorCallback  stm32f4xx_hal_uart.o
    0x08003658   0x08003658   0x000002e0   Code   RO         3699    i.HAL_UART_IRQHandler  stm32f4xx_hal_uart.o
    0x08003938   0x08003938   0x00000072   Code   RO         3700    i.HAL_UART_Init     stm32f4xx_hal_uart.o
    0x080039aa   0x080039aa   0x00000002   PAD
    0x080039ac   0x080039ac   0x00000420   Code   RO          882    i.HAL_UART_MspInit  usart.o
    0x08003dcc   0x08003dcc   0x00000042   Code   RO         3704    i.HAL_UART_Receive_DMA  stm32f4xx_hal_uart.o
    0x08003e0e   0x08003e0e   0x00000002   Code   RO         3706    i.HAL_UART_RxCpltCallback  stm32f4xx_hal_uart.o
    0x08003e10   0x08003e10   0x00000002   Code   RO         3707    i.HAL_UART_RxHalfCpltCallback  stm32f4xx_hal_uart.o
    0x08003e12   0x08003e12   0x00000002   Code   RO         3711    i.HAL_UART_TxCpltCallback  stm32f4xx_hal_uart.o
    0x08003e14   0x08003e14   0x00000004   Code   RO         1062    i.HardFault_Handler  stm32f4xx_it.o
    0x08003e18   0x08003e18   0x000000f0   Code   RO         5475    i.JY_Encoder_Can_Receive  jy_me02.o
    0x08003f08   0x08003f08   0x0000000e   Code   RO          655    i.Jigou_quhuan      freertos.o
    0x08003f16   0x08003f16   0x0000000a   Code   RO          656    i.Jigou_yuntai      freertos.o
    0x08003f20   0x08003f20   0x00000280   Code   RO          407    i.Keep_Robot_Position  lj_plus.o
    0x080041a0   0x080041a0   0x00000064   Code   RO           17    i.M3508_Speed       pid_controller.o
    0x08004204   0x08004204   0x00000098   Code   RO           18    i.M3508_Speed_Position  pid_controller.o
    0x0800429c   0x0800429c   0x00000208   Code   RO         5506    i.M350x_RecData     m3508.o
    0x080044a4   0x080044a4   0x00000086   Code   RO         5507    i.M350x_TxMes_0_3   m3508.o
    0x0800452a   0x0800452a   0x00000074   Code   RO           19    i.M3510_Angle_Calculate  pid_controller.o
    0x0800459e   0x0800459e   0x00000002   PAD
    0x080045a0   0x080045a0   0x00000184   Code   RO           20    i.M3510_PID_MotorInit  pid_controller.o
    0x08004724   0x08004724   0x00000040   Code   RO          739    i.MX_CAN1_Init      can.o
    0x08004764   0x08004764   0x00000040   Code   RO          740    i.MX_CAN2_Init      can.o
    0x080047a4   0x080047a4   0x000000b8   Code   RO          796    i.MX_DMA_Init       dma.o
    0x0800485c   0x0800485c   0x000000b4   Code   RO          657    i.MX_FREERTOS_Init  freertos.o
    0x08004910   0x08004910   0x00000198   Code   RO          629    i.MX_GPIO_Init      gpio.o
    0x08004aa8   0x08004aa8   0x0000006c   Code   RO          823    i.MX_TIM2_Init      tim.o
    0x08004b14   0x08004b14   0x000000b4   Code   RO          824    i.MX_TIM3_Init      tim.o
    0x08004bc8   0x08004bc8   0x0000004c   Code   RO          825    i.MX_TIM6_Init      tim.o
    0x08004c14   0x08004c14   0x00000038   Code   RO          883    i.MX_UART5_Init     usart.o
    0x08004c4c   0x08004c4c   0x00000038   Code   RO          884    i.MX_USART1_UART_Init  usart.o
    0x08004c84   0x08004c84   0x00000038   Code   RO          885    i.MX_USART2_UART_Init  usart.o
    0x08004cbc   0x08004cbc   0x00000038   Code   RO          886    i.MX_USART6_UART_Init  usart.o
    0x08004cf4   0x08004cf4   0x00000090   Code   RO         5509    i.M_Calculate_CascadePID_Test  m3508.o
    0x08004d84   0x08004d84   0x00000058   Code   RO         5512    i.M_Calculate_PositionalPID_Test  m3508.o
    0x08004ddc   0x08004ddc   0x00000090   Code   RO         5513    i.M_Encoder_Cascade_PID  m3508.o
    0x08004e6c   0x08004e6c   0x00000028   Code   RO          887    i.MaPan_Receive_Start  usart.o
    0x08004e94   0x08004e94   0x00000184   Code   RO          888    i.Mapan_Data_Process  usart.o
    0x08005018   0x08005018   0x00000004   Code   RO         1063    i.MemManage_Handler  stm32f4xx_it.o
    0x0800501c   0x0800501c   0x00000004   Code   RO         1064    i.NMI_Handler       stm32f4xx_it.o
    0x08005020   0x08005020   0x00000150   Code   RO          408    i.OP                lj_plus.o
    0x08005170   0x08005170   0x00000188   Code   RO           21    i.PID_Calculate     pid_controller.o
    0x080052f8   0x080052f8   0x000000c4   Code   RO         5641    i.PID_Calculate_Incremental  pid.o
    0x080053bc   0x080053bc   0x000000ac   Code   RO         5642    i.PID_Calculate_Positional  pid.o
    0x08005468   0x08005468   0x00000020   Code   RO          409    i.PID_Clear         lj_plus.o
    0x08005488   0x08005488   0x00000016   Code   RO          410    i.PID_Init          lj_plus.o
    0x0800549e   0x0800549e   0x00000002   PAD
    0x080054a0   0x080054a0   0x000000cc   Code   RO          411    i.PID_Path_Init     lj_plus.o
    0x0800556c   0x0800556c   0x00000124   Code   RO          412    i.Pid_Calculate     lj_plus.o
    0x08005690   0x08005690   0x00000014   Code   RO          889    i.RC_CtrlData_init  usart.o
    0x080056a4   0x080056a4   0x00000018   Code   RO          890    i.ReadFlash         usart.o
    0x080056bc   0x080056bc   0x000004b0   Code   RO          415    i.Robot_Control_Line  lj_plus.o
    0x08005b6c   0x08005b6c   0x000004fc   Code   RO          291    i.Robot_Wheel_Control  speed_decomposition.o
    0x08006068   0x08006068   0x00000164   Code   RO          292    i.Robot_Wheel_Control_3508  speed_decomposition.o
    0x080061cc   0x080061cc   0x0000005c   Code   RO          293    i.Robot_Wheel_speed_Control_3508  speed_decomposition.o
    0x08006228   0x08006228   0x00000090   Code   RO          294    i.Robot_Wheel_speed_Control_VESC  speed_decomposition.o
    0x080062b8   0x080062b8   0x00000190   Code   RO          892    i.SHOUBINGCHULI     usart.o
    0x08006448   0x08006448   0x00000028   Code   RO          893    i.SHOUBING_Receive_Start  usart.o
    0x08006470   0x08006470   0x00000026   Code   RO         5515    i.Scope_Max_Min     m3508.o
    0x08006496   0x08006496   0x0000000a   Code   RO          658    i.Shoubing          freertos.o
    0x080064a0   0x080064a0   0x00000078   Code   RO          659    i.StartDefaultTask  freertos.o
    0x08006518   0x08006518   0x00000034   Code   RO         5305    i.SysTick_Handler   port.o
    0x0800654c   0x0800654c   0x000000b4   Code   RO          570    i.SystemClock_Config  main.o
    0x08006600   0x08006600   0x00000014   Code   RO         4039    i.SystemInit        system_stm32f4xx.o
    0x08006614   0x08006614   0x00000010   Code   RO         1065    i.TIM2_IRQHandler   stm32f4xx_it.o
    0x08006624   0x08006624   0x00000010   Code   RO         1066    i.TIM7_IRQHandler   stm32f4xx_it.o
    0x08006634   0x08006634   0x000000d8   Code   RO         2782    i.TIM_Base_SetConfig  stm32f4xx_hal_tim.o
    0x0800670c   0x0800670c   0x00000022   Code   RO         2783    i.TIM_CCxChannelCmd  stm32f4xx_hal_tim.o
    0x0800672e   0x0800672e   0x00000016   Code   RO         2793    i.TIM_ETR_SetConfig  stm32f4xx_hal_tim.o
    0x08006744   0x08006744   0x00000012   Code   RO         2794    i.TIM_ITRx_SetConfig  stm32f4xx_hal_tim.o
    0x08006756   0x08006756   0x00000002   PAD
    0x08006758   0x08006758   0x00000070   Code   RO         2795    i.TIM_OC1_SetConfig  stm32f4xx_hal_tim.o
    0x080067c8   0x080067c8   0x0000007c   Code   RO         2796    i.TIM_OC2_SetConfig  stm32f4xx_hal_tim.o
    0x08006844   0x08006844   0x00000078   Code   RO         2797    i.TIM_OC3_SetConfig  stm32f4xx_hal_tim.o
    0x080068bc   0x080068bc   0x00000054   Code   RO         2798    i.TIM_OC4_SetConfig  stm32f4xx_hal_tim.o
    0x08006910   0x08006910   0x00000026   Code   RO         2800    i.TIM_TI1_ConfigInputStage  stm32f4xx_hal_tim.o
    0x08006936   0x08006936   0x00000028   Code   RO         2802    i.TIM_TI2_ConfigInputStage  stm32f4xx_hal_tim.o
    0x0800695e   0x0800695e   0x00000002   PAD
    0x08006960   0x08006960   0x000000bc   Code   RO          896    i.UART1_IDLE_Callback  usart.o
    0x08006a1c   0x08006a1c   0x000000e0   Code   RO          897    i.UART2_IDLE_Callback  usart.o
    0x08006afc   0x08006afc   0x00000010   Code   RO         1067    i.UART5_IRQHandler  stm32f4xx_it.o
    0x08006b0c   0x08006b0c   0x00000014   Code   RO         3713    i.UART_DMAAbortOnError  stm32f4xx_hal_uart.o
    0x08006b20   0x08006b20   0x00000050   Code   RO         3714    i.UART_DMAError     stm32f4xx_hal_uart.o
    0x08006b70   0x08006b70   0x000000b0   Code   RO         3715    i.UART_DMAReceiveCplt  stm32f4xx_hal_uart.o
    0x08006c20   0x08006c20   0x00000020   Code   RO         3717    i.UART_DMARxHalfCplt  stm32f4xx_hal_uart.o
    0x08006c40   0x08006c40   0x0000006c   Code   RO         3723    i.UART_EndRxTransfer  stm32f4xx_hal_uart.o
    0x08006cac   0x08006cac   0x00000020   Code   RO         3724    i.UART_EndTransmit_IT  stm32f4xx_hal_uart.o
    0x08006ccc   0x08006ccc   0x00000026   Code   RO         3725    i.UART_EndTxTransfer  stm32f4xx_hal_uart.o
    0x08006cf2   0x08006cf2   0x000000f8   Code   RO         3726    i.UART_Receive_IT   stm32f4xx_hal_uart.o
    0x08006dea   0x08006dea   0x00000002   PAD
    0x08006dec   0x08006dec   0x0000022c   Code   RO         3727    i.UART_SetConfig    stm32f4xx_hal_uart.o
    0x08007018   0x08007018   0x000000cc   Code   RO         3728    i.UART_Start_Receive_DMA  stm32f4xx_hal_uart.o
    0x080070e4   0x080070e4   0x00000060   Code   RO         3730    i.UART_Transmit_IT  stm32f4xx_hal_uart.o
    0x08007144   0x08007144   0x00000014   Code   RO         1068    i.USART1_IRQHandler  stm32f4xx_it.o
    0x08007158   0x08007158   0x00000014   Code   RO         1069    i.USART2_IRQHandler  stm32f4xx_it.o
    0x0800716c   0x0800716c   0x00000004   Code   RO         1070    i.UsageFault_Handler  stm32f4xx_it.o
    0x08007170   0x08007170   0x00000052   Code   RO          366    i.VESC_CAN_Send     vesc.o
    0x080071c2   0x080071c2   0x00000032   Code   RO          367    i.VESC_Set_RPM      vesc.o
    0x080071f4   0x080071f4   0x0000006c   Code   RO          899    i.WriteFlash        usart.o
    0x08007260   0x08007260   0x0000000a   Code   RO          660    i.Xianyu            freertos.o
    0x0800726a   0x0800726a   0x00000002   PAD
    0x0800726c   0x0800726c   0x000001f8   Code   RO         5773    i.Yuntai_Rotor_Control  yuntai.o
    0x08007464   0x08007464   0x00000030   Code   RO         6003    i.__ARM_fpclassify  m_wm.l(fpclassify.o)
    0x08007494   0x08007494   0x00000026   Code   RO         6005    i.__ARM_fpclassifyf  m_wm.l(fpclassifyf.o)
    0x080074ba   0x080074ba   0x00000002   PAD
    0x080074bc   0x080074bc   0x00000010   Code   RO         2307    i.__NVIC_GetPriorityGrouping  stm32f4xx_hal_cortex.o
    0x080074cc   0x080074cc   0x00000028   Code   RO         2308    i.__NVIC_SetPriority  stm32f4xx_hal_cortex.o
    0x080074f4   0x080074f4   0x00000004   PAD
    0x080074f8   0x080074f8   0x00000360   Code   RO         5878    i.__hardfp_asin     m_wm.l(asin.o)
    0x08007858   0x08007858   0x000002ac   Code   RO         5892    i.__hardfp_atan2f   m_wm.l(atan2f.o)
    0x08007b04   0x08007b04   0x00000004   PAD
    0x08007b08   0x08007b08   0x000000c8   Code   RO         5904    i.__hardfp_cos      m_wm.l(cos.o)
    0x08007bd0   0x08007bd0   0x00000014   Code   RO         5916    i.__hardfp_fabs     m_wm.l(fabs.o)
    0x08007be4   0x08007be4   0x00000004   PAD
    0x08007be8   0x08007be8   0x000000c8   Code   RO         5922    i.__hardfp_sin      m_wm.l(sin.o)
    0x08007cb0   0x08007cb0   0x0000007a   Code   RO         5946    i.__hardfp_sqrt     m_wm.l(sqrt.o)
    0x08007d2a   0x08007d2a   0x00000006   PAD
    0x08007d30   0x08007d30   0x00000438   Code   RO         6023    i.__ieee754_rem_pio2  m_wm.l(rred.o)
    0x08008168   0x08008168   0x00000170   Code   RO         5986    i.__kernel_cos      m_wm.l(cos_i.o)
    0x080082d8   0x080082d8   0x000000f8   Code   RO         6021    i.__kernel_poly     m_wm.l(poly.o)
    0x080083d0   0x080083d0   0x00000130   Code   RO         6031    i.__kernel_sin      m_wm.l(sin_i.o)
    0x08008500   0x08008500   0x00000014   Code   RO         5990    i.__mathlib_dbl_infnan  m_wm.l(dunder.o)
    0x08008514   0x08008514   0x00000004   PAD
    0x08008518   0x08008518   0x00000020   Code   RO         5992    i.__mathlib_dbl_invalid  m_wm.l(dunder.o)
    0x08008538   0x08008538   0x00000020   Code   RO         5995    i.__mathlib_dbl_underflow  m_wm.l(dunder.o)
    0x08008558   0x08008558   0x00000006   Code   RO         6009    i.__mathlib_flt_infnan2  m_wm.l(funder.o)
    0x0800855e   0x0800855e   0x00000002   PAD
    0x08008560   0x08008560   0x00000010   Code   RO         6013    i.__mathlib_flt_underflow  m_wm.l(funder.o)
    0x08008570   0x08008570   0x00000080   Code   RO         5663    i.air_pump          quhuan.o
    0x080085f0   0x080085f0   0x00000154   Code   RO          417    i.coordinate_transformation  lj_plus.o
    0x08008744   0x08008744   0x00000110   Code   RO         5388    i.ctrl_motor_MIT    dm_j4310.o
    0x08008854   0x08008854   0x00000060   Code   RO         5389    i.ctrl_motor_PV     dm_j4310.o
    0x080088b4   0x080088b4   0x00000046   Code   RO         5390    i.ctrl_motor_V      dm_j4310.o
    0x080088fa   0x080088fa   0x00000002   PAD
    0x080088fc   0x080088fc   0x00000038   Code   RO         5664    i.duoji             quhuan.o
    0x08008934   0x08008934   0x000000b0   Code   RO           22    i.f_Changing_Integral_Rate  pid_controller.o
    0x080089e4   0x080089e4   0x0000001e   Code   RO           23    i.f_Derivative_Filter  pid_controller.o
    0x08008a02   0x08008a02   0x0000001a   Code   RO           24    i.f_Derivative_On_Measurement  pid_controller.o
    0x08008a1c   0x08008a1c   0x000000a0   Code   RO           25    i.f_Integral_Limit  pid_controller.o
    0x08008abc   0x08008abc   0x0000001e   Code   RO           26    i.f_Output_Filter   pid_controller.o
    0x08008ada   0x08008ada   0x0000002e   Code   RO           27    i.f_Output_Limit    pid_controller.o
    0x08008b08   0x08008b08   0x0000002e   Code   RO           28    i.f_Proportion_Limit  pid_controller.o
    0x08008b36   0x08008b36   0x00000022   Code   RO           29    i.f_Trapezoid_Intergral  pid_controller.o
    0x08008b58   0x08008b58   0x00000018   Code   RO         5918    i.fabs              m_wm.l(fabs.o)
    0x08008b70   0x08008b70   0x00000060   Code   RO          418    i.fitting_function  lj_plus.o
    0x08008bd0   0x08008bd0   0x0000006c   Code   RO          419    i.fitting_function2  lj_plus.o
    0x08008c3c   0x08008c3c   0x00000032   Code   RO         5391    i.float_to_uint     dm_j4310.o
    0x08008c6e   0x08008c6e   0x00000002   PAD
    0x08008c70   0x08008c70   0x00000088   Code   RO          295    i.gain_absolute_angle  speed_decomposition.o
    0x08008cf8   0x08008cf8   0x00000138   Code   RO          296    i.gain_gap_angle    speed_decomposition.o
    0x08008e30   0x08008e30   0x00000164   Code   RO          297    i.get_angle         speed_decomposition.o
    0x08008f94   0x08008f94   0x00000022   Code   RO          900    i.get_float_from_4u8  usart.o
    0x08008fb6   0x08008fb6   0x0000003c   Code   RO         5774    i.limit_a_b         yuntai.o
    0x08008ff2   0x08008ff2   0x00000002   PAD
    0x08008ff4   0x08008ff4   0x000000f0   Code   RO          420    i.line              lj_plus.o
    0x080090e4   0x080090e4   0x000000f8   Code   RO          571    i.main              main.o
    0x080091dc   0x080091dc   0x0000000e   Code   RO         4879    i.makeFreeRtosPriority  cmsis_os.o
    0x080091ea   0x080091ea   0x00000002   PAD
    0x080091ec   0x080091ec   0x00000070   Code   RO         5775    i.motor_control     yuntai.o
    0x0800925c   0x0800925c   0x00000018   Code   RO         4881    i.osDelay           cmsis_os.o
    0x08009274   0x08009274   0x0000000a   Code   RO         4884    i.osKernelStart     cmsis_os.o
    0x0800927e   0x0800927e   0x0000005e   Code   RO         4918    i.osThreadCreate    cmsis_os.o
    0x080092dc   0x080092dc   0x0000001a   Code   RO         5516    i.pid_Init          m3508.o
    0x080092f6   0x080092f6   0x00000002   PAD
    0x080092f8   0x080092f8   0x00000070   Code   RO         5517    i.pid_Init_All      m3508.o
    0x08009368   0x08009368   0x00000098   Code   RO         4550    i.prvAddCurrentTaskToDelayedList  tasks.o
    0x08009400   0x08009400   0x000000b4   Code   RO         4551    i.prvAddNewTaskToReadyList  tasks.o
    0x080094b4   0x080094b4   0x00000048   Code   RO         4552    i.prvCheckTasksWaitingTermination  tasks.o
    0x080094fc   0x080094fc   0x00000050   Code   RO         4553    i.prvDeleteTCB      tasks.o
    0x0800954c   0x0800954c   0x0000007c   Code   RO         5237    i.prvHeapInit       heap_4.o
    0x080095c8   0x080095c8   0x00000028   Code   RO         4554    i.prvIdleTask       tasks.o
    0x080095f0   0x080095f0   0x000000b4   Code   RO         4555    i.prvInitialiseNewTask  tasks.o
    0x080096a4   0x080096a4   0x00000068   Code   RO         4556    i.prvInitialiseTaskLists  tasks.o
    0x0800970c   0x0800970c   0x00000068   Code   RO         5238    i.prvInsertBlockIntoFreeList  heap_4.o
    0x08009774   0x08009774   0x00000034   Code   RO         4557    i.prvResetNextTaskUnblockTime  tasks.o
    0x080097a8   0x080097a8   0x00000040   Code   RO         5306    i.prvTaskExitError  port.o
    0x080097e8   0x080097e8   0x0000014c   Code   RO         5239    i.pvPortMalloc      heap_4.o
    0x08009934   0x08009934   0x0000002c   Code   RO         5307    i.pxPortInitialiseStack  port.o
    0x08009960   0x08009960   0x000002c0   Code   RO         5665    i.quhuan_left_up_put_down  quhuan.o
    0x08009c20   0x08009c20   0x000002bc   Code   RO         5666    i.quhuan_right_up_put_down  quhuan.o
    0x08009edc   0x08009edc   0x0000004c   Code   RO         5392    i.set_zero_pos      dm_j4310.o
    0x08009f28   0x08009f28   0x0000006e   Code   RO         5948    i.sqrt              m_wm.l(sqrt.o)
    0x08009f96   0x08009f96   0x0000004c   Code   RO         5393    i.start_motor       dm_j4310.o
    0x08009fe2   0x08009fe2   0x00000002   PAD
    0x08009fe4   0x08009fe4   0x000000e0   Code   RO         5667    i.trans_to_left     quhuan.o
    0x0800a0c4   0x0800a0c4   0x000000dc   Code   RO         5668    i.trans_to_right    quhuan.o
    0x0800a1a0   0x0800a1a0   0x00000034   Code   RO         5394    i.uint_to_float     dm_j4310.o
    0x0800a1d4   0x0800a1d4   0x00000028   Code   RO         4176    i.uxListRemove      list.o
    0x0800a1fc   0x0800a1fc   0x00000018   Code   RO          661    i.vApplicationGetIdleTaskMemory  freertos.o
    0x0800a214   0x0800a214   0x0000001a   Code   RO         4177    i.vListInitialise   list.o
    0x0800a22e   0x0800a22e   0x00000006   Code   RO         4178    i.vListInitialiseItem  list.o
    0x0800a234   0x0800a234   0x00000034   Code   RO         4179    i.vListInsert       list.o
    0x0800a268   0x0800a268   0x00000018   Code   RO         4180    i.vListInsertEnd    list.o
    0x0800a280   0x0800a280   0x00000054   Code   RO         5309    i.vPortEnterCritical  port.o
    0x0800a2d4   0x0800a2d4   0x0000003c   Code   RO         5310    i.vPortExitCritical  port.o
    0x0800a310   0x0800a310   0x000000a4   Code   RO         5240    i.vPortFree         heap_4.o
    0x0800a3b4   0x0800a3b4   0x00000028   Code   RO         5311    i.vPortSetupTimerInterrupt  port.o
    0x0800a3dc   0x0800a3dc   0x0000005c   Code   RO         4566    i.vTaskDelay        tasks.o
    0x0800a438   0x0800a438   0x000000b0   Code   RO         4579    i.vTaskStartScheduler  tasks.o
    0x0800a4e8   0x0800a4e8   0x00000010   Code   RO         4581    i.vTaskSuspendAll   tasks.o
    0x0800a4f8   0x0800a4f8   0x0000008c   Code   RO         4582    i.vTaskSwitchContext  tasks.o
    0x0800a584   0x0800a584   0x00000168   Code   RO         5313    i.xPortStartScheduler  port.o
    0x0800a6ec   0x0800a6ec   0x00000064   Code   RO         4585    i.xTaskCreate       tasks.o
    0x0800a750   0x0800a750   0x000000ba   Code   RO         4586    i.xTaskCreateStatic  tasks.o
    0x0800a80a   0x0800a80a   0x00000002   PAD
    0x0800a80c   0x0800a80c   0x00000148   Code   RO         4593    i.xTaskIncrementTick  tasks.o
    0x0800a954   0x0800a954   0x00000104   Code   RO         4599    i.xTaskResumeAll    tasks.o
    0x0800aa58   0x0800aa58   0x00000068   Code   RO         5669    i.yuntai_control_all  quhuan.o
    0x0800aac0   0x0800aac0   0x00000018   Code   RO         5967    x$fpl$basic         fz_wm.l(basic.o)
    0x0800aad8   0x0800aad8   0x00000062   Code   RO         5838    x$fpl$d2f           fz_wm.l(d2f.o)
    0x0800ab3a   0x0800ab3a   0x00000002   PAD
    0x0800ab3c   0x0800ab3c   0x00000150   Code   RO         5840    x$fpl$dadd          fz_wm.l(daddsub_clz.o)
    0x0800ac8c   0x0800ac8c   0x00000018   Code   RO         5969    x$fpl$dcmpinf       fz_wm.l(dcmpi.o)
    0x0800aca4   0x0800aca4   0x000002b0   Code   RO         5972    x$fpl$ddiv          fz_wm.l(ddiv.o)
    0x0800af54   0x0800af54   0x0000005e   Code   RO         5846    x$fpl$dfix          fz_wm.l(dfix.o)
    0x0800afb2   0x0800afb2   0x00000002   PAD
    0x0800afb4   0x0800afb4   0x0000005a   Code   RO         5850    x$fpl$dfixu         fz_wm.l(dfixu.o)
    0x0800b00e   0x0800b00e   0x0000002e   Code   RO         5855    x$fpl$dflt          fz_wm.l(dflt_clz.o)
    0x0800b03c   0x0800b03c   0x00000026   Code   RO         5854    x$fpl$dfltu         fz_wm.l(dflt_clz.o)
    0x0800b062   0x0800b062   0x00000002   PAD
    0x0800b064   0x0800b064   0x00000078   Code   RO         5860    x$fpl$dleqf         fz_wm.l(dleqf.o)
    0x0800b0dc   0x0800b0dc   0x00000154   Code   RO         5862    x$fpl$dmul          fz_wm.l(dmul.o)
    0x0800b230   0x0800b230   0x0000009c   Code   RO         5975    x$fpl$dnaninf       fz_wm.l(dnaninf.o)
    0x0800b2cc   0x0800b2cc   0x0000000c   Code   RO         5977    x$fpl$dretinf       fz_wm.l(dretinf.o)
    0x0800b2d8   0x0800b2d8   0x00000016   Code   RO         5841    x$fpl$drsb          fz_wm.l(daddsub_clz.o)
    0x0800b2ee   0x0800b2ee   0x00000002   PAD
    0x0800b2f0   0x0800b2f0   0x00000198   Code   RO         5979    x$fpl$dsqrt         fz_wm.l(dsqrt_umaal.o)
    0x0800b488   0x0800b488   0x000001d4   Code   RO         5842    x$fpl$dsub          fz_wm.l(daddsub_clz.o)
    0x0800b65c   0x0800b65c   0x00000056   Code   RO         5864    x$fpl$f2d           fz_wm.l(f2d.o)
    0x0800b6b2   0x0800b6b2   0x0000008c   Code   RO         5981    x$fpl$fnaninf       fz_wm.l(fnaninf.o)
    0x0800b73e   0x0800b73e   0x0000000a   Code   RO         6156    x$fpl$fpinit        fz_wm.l(fpinit.o)
    0x0800b748   0x0800b748   0x0000000a   Code   RO         5983    x$fpl$fretinf       fz_wm.l(fretinf.o)
    0x0800b752   0x0800b752   0x00000000   Code   RO         5985    x$fpl$usenofp       fz_wm.l(usenofp.o)
    0x0800b752   0x0800b752   0x00000002   PAD
    0x0800b754   0x0800b754   0x000000a8   Data   RO          663    .constdata          freertos.o
    0x0800b7fc   0x0800b7fc   0x00000008   Data   RO         2024    .constdata          stm32f4xx_hal_dma.o
    0x0800b804   0x0800b804   0x00000018   Data   RO         4040    .constdata          system_stm32f4xx.o
    0x0800b81c   0x0800b81c   0x00000004   PAD
    0x0800b820   0x0800b820   0x00000050   Data   RO         5881    .constdata          m_wm.l(asin.o)
    0x0800b870   0x0800b870   0x00000030   Data   RO         5987    .constdata          m_wm.l(cos_i.o)
    0x0800b8a0   0x0800b8a0   0x000000c8   Data   RO         6025    .constdata          m_wm.l(rred.o)
    0x0800b968   0x0800b968   0x00000028   Data   RO         6032    .constdata          m_wm.l(sin_i.o)
    0x0800b990   0x0800b990   0x00000047   Data   RO          664    .conststring        freertos.o
    0x0800b9d7   0x0800b9d7   0x00000001   PAD
    0x0800b9d8   0x0800b9d8   0x00000020   Data   RO         6214    Region$$Table       anon$$obj.o


    Execution Region RW_IRAM1 (Exec base: 0x20000000, Load base: 0x0800b9f8, Size: 0x00006630, Max: 0x0001c000, ABSOLUTE, COMPRESSED[0x00000050])

    Exec Addr    Load Addr    Size         Type   Attr      Idx    E Section Name        Object

    0x20000000   COMPRESSED   0x0000000c   Data   RW          299    .data               speed_decomposition.o
    0x2000000c   COMPRESSED   0x0000002c   Data   RW          422    .data               lj_plus.o
    0x20000038   COMPRESSED   0x00000010   Data   RW          573    .data               main.o
    0x20000048   COMPRESSED   0x00000084   Data   RW          665    .data               freertos.o
    0x200000cc   COMPRESSED   0x00000004   Data   RW          742    .data               can.o
    0x200000d0   COMPRESSED   0x00000044   Data   RW          903    .data               usart.o
    0x20000114   COMPRESSED   0x00000009   Data   RW         2456    .data               stm32f4xx_hal.o
    0x2000011d   COMPRESSED   0x00000003   PAD
    0x20000120   COMPRESSED   0x00000004   Data   RW         4041    .data               system_stm32f4xx.o
    0x20000124   COMPRESSED   0x0000003c   Data   RW         4602    .data               tasks.o
    0x20000160   COMPRESSED   0x00000020   Data   RW         5246    .data               heap_4.o
    0x20000180   COMPRESSED   0x0000000c   Data   RW         5314    .data               port.o
    0x2000018c   COMPRESSED   0x00000002   Data   RW         5396    .data               dm_j4310.o
    0x2000018e   COMPRESSED   0x00000002   PAD
    0x20000190   COMPRESSED   0x00000004   Data   RW         5477    .data               jy_me02.o
    0x20000194   COMPRESSED   0x00000028   Data   RW         5670    .data               quhuan.o
    0x200001bc   COMPRESSED   0x00000034   Data   RW         5776    .data               yuntai.o
    0x200001f0        -       0x00000e00   Zero   RW          298    .bss                speed_decomposition.o
    0x20000ff0        -       0x0000044c   Zero   RW          421    .bss                lj_plus.o
    0x2000143c        -       0x00000254   Zero   RW          662    .bss                freertos.o
    0x20001690        -       0x00000050   Zero   RW          741    .bss                can.o
    0x200016e0        -       0x000000d8   Zero   RW          826    .bss                tim.o
    0x200017b8        -       0x00000546   Zero   RW          902    .bss                usart.o
    0x20001cfe   COMPRESSED   0x00000002   PAD
    0x20001d00        -       0x00000048   Zero   RW         1235    .bss                stm32f4xx_hal_timebase_tim.o
    0x20001d48        -       0x00000020   Zero   RW         1678    .bss                stm32f4xx_hal_flash.o
    0x20001d68        -       0x000000f0   Zero   RW         4601    .bss                tasks.o
    0x20001e58        -       0x00003c00   Zero   RW         5245    .bss                heap_4.o
    0x20005a58        -       0x0000011c   Zero   RW         5395    .bss                dm_j4310.o
    0x20005b74        -       0x00000018   Zero   RW         5476    .bss                jy_me02.o
    0x20005b8c        -       0x00000440   Zero   RW         5519    .bss                m3508.o
    0x20005fcc        -       0x00000060   Zero   RW         6072    .bss                c_w.l(libspace.o)
    0x2000602c   COMPRESSED   0x00000004   PAD
    0x20006030        -       0x00000200   Zero   RW            2    HEAP                startup_stm32f407xx.o
    0x20006230        -       0x00000400   Zero   RW            1    STACK               startup_stm32f407xx.o


    Execution Region RW_IRAM2 (Exec base: 0x2001c000, Load base: 0x0800ba48, Size: 0x00000000, Max: 0x00004000, ABSOLUTE)

    **** No section assigned to this execution region ****


==============================================================================

Image component sizes


      Code (inc. data)   RO Data    RW Data    ZI Data      Debug   Object Name

       648         52          0          4         80       3596   can.o
       142          0          0          0          0      17335   cmsis_os.o
       886         30          0          2        284       8508   dm_j4310.o
       184          6          0          0          0        842   dma.o
         0          0          0          0          0      16872   event_groups.o
       724         90        239        132        596       6581   freertos.o
       408         22          0          0          0       1317   gpio.o
       724         74          0         32      15360       7383   heap_4.o
       240         16          0          4         24       1785   jy_me02.o
       148          0          0          0          0       3538   list.o
      3632        294          0         44       1100      43594   lj_plus.o
      1206         32          0          0       1088       6431   m3508.o
       678         96          0         16          0       3690   main.o
       368         12          0          0          0       1491   pid.o
      2706        118          0          0          0     717971   pid_controller.o
       894         78          0         12          0      11092   port.o
      2136        184          0         40          0       5905   quhuan.o
      2672        170          0         12       3584      10099   speed_decomposition.o
        64         26        392          0       1536        836   startup_stm32f407xx.o
       136         24          0          9          0       8690   stm32f4xx_hal.o
      2134          6          0          0          0      14219   stm32f4xx_hal_can.o
       252         22          0          0          0      33650   stm32f4xx_hal_cortex.o
      1436         16          8          0          0       6990   stm32f4xx_hal_dma.o
       652         64          0          0         32       5934   stm32f4xx_hal_flash.o
        92          6          0          0          0        713   stm32f4xx_hal_flash_ex.o
       554         48          0          0          0       3967   stm32f4xx_hal_gpio.o
        84          6          0          0          0        850   stm32f4xx_hal_msp.o
      1888         94          0          0          0       6237   stm32f4xx_hal_rcc.o
      2392        142          0          0          0      16304   stm32f4xx_hal_tim.o
       184         30          0          0          0       2477   stm32f4xx_hal_tim_ex.o
       140         18          0          0         72       1451   stm32f4xx_hal_timebase_tim.o
      2654         26          0          0          0      15329   stm32f4xx_hal_uart.o
       312         92          0          0          0      11235   stm32f4xx_it.o
         0          0          0          0          0        392   stream_buffer.o
        20          6         24          4          0       1115   system_stm32f4xx.o
      2158        270          0         60        240      20341   tasks.o
       616         46          0          0        216       3726   tim.o
      2772        270          0         68       1350      19024   usart.o
       132          0          0          0          0       1863   vesc.o
       832        102          0         52          0       3628   yuntai.o

    ----------------------------------------------------------------------
     37952       2592        700        496      25564    1047001   Object Totals
         0          0         32          0          0          0   (incl. Generated)
        52          4          5          5          2          0   (incl. Padding)

    ----------------------------------------------------------------------

      Code (inc. data)   RO Data    RW Data    ZI Data      Debug   Library Member Name

        90          0          0          0          0          0   __dczerorl2.o
         8          0          0          0          0         68   __main.o
         0          0          0          0          0          0   __rtentry.o
        12          0          0          0          0          0   __rtentry2.o
         6          0          0          0          0          0   __rtentry4.o
        52          8          0          0          0          0   __scatter.o
        28          0          0          0          0          0   __scatter_zi.o
        22          0          0          0          0        100   _rserrno.o
        18          0          0          0          0         80   exit.o
         6          0          0          0          0        152   heapauxi.o
         0          0          0          0          0          0   indicate_semi.o
         2          0          0          0          0          0   libinit.o
         6          0          0          0          0          0   libinit2.o
         2          0          0          0          0          0   libshutdown.o
         2          0          0          0          0          0   libshutdown2.o
         8          4          0          0         96         68   libspace.o
       238          0          0          0          0        100   lludivv7m.o
         8          4          0          0          0         68   rt_errno_addr_intlibspace.o
        78          0          0          0          0         80   rt_memclr_w.o
       138          0          0          0          0         68   rt_memcpy_v6.o
       100          0          0          0          0         80   rt_memcpy_w.o
         2          0          0          0          0          0   rtexit.o
        10          0          0          0          0          0   rtexit2.o
        12          4          0          0          0         68   sys_exit.o
        74          0          0          0          0         80   sys_stackheap_outer.o
         2          0          0          0          0         68   use_no_semi.o
        24          0          0          0          0        164   basic.o
        98          4          0          0          0        140   d2f.o
       826         16          0          0          0        492   daddsub_clz.o
        24          0          0          0          0        116   dcmpi.o
       688        140          0          0          0        256   ddiv.o
        94          4          0          0          0        140   dfix.o
        90          4          0          0          0        140   dfixu.o
        84          0          0          0          0        232   dflt_clz.o
       120          4          0          0          0        140   dleqf.o
       340         12          0          0          0        152   dmul.o
       156          4          0          0          0        140   dnaninf.o
        12          0          0          0          0        116   dretinf.o
       408         56          0          0          0        168   dsqrt_umaal.o
        86          4          0          0          0        132   f2d.o
       140          4          0          0          0        132   fnaninf.o
        10          0          0          0          0        116   fpinit.o
        10          0          0          0          0        116   fretinf.o
         0          0          0          0          0          0   usenofp.o
       864         94         80          0          0        280   asin.o
       684         90          0          0          0        208   atan2f.o
       200         20          0          0          0        164   cos.o
       368         46         48          0          0        200   cos_i.o
        84         16          0          0          0        372   dunder.o
        44          0          0          0          0        248   fabs.o
        48          0          0          0          0        124   fpclassify.o
        38          0          0          0          0        116   fpclassifyf.o
        22          6          0          0          0        232   funder.o
       248          0          0          0          0        152   poly.o
      1080        142        200          0          0        188   rred.o
       200         20          0          0          0        164   sin.o
       304         24         40          0          0        208   sin_i.o
       232          0          0          0          0        296   sqrt.o

    ----------------------------------------------------------------------
      8588        734        368          0        100       6924   Library Totals
        38          4          0          0          4          0   (incl. Padding)

    ----------------------------------------------------------------------

      Code (inc. data)   RO Data    RW Data    ZI Data      Debug   Library Name

       924         20          0          0         96       1080   c_w.l
      3210        252          0          0          0       2892   fz_wm.l
      4416        458        368          0          0       2952   m_wm.l

    ----------------------------------------------------------------------
      8588        734        368          0        100       6924   Library Totals

    ----------------------------------------------------------------------

==============================================================================


      Code (inc. data)   RO Data    RW Data    ZI Data      Debug   

     46540       3326       1068        496      25664    1023957   Grand Totals
     46540       3326       1068         80      25664    1023957   ELF Image Totals (compressed)
     46540       3326       1068         80          0          0   ROM Totals

==============================================================================

    Total RO  Size (Code + RO Data)                47608 (  46.49kB)
    Total RW  Size (RW Data + ZI Data)             26160 (  25.55kB)
    Total ROM Size (Code + RO Data + RW Data)      47688 (  46.57kB)

==============================================================================

