<html>
<body>
<pre>
<h1>µVision Build Log</h1>
<h2>Tool Versions:</h2>
IDE-Version: ¦ÌVision V5.36.0.0
Copyright (C) 2021 ARM Ltd and ARM Germany GmbH. All rights reserved.
License Information: a a, a, LIC=GMZI6-D7257-2ZAW4-FJ32E-Q66JM-BPQ90
 
Tool Versions:
Toolchain:       MDK-ARM Plus  Version: 5.36.0.0
Toolchain Path:  D:\keil_my\ARM\ARMCC\Bin
C Compiler:      Armcc.exe V5.06 update 7 (build 960)
Assembler:       Armasm.exe V5.06 update 7 (build 960)
Linker/Locator:  ArmLink.exe V5.06 update 7 (build 960)
Library Manager: ArmAr.exe V5.06 update 7 (build 960)
Hex Converter:   FromElf.exe V5.06 update 7 (build 960)
CPU DLL:         SARMCM3.DLL V5.36.0.0
Dialog DLL:      DCM.DLL V1.17.3.0
Target DLL:      STLink\ST-LINKIII-KEIL_SWO.dll V3.0.9.0
Dialog DLL:      TCM.DLL V1.53.0.0
 
<h2>Project:</h2>
D:\µ×ÅÌ×ÊÁÏ°ü\robo_elephant\MDK-ARM\New_Duolun.uvprojx
Project File Date:  09/03/2023

<h2>Output:</h2>
*** Using Compiler 'V5.06 update 7 (build 960)', folder: 'D:\keil_my\ARM\ARMCC\Bin'
Build target 'New_Duolun'
compiling freertos.c...
../Core/Inc/lj_plus.h(121): warning:  #1295-D: Deprecated declaration OP - give arg types
  void OP();
../Core/Src/freertos.c(202): warning:  #1035-D: single-precision operand implicitly converted to double-precision
  								yuntai.M3508_level += 0.00001 * SHOUBING.F_LX;
../Core/Src/freertos.c(211): warning:  #111-D: statement is unreachable
      osDelay(1);
../Core/Src/freertos.c: 3 warnings, 0 errors
compiling lj_plus.c...
../Core/Inc/lj_plus.h(121): warning:  #1295-D: Deprecated declaration OP - give arg types
  void OP();
..\Core\Src\lj_plus.c(921): warning:  #1-D: last line of file ends without a newline
  }
..\Core\Src\lj_plus.c: 2 warnings, 0 errors
linking...
Program Size: Code=46540 RO-data=1068 RW-data=496 ZI-data=25664  
FromELF: creating hex file...
"New_Duolun\New_Duolun.axf" - 0 Error(s), 5 Warning(s).

<h2>Software Packages used:</h2>

Package Vendor: ARM
                http://www.keil.com/pack/ARM.CMSIS.5.8.0.pack
                ARM.CMSIS.5.8.0
                CMSIS (Common Microcontroller Software Interface Standard)
   * Component: CORE Version: 5.5.0

Package Vendor: Keil
                http://www.keil.com/pack/Keil.STM32F4xx_DFP.2.13.0.pack
                Keil.STM32F4xx_DFP.2.13.0
                STMicroelectronics STM32F4 Series Device Support, Drivers and Examples

<h2>Collection of Component include folders:</h2>
  .\RTE\_New_Duolun
  D:\keil_my\ARM\CMSIS\5.8.0\CMSIS\Core\Include
  D:\keil_my\Keil\STM32F4xx_DFP\2.13.0\Drivers\CMSIS\Device\ST\STM32F4xx\Include

<h2>Collection of Component Files used:</h2>

   * Component: ARM::CMSIS:CORE:5.5.0
      Include file:  CMSIS\Core\Include\tz_context.h
Build Time Elapsed:  00:00:03
</pre>
</body>
</html>
